Archive member included to satisfy reference by file (symbol)

c:/program files (x86)/gnu arm embedded toolchain/10 2020-q4-major/bin/../lib/gcc/arm-none-eabi/10.2.1/../../../../arm-none-eabi/lib/thumb/v7e-m/nofp\libstdc++.a(del_ops.o)
                              Libraries/FEHIO.o (operator delete(void*, unsigned int))
c:/program files (x86)/gnu arm embedded toolchain/10 2020-q4-major/bin/../lib/gcc/arm-none-eabi/10.2.1/../../../../arm-none-eabi/lib/thumb/v7e-m/nofp\libstdc++.a(new_op.o)
                              Libraries/FEHIO.o (operator new(unsigned int))
c:/program files (x86)/gnu arm embedded toolchain/10 2020-q4-major/bin/../lib/gcc/arm-none-eabi/10.2.1/../../../../arm-none-eabi/lib/thumb/v7e-m/nofp\libstdc++.a(bad_alloc.o)
                              c:/program files (x86)/gnu arm embedded toolchain/10 2020-q4-major/bin/../lib/gcc/arm-none-eabi/10.2.1/../../../../arm-none-eabi/lib/thumb/v7e-m/nofp\libstdc++.a(new_op.o) (std::bad_alloc::~bad_alloc())
c:/program files (x86)/gnu arm embedded toolchain/10 2020-q4-major/bin/../lib/gcc/arm-none-eabi/10.2.1/../../../../arm-none-eabi/lib/thumb/v7e-m/nofp\libstdc++.a(del_op.o)
                              c:/program files (x86)/gnu arm embedded toolchain/10 2020-q4-major/bin/../lib/gcc/arm-none-eabi/10.2.1/../../../../arm-none-eabi/lib/thumb/v7e-m/nofp\libstdc++.a(del_ops.o) (operator delete(void*))
c:/program files (x86)/gnu arm embedded toolchain/10 2020-q4-major/bin/../lib/gcc/arm-none-eabi/10.2.1/../../../../arm-none-eabi/lib/thumb/v7e-m/nofp\libstdc++.a(eh_alloc.o)
                              c:/program files (x86)/gnu arm embedded toolchain/10 2020-q4-major/bin/../lib/gcc/arm-none-eabi/10.2.1/../../../../arm-none-eabi/lib/thumb/v7e-m/nofp\libstdc++.a(new_op.o) (__cxa_allocate_exception)
c:/program files (x86)/gnu arm embedded toolchain/10 2020-q4-major/bin/../lib/gcc/arm-none-eabi/10.2.1/../../../../arm-none-eabi/lib/thumb/v7e-m/nofp\libstdc++.a(eh_exception.o)
                              c:/program files (x86)/gnu arm embedded toolchain/10 2020-q4-major/bin/../lib/gcc/arm-none-eabi/10.2.1/../../../../arm-none-eabi/lib/thumb/v7e-m/nofp\libstdc++.a(bad_alloc.o) (std::exception::~exception())
c:/program files (x86)/gnu arm embedded toolchain/10 2020-q4-major/bin/../lib/gcc/arm-none-eabi/10.2.1/../../../../arm-none-eabi/lib/thumb/v7e-m/nofp\libstdc++.a(eh_terminate.o)
                              c:/program files (x86)/gnu arm embedded toolchain/10 2020-q4-major/bin/../lib/gcc/arm-none-eabi/10.2.1/../../../../arm-none-eabi/lib/thumb/v7e-m/nofp\libstdc++.a(eh_alloc.o) (std::terminate())
c:/program files (x86)/gnu arm embedded toolchain/10 2020-q4-major/bin/../lib/gcc/arm-none-eabi/10.2.1/../../../../arm-none-eabi/lib/thumb/v7e-m/nofp\libstdc++.a(eh_throw.o)
                              c:/program files (x86)/gnu arm embedded toolchain/10 2020-q4-major/bin/../lib/gcc/arm-none-eabi/10.2.1/../../../../arm-none-eabi/lib/thumb/v7e-m/nofp\libstdc++.a(new_op.o) (__cxa_throw)
c:/program files (x86)/gnu arm embedded toolchain/10 2020-q4-major/bin/../lib/gcc/arm-none-eabi/10.2.1/../../../../arm-none-eabi/lib/thumb/v7e-m/nofp\libstdc++.a(eh_unex_handler.o)
                              c:/program files (x86)/gnu arm embedded toolchain/10 2020-q4-major/bin/../lib/gcc/arm-none-eabi/10.2.1/../../../../arm-none-eabi/lib/thumb/v7e-m/nofp\libstdc++.a(eh_terminate.o) (__cxxabiv1::__unexpected_handler)
c:/program files (x86)/gnu arm embedded toolchain/10 2020-q4-major/bin/../lib/gcc/arm-none-eabi/10.2.1/../../../../arm-none-eabi/lib/thumb/v7e-m/nofp\libstdc++.a(new_handler.o)
                              c:/program files (x86)/gnu arm embedded toolchain/10 2020-q4-major/bin/../lib/gcc/arm-none-eabi/10.2.1/../../../../arm-none-eabi/lib/thumb/v7e-m/nofp\libstdc++.a(new_op.o) (std::get_new_handler())
c:/program files (x86)/gnu arm embedded toolchain/10 2020-q4-major/bin/../lib/gcc/arm-none-eabi/10.2.1/../../../../arm-none-eabi/lib/thumb/v7e-m/nofp\libstdc++.a(pure.o)
                              c:/program files (x86)/gnu arm embedded toolchain/10 2020-q4-major/bin/../lib/gcc/arm-none-eabi/10.2.1/../../../../arm-none-eabi/lib/thumb/v7e-m/nofp\libstdc++.a(eh_exception.o) (__cxa_pure_virtual)
c:/program files (x86)/gnu arm embedded toolchain/10 2020-q4-major/bin/../lib/gcc/arm-none-eabi/10.2.1/../../../../arm-none-eabi/lib/thumb/v7e-m/nofp\libstdc++.a(si_class_type_info.o)
                              c:/program files (x86)/gnu arm embedded toolchain/10 2020-q4-major/bin/../lib/gcc/arm-none-eabi/10.2.1/../../../../arm-none-eabi/lib/thumb/v7e-m/nofp\libstdc++.a(bad_alloc.o) (vtable for __cxxabiv1::__si_class_type_info)
c:/program files (x86)/gnu arm embedded toolchain/10 2020-q4-major/bin/../lib/gcc/arm-none-eabi/10.2.1/../../../../arm-none-eabi/lib/thumb/v7e-m/nofp\libstdc++.a(tinfo.o)
[...]
Memory Configuration

Name             Origin             Length             Attributes
PROGRAM_FLASH    0x0000c000         0x00073c00         xr
SRAM_UPPER       0x20000000         0x00010000         xrw
SRAM_LOWER       0x1fff0000         0x00010000         xrw
*default*        0x00000000         0xffffffff

Linker script and memory map

LOAD c:/program files (x86)/gnu arm embedded toolchain/10 2020-q4-major/bin/../lib/gcc/arm-none-eabi/10.2.1/thumb/v7e-m/nofp/crti.o
LOAD c:/program files (x86)/gnu arm embedded toolchain/10 2020-q4-major/bin/../lib/gcc/arm-none-eabi/10.2.1/thumb/v7e-m/nofp/crtbegin.o
LOAD c:/program files (x86)/gnu arm embedded toolchain/10 2020-q4-major/bin/../lib/gcc/arm-none-eabi/10.2.1/../../../../arm-none-eabi/lib/thumb/v7e-m/nofp/crt0.o
LOAD ../main.o
LOAD Startup/startup_mk60d10.o
LOAD Libraries/FEHMotor.o
LOAD Drivers/mcg.o
LOAD Drivers/i2c.o
LOAD Drivers/spi.o
LOAD Drivers/uart.o
LOAD Drivers/ff.o
LOAD Drivers/SDHC.o
LOAD Drivers/lptmr.o
LOAD FEHProteus.o
LOAD Drivers/FEHPropeller.o
LOAD Libraries/FEHUtility.o
LOAD Libraries/FEHIO.o
LOAD Drivers/adc16.o
LOAD Libraries/FEHBuzzer.o
LOAD Libraries/FEHServo.o
LOAD Libraries/FEHLCD.o
LOAD Libraries/FEHAccel.o
LOAD Libraries/FEHBattery.o
LOAD Drivers/FEHXBee.o
LOAD Libraries/FEHRPS.o
LOAD Libraries/FEHSD.o
LOAD Libraries/FEHRandom.o
LOAD c:/program files (x86)/gnu arm embedded toolchain/10 2020-q4-major/bin/../lib/gcc/arm-none-eabi/10.2.1/../../../../arm-none-eabi/lib/thumb/v7e-m/nofp\libstdc++.a
LOAD c:/program files (x86)/gnu arm embedded toolchain/10 2020-q4-major/bin/../lib/gcc/arm-none-eabi/10.2.1/../../../../arm-none-eabi/lib/thumb/v7e-m/nofp\libm.a
START GROUP
LOAD c:/program files (x86)/gnu arm embedded toolchain/10 2020-q4-major/bin/../lib/gcc/arm-none-eabi/10.2.1/thumb/v7e-m/nofp\libgcc.a
LOAD c:/program files (x86)/gnu arm embedded toolchain/10 2020-q4-major/bin/../lib/gcc/arm-none-eabi/10.2.1/../../../../arm-none-eabi/lib/thumb/v7e-m/nofp\libg.a
LOAD c:/program files (x86)/gnu arm embedded toolchain/10 2020-q4-major/bin/../lib/gcc/arm-none-eabi/10.2.1/../../../../arm-none-eabi/lib/thumb/v7e-m/nofp\libc.a
END GROUP
START GROUP
LOAD c:/program files (x86)/gnu arm embedded toolchain/10 2020-q4-major/bin/../lib/gcc/arm-none-eabi/10.2.1/thumb/v7e-m/nofp\libgcc.a
LOAD c:/program files (x86)/gnu arm embedded toolchain/10 2020-q4-major/bin/../lib/gcc/arm-none-eabi/10.2.1/../../../../arm-none-eabi/lib/thumb/v7e-m/nofp\libc.a
LOAD c:/program files (x86)/gnu arm embedded toolchain/10 2020-q4-major/bin/../lib/gcc/arm-none-eabi/10.2.1/../../../../arm-none-eabi/lib/thumb/v7e-m/nofp\libnosys.a
END GROUP
LOAD c:/program files (x86)/gnu arm embedded toolchain/10 2020-q4-major/bin/../lib/gcc/arm-none-eabi/10.2.1/thumb/v7e-m/nofp/crtend.o
LOAD c:/program files (x86)/gnu arm embedded toolchain/10 2020-q4-major/bin/../lib/gcc/arm-none-eabi/10.2.1/thumb/v7e-m/nofp/crtn.o
                0x0000c000                __base_PROGRAM_FLASH = 0xc000
                0x0000c000                __base_Flash = 0xc000
                0x0007fc00                __top_PROGRAM_FLASH = 0x7fc00
                0x0007fc00                __top_Flash = 0x7fc00
                0x20000000                __base_SRAM_UPPER = 0x20000000
                0x20000000                __base_RAM = 0x20000000
                0x20010000                __top_SRAM_UPPER = 0x20010000
                0x20010000                __top_RAM = 0x20010000
                0x1fff0000                __base_SRAM_LOWER = 0x1fff0000
                0x1fff0000                __base_RAM2 = 0x1fff0000
                0x20000000                __top_SRAM_LOWER = 0x20000000
                0x20000000                __top_RAM2 = 0x20000000

.text           0x0000c000    0x1c450
 FILL mask 0xff
                0x0000c000                __vectors_start__ = ABSOLUTE (.)
 *(.isr_vector)
 .isr_vector    0x0000c000      0x1bc Startup/startup_mk60d10.o
                0x0000c000                g_pfnVectors
                0x0000c000                __Vectors
                0x0000c1bc                . = ALIGN (0x4)
                0x0000c1bc                __section_table_start = .
                0x0000c1bc                __data_section_table = .
                0x0000c1bc        0x4 LONG 0x286d0 LOADADDR (.data)
                0x0000c1c0        0x4 LONG 0x20000000 ADDR (.data)
                0x0000c1c4        0x4 LONG 0x16e0 SIZEOF (.data)
                0x0000c1c8        0x4 LONG 0x286d0 LOADADDR (.data_RAM2)
                0x0000c1cc        0x4 LONG 0x1fff0000 ADDR (.data_RAM2)
                0x0000c1d0        0x4 LONG 0x0 SIZEOF (.data_RAM2)
                0x0000c1d4                __data_section_table_end = .
                0x0000c1d4                __bss_section_table = .
                0x0000c1d4        0x4 LONG 0x200016e0 ADDR (.bss)
                0x0000c1d8        0x4 LONG 0x6ec SIZEOF (.bss)
                0x0000c1dc        0x4 LONG 0x1fff0000 ADDR (.bss_RAM2)
                0x0000c1e0        0x4 LONG 0x0 SIZEOF (.bss_RAM2)
                0x0000c1e4                __bss_section_table_end = .
                0x0000c1e4                __section_table_end = .
 *(.after_vectors*)
 .after_vectors.init_data
                0x0000c1e4       0x42 Startup/startup_mk60d10.o
                0x0000c1e4                data_init(unsigned int, unsigned int, unsigned int)
 .after_vectors.init_bss
                0x0000c226       0x36 Startup/startup_mk60d10.o
                0x0000c226                bss_init(unsigned int, unsigned int)
 .after_vectors.reset
                0x0000c25c       0xb4 Startup/startup_mk60d10.o
                0x0000c25c                ResetISR
 .after_vectors
                0x0000c310       0x3c Startup/startup_mk60d10.o
                0x0000c310                NMI_Handler
                0x0000c316                HardFault_Handler
                0x0000c31c                MemManage_Handler
                0x0000c322                BusFault_Handler
                0x0000c328                UsageFault_Handler
                0x0000c32e                SVC_Handler
                0x0000c334                DebugMon_Handler
                0x0000c33a                PendSV_Handler
                0x0000c340                SysTick_Handler
                0x0000c346                DMA_Error_DriverIRQHandler
                0x0000c346                LPTMR0_DriverIRQHandler
                0x0000c346                FTM1_DriverIRQHandler
                0x0000c346                FTM2_DriverIRQHandler
                0x0000c346                PIT2_DriverIRQHandler
                0x0000c346                SDHC_DriverIRQHandler
                0x0000c346                I2S0_Tx_DriverIRQHandler
                0x0000c346                TSI0_DriverIRQHandler
                0x0000c346                RTC_Seconds_DriverIRQHandler
                0x0000c346                Reserved109_DriverIRQHandler
                0x0000c346                DMA6_DriverIRQHandler
                0x0000c346                LLWU_DriverIRQHandler
                0x0000c346                MCM_DriverIRQHandler
                0x0000c346                MCG_DriverIRQHandler
                0x0000c346                ENET_1588_Timer_DriverIRQHandler
                0x0000c346                DAC1_DriverIRQHandler
                0x0000c346                SPI1_DriverIRQHandler
                0x0000c346                CMP1_DriverIRQHandler
                0x0000c346                UART5_RX_TX_DriverIRQHandler
                0x0000c346                FTM0_DriverIRQHandler
                0x0000c346                IntDefaultHandler
                0x0000c346                USB0_DriverIRQHandler
                0x0000c346                UART5_ERR_DriverIRQHandler
                0x0000c346                DMA11_DriverIRQHandler
                0x0000c346                DAC0_DriverIRQHandler
                0x0000c346                DMA10_DriverIRQHandler
                0x0000c346                CMP2_DriverIRQHandler
                0x0000c346                UART2_ERR_DriverIRQHandler
                0x0000c346                SPI2_DriverIRQHandler
                0x0000c346                LVD_LVW_DriverIRQHandler
                0x0000c346                RNG_DriverIRQHandler
                0x0000c346                DMA12_DriverIRQHandler
                0x0000c346                DMA4_DriverIRQHandler
                0x0000c346                UART2_RX_TX_DriverIRQHandler
                0x0000c346                USBDCD_DriverIRQHandler
                0x0000c346                UART3_ERR_DriverIRQHandler
                0x0000c346                DMA3_DriverIRQHandler
                0x0000c346                DMA8_DriverIRQHandler
                0x0000c346                DMA9_DriverIRQHandler
                0x0000c346                UART0_ERR_DriverIRQHandler
                0x0000c346                CMT_DriverIRQHandler
                0x0000c346                ADC1_DriverIRQHandler
                0x0000c346                DMA14_DriverIRQHandler
                0x0000c346                PIT3_DriverIRQHandler
                0x0000c346                PIT1_DriverIRQHandler
                0x0000c346                WDOG_EWM_DriverIRQHandler
                0x0000c346                PDB0_DriverIRQHandler
                0x0000c346                Reserved95_DriverIRQHandler
                0x0000c346                RTC_DriverIRQHandler
                0x0000c346                I2S0_Rx_DriverIRQHandler
                0x0000c346                Read_Collision_DriverIRQHandler
                0x0000c346                SWI_DriverIRQHandler
                0x0000c346                UART4_RX_TX_DriverIRQHandler
                0x0000c346                UART4_ERR_DriverIRQHandler
                0x0000c346                DMA0_DriverIRQHandler
                0x0000c346                UART0_LON_DriverIRQHandler
                0x0000c346                Reserved102_DriverIRQHandler
                0x0000c346                DMA1_DriverIRQHandler
                0x0000c346                I2C1_DriverIRQHandler
                0x0000c346                UART3_RX_TX_DriverIRQHandler
                0x0000c346                ENET_Receive_DriverIRQHandler
                0x0000c346                DMA13_DriverIRQHandler
                0x0000c346                ENET_Error_DriverIRQHandler
                0x0000c346                DMA15_DriverIRQHandler
                0x0000c346                SPI0_DriverIRQHandler
                0x0000c346                ADC0_DriverIRQHandler
                0x0000c346                FTFL_DriverIRQHandler
                0x0000c346                CMP0_DriverIRQHandler
                0x0000c346                CAN0_DriverIRQHandler
                0x0000c346                Reserved59_DriverIRQHandler
                0x0000c346                DMA5_DriverIRQHandler
                0x0000c346                UART1_ERR_DriverIRQHandler
                0x0000c346                DMA2_DriverIRQHandler
                0x0000c346                ENET_Transmit_DriverIRQHandler
                0x0000c346                I2C0_DriverIRQHandler
                0x0000c346                CAN1_DriverIRQHandler
                0x0000c346                DMA7_DriverIRQHandler
                0x0000c346                UART1_RX_TX_DriverIRQHandler
                0x0000c346                Reserved108_DriverIRQHandler
                0x00000400                . = 0x400
 *fill*         0x0000c34c       0xb4 ff
                0x0000c400                PROVIDE (__FLASH_CONFIG_START__ = .)
 *(.FlashConfig)
 .FlashConfig   0x0000c400       0x10 Startup/startup_mk60d10.o
                0x0000c410                PROVIDE (__FLASH_CONFIG_END__ = .)
                0x00000001                ASSERT (! ((__FLASH_CONFIG_START__ == __FLASH_CONFIG_END__)), Linker Flash Config Support Enabled, but no .FlashConfig section provided within application)
 *(.text*)
 .text          0x0000c410       0x40 c:/program files (x86)/gnu arm embedded toolchain/10 2020-q4-major/bin/../lib/gcc/arm-none-eabi/10.2.1/thumb/v7e-m/nofp/crtbegin.o
 .text._ZSt3absf
                0x0000c450       0x18 ../main.o
                0x0000c450                std::abs(float)
 .text._ZSt4atanf
                0x0000c468       0x18 ../main.o
                0x0000c468                std::atan(float)
 .text._ZSt4sqrtf
                0x0000c480       0x18 ../main.o
                0x0000c480                std::sqrt(float)
 .text._ZN6MotionC2Ei
                0x0000c498       0x34 ../main.o
                0x0000c498                Motion::Motion(int)
                0x0000c498                Motion::Motion(int)
 .text._ZN6Motion12driveForwardEfb
                0x0000c4cc      0x324 ../main.o
                0x0000c4cc                Motion::driveForward(float, bool)
 .text._ZN6Motion14driveBackwardsEf
                0x0000c7f0      0x160 ../main.o
                0x0000c7f0                Motion::driveBackwards(float)
 .text._ZN6Motion4turnEfb
                0x0000c950      0x198 ../main.o
                0x0000c950                Motion::turn(float, bool)
 .text._ZN6Motion8travelToEffP7FEHFile
                0x0000cae8      0x528 ../main.o
                0x0000cae8                Motion::travelTo(float, float, FEHFile*)
 .text._Z13getLightColorv
                0x0000d010       0x78 ../main.o
                0x0000d010                getLightColor()
 .text.main     0x0000d088      0x3e4 ../main.o
                0x0000d088                main
 .text._Z41__static_initialization_and_destruction_0ii
                0x0000d46c       0xa4 ../main.o
 .text._GLOBAL__sub_I_LEFTPERCENT
                0x0000d510       0x10 ../main.o
 .text.PORTD_IRQHandler
                0x0000d520       0x50 Startup/startup_mk60d10.o
                0x0000d520                PORTD_IRQHandler
 .text._Z15InitPowerButtonv
                0x0000d570       0x60 Startup/startup_mk60d10.o
                0x0000d570                InitPowerButton()
 .text._ZL11pll_init_blv
                0x0000d5d0       0xe0 Startup/startup_mk60d10.o
 .text._Z14InitFEHProteusv
                0x0000d6b0       0xec Startup/startup_mk60d10.o
                0x0000d6b0                InitFEHProteus()
 .text.DMA0_IRQHandler
                0x0000d79c        0xc Startup/startup_mk60d10.o
                0x0000d79c                DMA0_IRQHandler
 .text.DMA1_IRQHandler
                0x0000d7a8        0xc Startup/startup_mk60d10.o
                0x0000d7a8                DMA1_IRQHandler
 .text.DMA2_IRQHandler
                0x0000d7b4        0xc Startup/startup_mk60d10.o
                0x0000d7b4                DMA2_IRQHandler
 .text.DMA3_IRQHandler
                0x0000d7c0        0xc Startup/startup_mk60d10.o
                0x0000d7c0                DMA3_IRQHandler
 .text.DMA4_IRQHandler
                0x0000d7cc        0xc Startup/startup_mk60d10.o
                0x0000d7cc                DMA4_IRQHandler
 .text.DMA5_IRQHandler
                0x0000d7d8        0xc Startup/startup_mk60d10.o
                0x0000d7d8                DMA5_IRQHandler
 .text.DMA6_IRQHandler
                0x0000d7e4        0xc Startup/startup_mk60d10.o
                0x0000d7e4                DMA6_IRQHandler
 .text.DMA7_IRQHandler
                0x0000d7f0        0xc Startup/startup_mk60d10.o
                0x0000d7f0                DMA7_IRQHandler
 .text.DMA8_IRQHandler
                0x0000d7fc        0xc Startup/startup_mk60d10.o
                0x0000d7fc                DMA8_IRQHandler
 .text.DMA9_IRQHandler
                0x0000d808        0xc Startup/startup_mk60d10.o
                0x0000d808                DMA9_IRQHandler
 .text.DMA10_IRQHandler
                0x0000d814        0xc Startup/startup_mk60d10.o
                0x0000d814                DMA10_IRQHandler
 .text.DMA11_IRQHandler
                0x0000d820        0xc Startup/startup_mk60d10.o
                0x0000d820                DMA11_IRQHandler
 .text.DMA12_IRQHandler
                0x0000d82c        0xc Startup/startup_mk60d10.o
                0x0000d82c                DMA12_IRQHandler
 .text.DMA13_IRQHandler
                0x0000d838        0xc Startup/startup_mk60d10.o
                0x0000d838                DMA13_IRQHandler
 .text.DMA14_IRQHandler
                0x0000d844        0xc Startup/startup_mk60d10.o
                0x0000d844                DMA14_IRQHandler
 .text.DMA15_IRQHandler
                0x0000d850        0xc Startup/startup_mk60d10.o
                0x0000d850                DMA15_IRQHandler
 .text.DMA_Error_IRQHandler
                0x0000d85c        0xc Startup/startup_mk60d10.o
                0x0000d85c                DMA_Error_IRQHandler
 .text.MCM_IRQHandler
                0x0000d868        0xc Startup/startup_mk60d10.o
                0x0000d868                MCM_IRQHandler
 .text.FTFL_IRQHandler
                0x0000d874        0xc Startup/startup_mk60d10.o
                0x0000d874                FTFL_IRQHandler
 .text.Read_Collision_IRQHandler
                0x0000d880        0xc Startup/startup_mk60d10.o
                0x0000d880                Read_Collision_IRQHandler
 .text.LVD_LVW_IRQHandler
                0x0000d88c        0xc Startup/startup_mk60d10.o
                0x0000d88c                LVD_LVW_IRQHandler
 .text.LLWU_IRQHandler
                0x0000d898        0xc Startup/startup_mk60d10.o
                0x0000d898                LLWU_IRQHandler
 .text.WDOG_EWM_IRQHandler
                0x0000d8a4        0xc Startup/startup_mk60d10.o
                0x0000d8a4                WDOG_EWM_IRQHandler
 .text.RNG_IRQHandler
                0x0000d8b0        0xc Startup/startup_mk60d10.o
                0x0000d8b0                RNG_IRQHandler
 .text.I2C0_IRQHandler
                0x0000d8bc        0xc Startup/startup_mk60d10.o
                0x0000d8bc                I2C0_IRQHandler
 .text.I2C1_IRQHandler
                0x0000d8c8        0xc Startup/startup_mk60d10.o
                0x0000d8c8                I2C1_IRQHandler
 .text.SPI0_IRQHandler
                0x0000d8d4        0xc Startup/startup_mk60d10.o
                0x0000d8d4                SPI0_IRQHandler
 .text.SPI1_IRQHandler
                0x0000d8e0        0xc Startup/startup_mk60d10.o
                0x0000d8e0                SPI1_IRQHandler
 .text.SPI2_IRQHandler
                0x0000d8ec        0xc Startup/startup_mk60d10.o
                0x0000d8ec                SPI2_IRQHandler
 .text.CAN0_ORed_Message_buffer_IRQHandler
                0x0000d8f8        0xc Startup/startup_mk60d10.o
                0x0000d8f8                CAN0_ORed_Message_buffer_IRQHandler
 .text.CAN0_Bus_Off_IRQHandler
                0x0000d904        0xc Startup/startup_mk60d10.o
                0x0000d904                CAN0_Bus_Off_IRQHandler
 .text.CAN0_Error_IRQHandler
                0x0000d910        0xc Startup/startup_mk60d10.o
                0x0000d910                CAN0_Error_IRQHandler
 .text.CAN0_Tx_Warning_IRQHandler
                0x0000d91c        0xc Startup/startup_mk60d10.o
                0x0000d91c                CAN0_Tx_Warning_IRQHandler
 .text.CAN0_Rx_Warning_IRQHandler
                0x0000d928        0xc Startup/startup_mk60d10.o
                0x0000d928                CAN0_Rx_Warning_IRQHandler
 .text.CAN0_Wake_Up_IRQHandler
                0x0000d934        0xc Startup/startup_mk60d10.o
                0x0000d934                CAN0_Wake_Up_IRQHandler
 .text.I2S0_Tx_IRQHandler
                0x0000d940        0xc Startup/startup_mk60d10.o
                0x0000d940                I2S0_Tx_IRQHandler
 .text.I2S0_Rx_IRQHandler
                0x0000d94c        0xc Startup/startup_mk60d10.o
                0x0000d94c                I2S0_Rx_IRQHandler
 .text.CAN1_ORed_Message_buffer_IRQHandler
                0x0000d958        0xc Startup/startup_mk60d10.o
                0x0000d958                CAN1_ORed_Message_buffer_IRQHandler
 .text.CAN1_Bus_Off_IRQHandler
                0x0000d964        0xc Startup/startup_mk60d10.o
                0x0000d964                CAN1_Bus_Off_IRQHandler
 .text.CAN1_Error_IRQHandler
                0x0000d970        0xc Startup/startup_mk60d10.o
                0x0000d970                CAN1_Error_IRQHandler
 .text.CAN1_Tx_Warning_IRQHandler
                0x0000d97c        0xc Startup/startup_mk60d10.o
                0x0000d97c                CAN1_Tx_Warning_IRQHandler
 .text.CAN1_Rx_Warning_IRQHandler
                0x0000d988        0xc Startup/startup_mk60d10.o
                0x0000d988                CAN1_Rx_Warning_IRQHandler
 .text.CAN1_Wake_Up_IRQHandler
                0x0000d994        0xc Startup/startup_mk60d10.o
                0x0000d994                CAN1_Wake_Up_IRQHandler
 .text.Reserved59_IRQHandler
                0x0000d9a0        0xc Startup/startup_mk60d10.o
                0x0000d9a0                Reserved59_IRQHandler
 .text.UART0_LON_IRQHandler
                0x0000d9ac        0xc Startup/startup_mk60d10.o
                0x0000d9ac                UART0_LON_IRQHandler
 .text.UART0_ERR_IRQHandler
                0x0000d9b8        0xc Startup/startup_mk60d10.o
                0x0000d9b8                UART0_ERR_IRQHandler
 .text.UART1_RX_TX_IRQHandler
                0x0000d9c4        0xc Startup/startup_mk60d10.o
                0x0000d9c4                UART1_RX_TX_IRQHandler
 .text.UART1_ERR_IRQHandler
                0x0000d9d0        0xc Startup/startup_mk60d10.o
                0x0000d9d0                UART1_ERR_IRQHandler
 .text.UART2_RX_TX_IRQHandler
                0x0000d9dc        0xc Startup/startup_mk60d10.o
                0x0000d9dc                UART2_RX_TX_IRQHandler
 .text.UART2_ERR_IRQHandler
                0x0000d9e8        0xc Startup/startup_mk60d10.o
                0x0000d9e8                UART2_ERR_IRQHandler
 .text.UART3_RX_TX_IRQHandler
                0x0000d9f4        0xc Startup/startup_mk60d10.o
                0x0000d9f4                UART3_RX_TX_IRQHandler
 .text.UART3_ERR_IRQHandler
                0x0000da00        0xc Startup/startup_mk60d10.o
                0x0000da00                UART3_ERR_IRQHandler
 .text.UART4_RX_TX_IRQHandler
                0x0000da0c        0xc Startup/startup_mk60d10.o
                0x0000da0c                UART4_RX_TX_IRQHandler
 .text.UART4_ERR_IRQHandler
                0x0000da18        0xc Startup/startup_mk60d10.o
                0x0000da18                UART4_ERR_IRQHandler
 .text.UART5_RX_TX_IRQHandler
                0x0000da24        0xc Startup/startup_mk60d10.o
                0x0000da24                UART5_RX_TX_IRQHandler
 .text.UART5_ERR_IRQHandler
                0x0000da30        0xc Startup/startup_mk60d10.o
                0x0000da30                UART5_ERR_IRQHandler
 .text.ADC0_IRQHandler
                0x0000da3c        0xc Startup/startup_mk60d10.o
                0x0000da3c                ADC0_IRQHandler
 .text.ADC1_IRQHandler
                0x0000da48        0xc Startup/startup_mk60d10.o
                0x0000da48                ADC1_IRQHandler
 .text.CMP0_IRQHandler
                0x0000da54        0xc Startup/startup_mk60d10.o
                0x0000da54                CMP0_IRQHandler
 .text.CMP1_IRQHandler
                0x0000da60        0xc Startup/startup_mk60d10.o
                0x0000da60                CMP1_IRQHandler
 .text.CMP2_IRQHandler
                0x0000da6c        0xc Startup/startup_mk60d10.o
                0x0000da6c                CMP2_IRQHandler
 .text.FTM0_IRQHandler
                0x0000da78        0xc Startup/startup_mk60d10.o
                0x0000da78                FTM0_IRQHandler
 .text.FTM1_IRQHandler
                0x0000da84        0xc Startup/startup_mk60d10.o
                0x0000da84                FTM1_IRQHandler
 .text.FTM2_IRQHandler
                0x0000da90        0xc Startup/startup_mk60d10.o
                0x0000da90                FTM2_IRQHandler
 .text.CMT_IRQHandler
                0x0000da9c        0xc Startup/startup_mk60d10.o
                0x0000da9c                CMT_IRQHandler
 .text.RTC_IRQHandler
                0x0000daa8        0xc Startup/startup_mk60d10.o
                0x0000daa8                RTC_IRQHandler
 .text.RTC_Seconds_IRQHandler
                0x0000dab4        0xc Startup/startup_mk60d10.o
                0x0000dab4                RTC_Seconds_IRQHandler
 .text.PIT1_IRQHandler
                0x0000dac0        0xc Startup/startup_mk60d10.o
                0x0000dac0                PIT1_IRQHandler
 .text.PIT2_IRQHandler
                0x0000dacc        0xc Startup/startup_mk60d10.o
                0x0000dacc                PIT2_IRQHandler
 .text.PIT3_IRQHandler
                0x0000dad8        0xc Startup/startup_mk60d10.o
                0x0000dad8                PIT3_IRQHandler
 .text.PDB0_IRQHandler
                0x0000dae4        0xc Startup/startup_mk60d10.o
                0x0000dae4                PDB0_IRQHandler
 .text.USB0_IRQHandler
                0x0000daf0        0xc Startup/startup_mk60d10.o
                0x0000daf0                USB0_IRQHandler
 .text.USBDCD_IRQHandler
                0x0000dafc        0xc Startup/startup_mk60d10.o
                0x0000dafc                USBDCD_IRQHandler
 .text.ENET_1588_Timer_IRQHandler
                0x0000db08        0xc Startup/startup_mk60d10.o
                0x0000db08                ENET_1588_Timer_IRQHandler
 .text.ENET_Transmit_IRQHandler
                0x0000db14        0xc Startup/startup_mk60d10.o
                0x0000db14                ENET_Transmit_IRQHandler
 .text.ENET_Receive_IRQHandler
                0x0000db20        0xc Startup/startup_mk60d10.o
                0x0000db20                ENET_Receive_IRQHandler
 .text.ENET_Error_IRQHandler
                0x0000db2c        0xc Startup/startup_mk60d10.o
                0x0000db2c                ENET_Error_IRQHandler
 .text.Reserved95_IRQHandler
                0x0000db38        0xc Startup/startup_mk60d10.o
                0x0000db38                Reserved95_IRQHandler
 .text.SDHC_IRQHandler
                0x0000db44        0xc Startup/startup_mk60d10.o
                0x0000db44                SDHC_IRQHandler
 .text.DAC0_IRQHandler
                0x0000db50        0xc Startup/startup_mk60d10.o
                0x0000db50                DAC0_IRQHandler
 .text.DAC1_IRQHandler
                0x0000db5c        0xc Startup/startup_mk60d10.o
                0x0000db5c                DAC1_IRQHandler
 .text.TSI0_IRQHandler
                0x0000db68        0xc Startup/startup_mk60d10.o
                0x0000db68                TSI0_IRQHandler
 .text.MCG_IRQHandler
                0x0000db74        0xc Startup/startup_mk60d10.o
                0x0000db74                MCG_IRQHandler
 .text.LPTMR0_IRQHandler
                0x0000db80        0xc Startup/startup_mk60d10.o
                0x0000db80                LPTMR0_IRQHandler
 .text.Reserved102_IRQHandler
                0x0000db8c        0xc Startup/startup_mk60d10.o
                0x0000db8c                Reserved102_IRQHandler
 .text.Reserved108_IRQHandler
                0x0000db98        0xc Startup/startup_mk60d10.o
                0x0000db98                Reserved108_IRQHandler
 .text.Reserved109_IRQHandler
                0x0000dba4        0xc Startup/startup_mk60d10.o
                0x0000dba4                Reserved109_IRQHandler
 .text.SWI_IRQHandler
                0x0000dbb0        0xc Startup/startup_mk60d10.o
                0x0000dbb0                SWI_IRQHandler
 *fill*         0x0000dbbc        0x4 ff
 .text._ZN8FEHMotorC2ENS_12FEHMotorPortEf
                0x0000dbc0       0x7c Libraries/FEHMotor.o
                0x0000dbc0                FEHMotor::FEHMotor(FEHMotor::FEHMotorPort, float)
                0x0000dbc0                FEHMotor::FEHMotor(FEHMotor::FEHMotorPort, float)
 .text._ZN8FEHMotor4StopEv
                0x0000dc3c       0x30 Libraries/FEHMotor.o
                0x0000dc3c                FEHMotor::Stop()
 .text._ZN8FEHMotor8SetPowerEi
                0x0000dc6c       0x54 Libraries/FEHMotor.o
                0x0000dc6c                FEHMotor::SetPower(int)
 .text._ZN8FEHMotor10SetPercentEf
                0x0000dcc0       0xf8 Libraries/FEHMotor.o
                0x0000dcc0                FEHMotor::SetPercent(float)
 .text._Z21IIC_StartTransmissionhh
                0x0000ddb8       0x6c Drivers/i2c.o
                0x0000ddb8                IIC_StartTransmission(unsigned char, unsigned char)
 .text._Z5Pausev
                0x0000de24       0x24 Drivers/i2c.o
                0x0000de24                Pause()
 .text._Z21MMA8451QWriteRegisterhh
                0x0000de48       0x68 Drivers/i2c.o
                0x0000de48                MMA8451QWriteRegister(unsigned char, unsigned char)
 .text._Z8i2c_Waitv
                0x0000deb0       0x6c Drivers/i2c.o
                0x0000deb0                i2c_Wait()
 .text._Z12SPI_SendCharh
                0x0000df1c       0x1a Drivers/spi.o
                0x0000df1c                SPI_SendChar(unsigned char)
 .text._Z16SPI_WriteCommandhh
                0x0000df36       0x34 Drivers/spi.o
                0x0000df36                SPI_WriteCommand(unsigned char, unsigned char)
 .text._Z11SPI_GetCharv
                0x0000df6a       0x10 Drivers/spi.o
                0x0000df6a                SPI_GetChar()
 .text._Z15SPI_ReadCommandh
                0x0000df7a       0x38 Drivers/spi.o
                0x0000df7a                SPI_ReadCommand(unsigned char)
 *fill*         0x0000dfb2        0x2 ff
 .text._Z13SPI_CS_Assertv
                0x0000dfb4       0x1c Drivers/spi.o
                0x0000dfb4                SPI_CS_Assert()
 .text._Z15SPI_CS_Deassertv
                0x0000dfd0       0x1c Drivers/spi.o
                0x0000dfd0                SPI_CS_Deassert()
 .text._Z12SPI_Transferh
                0x0000dfec       0x6c Drivers/spi.o
                0x0000dfec                SPI_Transfer(unsigned char)
 .text._Z8SPI_Initv
                0x0000e058       0xa0 Drivers/spi.o
                0x0000e058                SPI_Init()
 .text._Z9uart_initPV11UART_MemMapii
                0x0000e0f8      0x174 Drivers/uart.o
                0x0000e0f8                uart_init(UART_MemMap volatile*, int, int)
 .text._Z12uart_getcharPV11UART_MemMap
                0x0000e26c       0x32 Drivers/uart.o
                0x0000e26c                uart_getchar(UART_MemMap volatile*)
 .text._Z12uart_putcharPV11UART_MemMapc
                0x0000e29e       0x32 Drivers/uart.o
                0x0000e29e                uart_putchar(UART_MemMap volatile*, char)
 .text._ZL7mem_cpyPvPKvj
                0x0000e2d0       0x44 Drivers/ff.o
 .text._ZL7mem_setPvij
                0x0000e314       0x3c Drivers/ff.o
 .text._ZL7mem_cmpPKvS0_j
                0x0000e350       0x56 Drivers/ff.o
 .text._ZL7chk_chrPKci
                0x0000e3a6       0x34 Drivers/ff.o
 .text._ZL11move_windowP5FATFSm
                0x0000e3da       0xc8 Drivers/ff.o
 .text._ZL4syncP5FATFS
                0x0000e4a2      0x14c Drivers/ff.o
 .text._Z10clust2sectP5FATFSm
                0x0000e5ee       0x3c Drivers/ff.o
                0x0000e5ee                clust2sect(FATFS*, unsigned long)
 .text._Z7get_fatP5FATFSm
                0x0000e62a      0x192 Drivers/ff.o
                0x0000e62a                get_fat(FATFS*, unsigned long)
 .text._Z7put_fatP5FATFSmm
                0x0000e7bc      0x20a Drivers/ff.o
                0x0000e7bc                put_fat(FATFS*, unsigned long, unsigned long)
 .text._ZL12remove_chainP5FATFSm
                0x0000e9c6       0x9c Drivers/ff.o
 .text._ZL12create_chainP5FATFSm
                0x0000ea62      0x112 Drivers/ff.o
 .text._ZL10clmt_clustP3FILm
                0x0000eb74       0x62 Drivers/ff.o
 .text._ZL7dir_sdiP3DIRt
                0x0000ebd6      0x100 Drivers/ff.o
 .text._ZL8dir_nextP3DIRi
                0x0000ecd6      0x1b6 Drivers/ff.o
 .text._ZL8dir_findP3DIR
                0x0000ee8c       0xa0 Drivers/ff.o
 .text._ZL12dir_registerP3DIR
                0x0000ef2c       0xae Drivers/ff.o
 *fill*         0x0000efda        0x2 ff
 .text._ZL11create_nameP3DIRPPKc
                0x0000efdc      0x1f4 Drivers/ff.o
 .text._ZL11follow_pathP3DIRPKc
                0x0000f1d0      0x12c Drivers/ff.o
 .text._ZL8check_fsP5FATFSm
                0x0000f2fc       0xd8 Drivers/ff.o
 .text._ZL11chk_mountedPPKcPP5FATFSh
                0x0000f3d4      0x534 Drivers/ff.o
 .text._ZL8validateP5FATFSt
                0x0000f908       0x54 Drivers/ff.o
 .text._Z7f_mounthP5FATFS
                0x0000f95c       0x54 Drivers/ff.o
                0x0000f95c                f_mount(unsigned char, FATFS*)
 .text._Z6f_openP3FILPKch
                0x0000f9b0      0x2de Drivers/ff.o
                0x0000f9b0                f_open(FIL*, char const*, unsigned char)
 .text._Z7f_writeP3FILPKvjPj
                0x0000fc8e      0x33c Drivers/ff.o
                0x0000fc8e                f_write(FIL*, void const*, unsigned int, unsigned int*)
 .text._Z6f_syncP3FIL
                0x0000ffca      0x186 Drivers/ff.o
                0x0000ffca                f_sync(FIL*)
 .text._Z7f_closeP3FIL
                0x00010150       0x28 Drivers/ff.o
                0x00010150                f_close(FIL*)
 .text._Z6f_putccP3FIL
                0x00010178       0x3c Drivers/ff.o
                0x00010178                f_putc(char, FIL*)
 .text._Z6f_putsPKcP3FIL
                0x000101b4       0x52 Drivers/ff.o
                0x000101b4                f_puts(char const*, FIL*)
 .text._Z5powerii
                0x00010206       0x3c Drivers/ff.o
                0x00010206                power(int, int)
 *fill*         0x00010242        0x2 ff
 .text._Z8f_printfP3FILPKcSt9__va_list
                0x00010244      0x620 Drivers/ff.o
                0x00010244                f_printf(FIL*, char const*, std::__va_list)
 .text._ZL17SDHC_set_baudratemm
                0x00010864       0xe8 Drivers/SDHC.o
 .text._Z9SDHC_initP17esdhc_info_structPK17esdhc_init_struct
                0x0001094c      0x130 Drivers/SDHC.o
                0x0001094c                SDHC_init(esdhc_info_struct*, esdhc_init_struct const*)
 .text._ZL15SDHC_is_runningv
                0x00010a7c       0x24 Drivers/SDHC.o
 .text._ZL16SDHC_status_waitm
                0x00010aa0       0x2c Drivers/SDHC.o
 .text._ZL17SDHC_send_commandP20esdhc_command_struct
                0x00010acc      0x1f8 Drivers/SDHC.o
 .text._Z10SDHC_ioctlmPv
                0x00010cc4      0x6f0 Drivers/SDHC.o
                0x00010cc4                SDHC_ioctl(unsigned long, void*)
 .text._Z15disk_initializeh
                0x000113b4      0x384 Drivers/SDHC.o
                0x000113b4                disk_initialize(unsigned char)
 .text._ZL14rcvr_datablockPhm
                0x00011738       0xf0 Drivers/SDHC.o
 .text._Z9disk_readhPhmh
                0x00011828      0x124 Drivers/SDHC.o
                0x00011828                disk_read(unsigned char, unsigned char*, unsigned long, unsigned char)
 .text._ZL14xmit_datablockPKhm
                0x0001194c       0xa4 Drivers/SDHC.o
 .text._Z10disk_writehPKhmh
                0x000119f0      0x198 Drivers/SDHC.o
                0x000119f0                disk_write(unsigned char, unsigned char const*, unsigned long, unsigned char)
 .text._Z10disk_ioctlhhPv
                0x00011b88      0x104 Drivers/SDHC.o
                0x00011b88                disk_ioctl(unsigned char, unsigned char, void*)
 .text._Z11disk_statush
                0x00011c8c       0x28 Drivers/SDHC.o
                0x00011c8c                disk_status(unsigned char)
 .text._Z13time_delay_msm
                0x00011cb4       0x6c Drivers/lptmr.o
                0x00011cb4                time_delay_ms(unsigned long)
 .text._Z41__static_initialization_and_destruction_0ii
                0x00011d20       0x2c FEHProteus.o
 .text._GLOBAL__sub_I_Propeller
                0x00011d4c       0x10 FEHProteus.o
 .text._ZN12FEHPropellerC2Ev
                0x00011d5c       0x1a Drivers/FEHPropeller.o
                0x00011d5c                FEHPropeller::FEHPropeller()
                0x00011d5c                FEHPropeller::FEHPropeller()
 *fill*         0x00011d76        0x2 ff
 .text._ZN12FEHPropeller10InitializeEv
                0x00011d78       0x74 Drivers/FEHPropeller.o
                0x00011d78                FEHPropeller::Initialize()
 .text._ZN12FEHPropeller12SetMotorRateEhhh
                0x00011dec       0x5c Drivers/FEHPropeller.o
                0x00011dec                FEHPropeller::SetMotorRate(unsigned char, unsigned char, unsigned char)
 .text._ZL5Delaymjj
                0x00011e48       0x94 Libraries/FEHUtility.o
 .text._Z5Sleepi
                0x00011edc       0x2c Libraries/FEHUtility.o
                0x00011edc                Sleep(int)
 .text._Z5Sleepd
                0x00011f08       0x4c Libraries/FEHUtility.o
                0x00011f08                Sleep(double)
 .text._Z7TimeNowv
                0x00011f54       0x5c Libraries/FEHUtility.o
                0x00011f54                TimeNow()
 .text._Z11TimeNowMSecv
                0x00011fb0       0x38 Libraries/FEHUtility.o
                0x00011fb0                TimeNowMSec()
 .text._ZN15DigitalInputPinC2EN5FEHIO8FEHIOPinE
                0x00011fe8       0x20 Libraries/FEHIO.o
                0x00011fe8                DigitalInputPin::DigitalInputPin(FEHIO::FEHIOPin)
                0x00011fe8                DigitalInputPin::DigitalInputPin(FEHIO::FEHIOPin)
 .text._ZN15DigitalInputPin10InitializeEN5FEHIO8FEHIOPinE
                0x00012008      0x198 Libraries/FEHIO.o
                0x00012008                DigitalInputPin::Initialize(FEHIO::FEHIOPin)
 .text._ZN15DigitalInputPin5ValueEv
                0x000121a0      0x108 Libraries/FEHIO.o
                0x000121a0                DigitalInputPin::Value()
 .text._Z16PORTB_IRQHandlerv
                0x000122a8       0x9c Libraries/FEHIO.o
                0x000122a8                PORTB_IRQHandler()
 .text._Z16PORTC_IRQHandlerv
                0x00012344       0x9c Libraries/FEHIO.o
                0x00012344                PORTC_IRQHandler()
 .text._Z16PORTA_IRQHandlerv
                0x000123e0       0xa0 Libraries/FEHIO.o
                0x000123e0                PORTA_IRQHandler()
 .text._Z16PORTE_IRQHandlerv
                0x00012480       0x98 Libraries/FEHIO.o
                0x00012480                PORTE_IRQHandler()
 .text._ZN14AnalogInputPinC2EN5FEHIO8FEHIOPinE
                0x00012518       0x1e Libraries/FEHIO.o
                0x00012518                AnalogInputPin::AnalogInputPin(FEHIO::FEHIOPin)
                0x00012518                AnalogInputPin::AnalogInputPin(FEHIO::FEHIOPin)
 *fill*         0x00012536        0x2 ff
 .text._ZN14AnalogInputPin5ValueEv
                0x00012538      0x120 Libraries/FEHIO.o
                0x00012538                AnalogInputPin::Value()
 .text._ZN13AnalogEncoder12EncoderValueEv
                0x00012658       0xb0 Libraries/FEHIO.o
                0x00012658                AnalogEncoder::EncoderValue()
 .text._ZN14AnalogInputPin8InitADCsEv
                0x00012708       0x98 Libraries/FEHIO.o
                0x00012708                AnalogInputPin::InitADCs()
 .text._Z15PIT0_IRQHandlerv
                0x000127a0       0x28 Libraries/FEHIO.o
                0x000127a0                PIT0_IRQHandler()
 .text._ZN13AnalogEncoder4InitEv
                0x000127c8       0x44 Libraries/FEHIO.o
                0x000127c8                AnalogEncoder::Init()
 .text._ZN13AnalogEncoder14SetCounterInitEj
                0x0001280c       0x20 Libraries/FEHIO.o
                0x0001280c                AnalogEncoder::SetCounterInit(unsigned int)
 .text._ZN13AnalogEncoder10ProcessIntEv
                0x0001282c       0x68 Libraries/FEHIO.o
                0x0001282c                AnalogEncoder::ProcessInt()
 .text._ZN13AnalogEncoder14ProcessIntSelfEv
                0x00012894       0x6e Libraries/FEHIO.o
                0x00012894                AnalogEncoder::ProcessIntSelf()
 .text._Z7ADC_CalPV10ADC_MemMap
                0x00012902      0x13e Drivers/adc16.o
                0x00012902                ADC_Cal(ADC_MemMap volatile*)
 .text._Z14ADC_Config_AltPV10ADC_MemMapP7adc_cfg
                0x00012a40       0x6c Drivers/adc16.o
                0x00012a40                ADC_Config_Alt(ADC_MemMap volatile*, adc_cfg*)
 .text._ZN9FEHBuzzerC2Ev
                0x00012aac       0x14 Libraries/FEHBuzzer.o
                0x00012aac                FEHBuzzer::FEHBuzzer()
                0x00012aac                FEHBuzzer::FEHBuzzer()
 .text._Z41__static_initialization_and_destruction_0ii
                0x00012ac0       0x2c Libraries/FEHBuzzer.o
 .text._GLOBAL__sub_I_Buzzer
                0x00012aec       0x10 Libraries/FEHBuzzer.o
 .text._ZN8FEHServoC2ENS_12FEHServoPortE
                0x00012afc       0x38 Libraries/FEHServo.o
                0x00012afc                FEHServo::FEHServo(FEHServo::FEHServoPort)
                0x00012afc                FEHServo::FEHServo(FEHServo::FEHServoPort)
 .text._ZN8FEHServo6SetMinEi
                0x00012b34       0x3a Libraries/FEHServo.o
                0x00012b34                FEHServo::SetMin(int)
 .text._ZN8FEHServo6SetMaxEi
                0x00012b6e       0x3a Libraries/FEHServo.o
                0x00012b6e                FEHServo::SetMax(int)
 .text._ZN8FEHServo9SetDegreeEf
                0x00012ba8       0xf8 Libraries/FEHServo.o
                0x00012ba8                FEHServo::SetDegree(float)
 .text._ZN6FEHLCD11_InitializeEv
                0x00012ca0      0x410 Libraries/FEHLCD.o
                0x00012ca0                FEHLCD::_Initialize()
 .text._ZN6FEHLCDC2Ev
                0x000130b0       0x50 Libraries/FEHLCD.o
                0x000130b0                FEHLCD::FEHLCD()
                0x000130b0                FEHLCD::FEHLCD()
 .text._ZN6FEHLCD10InitializeEv
                0x00013100       0x28 Libraries/FEHLCD.o
                0x00013100                FEHLCD::Initialize()
 .text._ZN6FEHLCD10PrintImageEii
                0x00013128       0xbc Libraries/FEHLCD.o
                0x00013128                FEHLCD::PrintImage(int, int)
 .text._ZN6FEHLCD9PrintLogoEii
                0x000131e4       0xbc Libraries/FEHLCD.o
                0x000131e4                FEHLCD::PrintLogo(int, int)
 .text._ZN6FEHLCD22ConvertFEHColorTo24BitENS_11FEHLCDColorE
                0x000132a0       0x78 Libraries/FEHLCD.o
                0x000132a0                FEHLCD::ConvertFEHColorTo24Bit(FEHLCD::FEHLCDColor)
 .text._ZN6FEHLCD24Convert24BitColorTo16BitEj
                0x00013318       0x30 Libraries/FEHLCD.o
                0x00013318                FEHLCD::Convert24BitColorTo16Bit(unsigned int)
 .text._ZN6FEHLCD22ConvertRGBColorTo16BitEhhh
                0x00013348       0x4a Libraries/FEHLCD.o
                0x00013348                FEHLCD::ConvertRGBColorTo16Bit(unsigned char, unsigned char, unsigned char)
 .text._ZN6FEHLCD5ClearENS_11FEHLCDColorE
                0x00013392       0x28 Libraries/FEHLCD.o
                0x00013392                FEHLCD::Clear(FEHLCD::FEHLCDColor)
 .text._ZN6FEHLCD5ClearEj
                0x000133ba       0x2c Libraries/FEHLCD.o
                0x000133ba                FEHLCD::Clear(unsigned int)
 .text._ZN6FEHLCD5ClearEv
                0x000133e6       0x16 Libraries/FEHLCD.o
                0x000133e6                FEHLCD::Clear()
 .text._ZN6FEHLCD18SetBackgroundColorENS_11FEHLCDColorE
                0x000133fc       0x28 Libraries/FEHLCD.o
                0x000133fc                FEHLCD::SetBackgroundColor(FEHLCD::FEHLCDColor)
 .text._ZN6FEHLCD18SetBackgroundColorEj
                0x00013424       0x26 Libraries/FEHLCD.o
                0x00013424                FEHLCD::SetBackgroundColor(unsigned int)
 .text._ZN6FEHLCD12SetFontColorENS_11FEHLCDColorE
                0x0001344a       0x28 Libraries/FEHLCD.o
                0x0001344a                FEHLCD::SetFontColor(FEHLCD::FEHLCDColor)
 .text._ZN6FEHLCD12SetFontColorEj
                0x00013472       0x26 Libraries/FEHLCD.o
                0x00013472                FEHLCD::SetFontColor(unsigned int)
 .text._ZN6FEHLCD7WriteAtEPKcii
                0x00013498       0x46 Libraries/FEHLCD.o
                0x00013498                FEHLCD::WriteAt(char const*, int, int)
 .text._ZN6FEHLCD11TS_SPI_InitEv
                0x000134de       0x7c Libraries/FEHLCD.o
                0x000134de                FEHLCD::TS_SPI_Init()
 *fill*         0x0001355a        0x6 ff
 .text._ZN6FEHLCD5TouchEPfS0_
                0x00013560      0x1fc Libraries/FEHLCD.o
                0x00013560                FEHLCD::Touch(float*, float*)
 .text._ZN6FEHLCD3absEi
                0x0001375c       0x22 Libraries/FEHLCD.o
                0x0001375c                FEHLCD::abs(int)
 .text._ZN6FEHLCD5WriteEPKc
                0x0001377e       0x4e Libraries/FEHLCD.o
                0x0001377e                FEHLCD::Write(char const*)
 .text._ZN6FEHLCD5WriteEi
                0x000137cc       0x30 Libraries/FEHLCD.o
                0x000137cc                FEHLCD::Write(int)
 .text._ZN6FEHLCD5WriteEf
                0x000137fc       0xc0 Libraries/FEHLCD.o
                0x000137fc                FEHLCD::Write(float)
 .text._ZN6FEHLCD5WriteEd
                0x000138bc       0x26 Libraries/FEHLCD.o
                0x000138bc                FEHLCD::Write(double)
 .text._ZN6FEHLCD5WriteEc
                0x000138e2       0x30 Libraries/FEHLCD.o
                0x000138e2                FEHLCD::Write(char)
 .text._ZN6FEHLCD9WriteLineEPKc
                0x00013912       0x26 Libraries/FEHLCD.o
                0x00013912                FEHLCD::WriteLine(char const*)
 .text._ZN6FEHLCD9WriteLineEf
                0x00013938       0x26 Libraries/FEHLCD.o
                0x00013938                FEHLCD::WriteLine(float)
 .text._ZN6FEHLCD9WriteLineEd
                0x0001395e       0x2a Libraries/FEHLCD.o
                0x0001395e                FEHLCD::WriteLine(double)
 .text._ZN6FEHLCD9WriteLineEc
                0x00013988       0x2a Libraries/FEHLCD.o
                0x00013988                FEHLCD::WriteLine(char)
 *fill*         0x000139b2        0x2 ff
 .text._ZN6FEHLCD10WriteIndexEh
                0x000139b4      0x14c Libraries/FEHLCD.o
                0x000139b4                FEHLCD::WriteIndex(unsigned char)
 .text._ZN6FEHLCD14WriteParameterEh
                0x00013b00      0x130 Libraries/FEHLCD.o
                0x00013b00                FEHLCD::WriteParameter(unsigned char)
 .text._ZN6FEHLCD6_ClearEv
                0x00013c30      0x15c Libraries/FEHLCD.o
                0x00013c30                FEHLCD::_Clear()
 .text._ZN6FEHLCD8NextLineEv
                0x00013d8c       0x2a Libraries/FEHLCD.o
                0x00013d8c                FEHLCD::NextLine()
 .text._ZN6FEHLCD9CheckLineEv
                0x00013db6       0x28 Libraries/FEHLCD.o
                0x00013db6                FEHLCD::CheckLine()
 .text._ZN6FEHLCD8NextCharEv
                0x00013dde       0x32 Libraries/FEHLCD.o
                0x00013dde                FEHLCD::NextChar()
 .text._ZN6FEHLCD9DrawPixelEii
                0x00013e10       0x2a Libraries/FEHLCD.o
                0x00013e10                FEHLCD::DrawPixel(int, int)
 .text._Z4SwapRiS_
                0x00013e3a       0x28 Libraries/FEHLCD.o
                0x00013e3a                Swap(int&, int&)
 .text._ZN6FEHLCD13DrawRectangleEiiii
                0x00013e62       0x7c Libraries/FEHLCD.o
                0x00013e62                FEHLCD::DrawRectangle(int, int, int, int)
 .text._ZN6FEHLCD13SetDrawRegionEiiii
                0x00013ede       0xfe Libraries/FEHLCD.o
                0x00013ede                FEHLCD::SetDrawRegion(int, int, int, int)
 .text._ZN6FEHLCD8DrawLineEiiii
                0x00013fdc      0x14c Libraries/FEHLCD.o
                0x00013fdc                FEHLCD::DrawLine(int, int, int, int)
 .text._ZN6FEHLCD9WriteCharEiic
                0x00014128       0x34 Libraries/FEHLCD.o
                0x00014128                FEHLCD::WriteChar(int, int, char)
 .text._ZN6FEHLCD11WriteCharAtEiic
                0x0001415c      0x214 Libraries/FEHLCD.o
                0x0001415c                FEHLCD::WriteCharAt(int, int, char)
 .text._ZN6FEHLCD11RepeatColorEv
                0x00014370       0x70 Libraries/FEHLCD.o
                0x00014370                FEHLCD::RepeatColor()
 .text._ZN6FEHLCD10_ForePixelEv
                0x000143e0       0xc4 Libraries/FEHLCD.o
                0x000143e0                FEHLCD::_ForePixel()
 .text._ZN6FEHLCD10_BackPixelEv
                0x000144a4       0xc4 Libraries/FEHLCD.o
                0x000144a4                FEHLCD::_BackPixel()
 .text._ZN6FEHLCD22SetRegisterColorValuesEv
                0x00014568      0x336 Libraries/FEHLCD.o
                0x00014568                FEHLCD::SetRegisterColorValues()
 .text._ZN7FEHIcon4IconC2Ev
                0x0001489e       0x14 Libraries/FEHLCD.o
                0x0001489e                FEHIcon::Icon::Icon()
                0x0001489e                FEHIcon::Icon::Icon()
 .text._ZN7FEHIcon4Icon13SetPropertiesEPciiiijj
                0x000148b2       0x6a Libraries/FEHLCD.o
                0x000148b2                FEHIcon::Icon::SetProperties(char*, int, int, int, int, unsigned int, unsigned int)
 .text._ZN7FEHIcon4Icon4DrawEv
                0x0001491c       0x90 Libraries/FEHLCD.o
                0x0001491c                FEHIcon::Icon::Draw()
 .text._ZN7FEHIcon4Icon6SelectEv
                0x000149ac       0x90 Libraries/FEHLCD.o
                0x000149ac                FEHIcon::Icon::Select()
 .text._ZN7FEHIcon4Icon8DeselectEv
                0x00014a3c       0x8c Libraries/FEHLCD.o
                0x00014a3c                FEHIcon::Icon::Deselect()
 .text._ZN7FEHIcon4Icon7PressedEffi
                0x00014ac8      0x13c Libraries/FEHLCD.o
                0x00014ac8                FEHIcon::Icon::Pressed(float, float, int)
 .text._ZN7FEHIcon4Icon12WhilePressedEff
                0x00014c04       0x50 Libraries/FEHLCD.o
                0x00014c04                FEHIcon::Icon::WhilePressed(float, float)
 .text._ZN7FEHIcon13DrawIconArrayEPNS_4IconEiiiiiiPA20_cjj
                0x00014c54      0x168 Libraries/FEHLCD.o
                0x00014c54                FEHIcon::DrawIconArray(FEHIcon::Icon*, int, int, int, int, int, int, char (*) [20], unsigned int, unsigned int)
 .text._Z41__static_initialization_and_destruction_0ii
                0x00014dbc       0x2c Libraries/FEHLCD.o
 .text._GLOBAL__sub_I_image
                0x00014de8       0x10 Libraries/FEHLCD.o
 .text._ZN8FEHAccelC2Ev
                0x00014df8       0x70 Libraries/FEHAccel.o
                0x00014df8                FEHAccel::FEHAccel()
                0x00014df8                FEHAccel::FEHAccel()
 .text._Z41__static_initialization_and_destruction_0ii
                0x00014e68       0x2c Libraries/FEHAccel.o
 .text._GLOBAL__sub_I_Accel
                0x00014e94       0x10 Libraries/FEHAccel.o
 *fill*         0x00014ea4        0x4 ff
 .text._ZN10FEHBattery7VoltageEv
                0x00014ea8       0x54 Libraries/FEHBattery.o
                0x00014ea8                FEHBattery::Voltage()
 .text._ZN10FEHBatteryC2EN5FEHIO8FEHIOPinE
                0x00014efc       0x22 Libraries/FEHBattery.o
                0x00014efc                FEHBattery::FEHBattery(FEHIO::FEHIOPin)
                0x00014efc                FEHBattery::FEHBattery(FEHIO::FEHIOPin)
 *fill*         0x00014f1e        0x2 ff
 .text._Z41__static_initialization_and_destruction_0ii
                0x00014f20       0x30 Libraries/FEHBattery.o
 .text._GLOBAL__sub_I_Battery
                0x00014f50       0x10 Libraries/FEHBattery.o
 .text._ZN7FEHXBeeC2Ev
                0x00014f60       0x1a Drivers/FEHXBee.o
                0x00014f60                FEHXBee::FEHXBee()
                0x00014f60                FEHXBee::FEHXBee()
 *fill*         0x00014f7a        0x2 ff
 .text._ZN7FEHXBee10InitializeEv
                0x00014f7c       0xdc Drivers/FEHXBee.o
                0x00014f7c                FEHXBee::Initialize()
 .text._ZN7FEHXBee13IsInitializedEv
                0x00015058       0x16 Drivers/FEHXBee.o
                0x00015058                FEHXBee::IsInitialized()
 *fill*         0x0001506e        0x2 ff
 .text._ZN7FEHXBee17ReceiveDataSearchEPcjh
                0x00015070       0x8c Drivers/FEHXBee.o
                0x00015070                FEHXBee::ReceiveDataSearch(char*, unsigned int, unsigned char)
 .text._ZN7FEHXBee8SendDataEPcj
                0x000150fc       0x40 Drivers/FEHXBee.o
                0x000150fc                FEHXBee::SendData(char*, unsigned int)
 .text._ZN7FEHXBee17SetPacketCallBackEPFvPhhE
                0x0001513c       0x20 Drivers/FEHXBee.o
                0x0001513c                FEHXBee::SetPacketCallBack(void (*)(unsigned char*, unsigned char))
 .text._Z22UART0_RX_TX_IRQHandlerv
                0x0001515c       0xec Drivers/FEHXBee.o
                0x0001515c                UART0_RX_TX_IRQHandler()
 .text._ZN6FEHRPSC2Ev
                0x00015248       0x74 Libraries/FEHRPS.o
                0x00015248                FEHRPS::FEHRPS()
                0x00015248                FEHRPS::FEHRPS()
 .text._ZN6FEHRPS10InitializeEi
                0x000152bc      0x664 Libraries/FEHRPS.o
                0x000152bc                FEHRPS::Initialize(int)
 .text._ZN6FEHRPS10InitializeEc
                0x00015920       0x46 Libraries/FEHRPS.o
                0x00015920                FEHRPS::Initialize(char)
 *fill*         0x00015966        0x2 ff
 .text._ZN6FEHRPS19InitializeTouchMenuEv
                0x00015968      0x41c Libraries/FEHRPS.o
                0x00015968                FEHRPS::InitializeTouchMenu()
 .text._ZN6FEHRPS19CurrentRegionLetterEv
                0x00015d84       0x1c Libraries/FEHRPS.o
                0x00015d84                FEHRPS::CurrentRegionLetter()
 .text._ZN6FEHRPS13WaitForPacketEv
                0x00015da0       0x58 Libraries/FEHRPS.o
                0x00015da0                FEHRPS::WaitForPacket()
 .text._ZN6FEHRPS1XEv
                0x00015df8       0x1c Libraries/FEHRPS.o
                0x00015df8                FEHRPS::X()
 .text._ZN6FEHRPS1YEv
                0x00015e14       0x1c Libraries/FEHRPS.o
                0x00015e14                FEHRPS::Y()
 .text._ZN6FEHRPS7HeadingEv
                0x00015e30       0x1c Libraries/FEHRPS.o
                0x00015e30                FEHRPS::Heading()
 .text._Z14RPSDataProcessPhh
                0x00015e4c      0x148 Libraries/FEHRPS.o
                0x00015e4c                RPSDataProcess(unsigned char*, unsigned char)
 .text._Z41__static_initialization_and_destruction_0ii
                0x00015f94       0x2c Libraries/FEHRPS.o
 .text._GLOBAL__sub_I_RPS
                0x00015fc0       0x10 Libraries/FEHRPS.o
 .text._ZN7FEHFileC2Ev
                0x00015fd0       0x2c Libraries/FEHSD.o
                0x00015fd0                FEHFile::FEHFile()
                0x00015fd0                FEHFile::FEHFile()
 .text._ZN5FEHSDC2Ev
                0x00015ffc       0x24 Libraries/FEHSD.o
                0x00015ffc                FEHSD::FEHSD()
                0x00015ffc                FEHSD::FEHSD()
 .text._ZN5FEHSD5FOpenEPKcS1_
                0x00016020      0x198 Libraries/FEHSD.o
                0x00016020                FEHSD::FOpen(char const*, char const*)
 .text._ZN5FEHSD6FCloseEP7FEHFile
                0x000161b8       0xb4 Libraries/FEHSD.o
                0x000161b8                FEHSD::FClose(FEHFile*)
 .text._ZN5FEHSD9FCloseAllEv
                0x0001626c       0x6c Libraries/FEHSD.o
                0x0001626c                FEHSD::FCloseAll()
 .text._ZN5FEHSD7FPrintfEP7FEHFilePKcz
                0x000162d8       0x58 Libraries/FEHSD.o
                0x000162d8                FEHSD::FPrintf(FEHFile*, char const*, ...)
 .text._ZN5FEHSD10InitializeEv
                0x00016330       0xe0 Libraries/FEHSD.o
                0x00016330                FEHSD::Initialize()
 .text._Z41__static_initialization_and_destruction_0ii
                0x00016410       0x2c Libraries/FEHSD.o
 .text._GLOBAL__sub_I_SD
                0x0001643c       0x10 Libraries/FEHSD.o
 .text._ZN9FEHRandom10InitializeEv
                0x0001644c       0x3c Libraries/FEHRandom.o
                0x0001644c                FEHRandom::Initialize()
 .text._ZdlPvj  0x00016488        0x4 c:/program files (x86)/gnu arm embedded toolchain/10 2020-q4-major/bin/../lib/gcc/arm-none-eabi/10.2.1/../../../../arm-none-eabi/lib/thumb/v7e-m/nofp\libstdc++.a(del_ops.o)
                0x00016488                operator delete(void*, unsigned int)
 .text._Znwj    0x0001648c       0x3c c:/program files (x86)/gnu arm embedded toolchain/10 2020-q4-major/bin/../lib/gcc/arm-none-eabi/10.2.1/../../../../arm-none-eabi/lib/thumb/v7e-m/nofp\libstdc++.a(new_op.o)
                0x0001648c                operator new(unsigned int)
 .text._ZNKSt9bad_alloc4whatEv
                0x000164c8        0x8 c:/program files (x86)/gnu arm embedded toolchain/10 2020-q4-major/bin/../lib/gcc/arm-none-eabi/10.2.1/../../../../arm-none-eabi/lib/thumb/v7e-m/nofp\libstdc++.a(bad_alloc.o)
                0x000164c8                std::bad_alloc::what() const
 .text._ZNSt9bad_allocD2Ev
                0x000164d0       0x14 c:/program files (x86)/gnu arm embedded toolchain/10 2020-q4-major/bin/../lib/gcc/arm-none-eabi/10.2.1/../../../../arm-none-eabi/lib/thumb/v7e-m/nofp\libstdc++.a(bad_alloc.o)
                0x000164d0                std::bad_alloc::~bad_alloc()
                0x000164d0                std::bad_alloc::~bad_alloc()
 .text._ZNSt9bad_allocD0Ev
                0x000164e4       0x1c c:/program files (x86)/gnu arm embedded toolchain/10 2020-q4-major/bin/../lib/gcc/arm-none-eabi/10.2.1/../../../../arm-none-eabi/lib/thumb/v7e-m/nofp\libstdc++.a(bad_alloc.o)
                0x000164e4                std::bad_alloc::~bad_alloc()
 .text._ZdlPv   0x00016500        0x4 c:/program files (x86)/gnu arm embedded toolchain/10 2020-q4-major/bin/../lib/gcc/arm-none-eabi/10.2.1/../../../../arm-none-eabi/lib/thumb/v7e-m/nofp\libstdc++.a(del_op.o)
                0x00016500                operator delete(void*)
 .text._ZN12_GLOBAL__N_14pool4freeEPv.constprop.0
                0x00016504       0x88 c:/program files (x86)/gnu arm embedded toolchain/10 2020-q4-major/bin/../lib/gcc/arm-none-eabi/10.2.1/../../../../arm-none-eabi/lib/thumb/v7e-m/nofp\libstdc++.a(eh_alloc.o)
 .text._ZN12_GLOBAL__N_14pool8allocateEj.constprop.0
                0x0001658c       0x5c c:/program files (x86)/gnu arm embedded toolchain/10 2020-q4-major/bin/../lib/gcc/arm-none-eabi/10.2.1/../../../../arm-none-eabi/lib/thumb/v7e-m/nofp\libstdc++.a(eh_alloc.o)
 .text.__cxa_allocate_exception
                0x000165e8       0x30 c:/program files (x86)/gnu arm embedded toolchain/10 2020-q4-major/bin/../lib/gcc/arm-none-eabi/10.2.1/../../../../arm-none-eabi/lib/thumb/v7e-m/nofp\libstdc++.a(eh_alloc.o)
                0x000165e8                __cxa_allocate_exception
 .text.__cxa_free_exception
                0x00016618       0x20 c:/program files (x86)/gnu arm embedded toolchain/10 2020-q4-major/bin/../lib/gcc/arm-none-eabi/10.2.1/../../../../arm-none-eabi/lib/thumb/v7e-m/nofp\libstdc++.a(eh_alloc.o)
                0x00016618                __cxa_free_exception
 .text.startup._GLOBAL__sub_I__ZN9__gnu_cxx9__freeresEv
                0x00016638       0x28 c:/program files (x86)/gnu arm embedded toolchain/10 2020-q4-major/bin/../lib/gcc/arm-none-eabi/10.2.1/../../../../arm-none-eabi/lib/thumb/v7e-m/nofp\libstdc++.a(eh_alloc.o)
 .text._ZNSt9exceptionD2Ev
                0x00016660        0x4 c:/program files (x86)/gnu arm embedded toolchain/10 2020-q4-major/bin/../lib/gcc/arm-none-eabi/10.2.1/../../../../arm-none-eabi/lib/thumb/v7e-m/nofp\libstdc++.a(eh_exception.o)
                0x00016660                std::exception::~exception()
                0x00016660                std::exception::~exception()
 .text._ZNSt13bad_exceptionD2Ev
                0x00016664        0x4 c:/program files (x86)/gnu arm embedded toolchain/10 2020-q4-major/bin/../lib/gcc/arm-none-eabi/10.2.1/../../../../arm-none-eabi/lib/thumb/v7e-m/nofp\libstdc++.a(eh_exception.o)
                0x00016664                std::bad_exception::~bad_exception()
                0x00016664                std::bad_exception::~bad_exception()
 .text._ZNKSt13bad_exception4whatEv
                0x00016668        0x8 c:/program files (x86)/gnu arm embedded toolchain/10 2020-q4-major/bin/../lib/gcc/arm-none-eabi/10.2.1/../../../../arm-none-eabi/lib/thumb/v7e-m/nofp\libstdc++.a(eh_exception.o)
                0x00016668                std::bad_exception::what() const
                0x00016668                transaction clone for std::bad_exception::what() const
 .text._ZNSt13bad_exceptionD0Ev
                0x00016670       0x10 c:/program files (x86)/gnu arm embedded toolchain/10 2020-q4-major/bin/../lib/gcc/arm-none-eabi/10.2.1/../../../../arm-none-eabi/lib/thumb/v7e-m/nofp\libstdc++.a(eh_exception.o)
                0x00016670                std::bad_exception::~bad_exception()
 .text._ZN10__cxxabiv111__terminateEPFvvE
                0x00016680       0x28 c:/program files (x86)/gnu arm embedded toolchain/10 2020-q4-major/bin/../lib/gcc/arm-none-eabi/10.2.1/../../../../arm-none-eabi/lib/thumb/v7e-m/nofp\libstdc++.a(eh_terminate.o)
                0x00016680                __cxxabiv1::__terminate(void (*)())
 .text._ZSt9terminatev
                0x000166a8       0x14 c:/program files (x86)/gnu arm embedded toolchain/10 2020-q4-major/bin/../lib/gcc/arm-none-eabi/10.2.1/../../../../arm-none-eabi/lib/thumb/v7e-m/nofp\libstdc++.a(eh_terminate.o)
                0x000166a8                std::terminate()
 .text._ZN10__cxxabiv112__unexpectedEPFvvE
                0x000166bc        0x8 c:/program files (x86)/gnu arm embedded toolchain/10 2020-q4-major/bin/../lib/gcc/arm-none-eabi/10.2.1/../../../../arm-none-eabi/lib/thumb/v7e-m/nofp\libstdc++.a(eh_terminate.o)
                0x000166bc                __cxxabiv1::__unexpected(void (*)())
 .text._ZSt10unexpectedv
                0x000166c4       0x14 c:/program files (x86)/gnu arm embedded toolchain/10 2020-q4-major/bin/../lib/gcc/arm-none-eabi/10.2.1/../../../../arm-none-eabi/lib/thumb/v7e-m/nofp\libstdc++.a(eh_terminate.o)
                0x000166c4                std::unexpected()
 .text._ZSt13get_terminatev
                0x000166d8       0x10 c:/program files (x86)/gnu arm embedded toolchain/10 2020-q4-major/bin/../lib/gcc/arm-none-eabi/10.2.1/../../../../arm-none-eabi/lib/thumb/v7e-m/nofp\libstdc++.a(eh_terminate.o)
                0x000166d8                std::get_terminate()
 .text._ZSt14get_unexpectedv
                0x000166e8       0x10 c:/program files (x86)/gnu arm embedded toolchain/10 2020-q4-major/bin/../lib/gcc/arm-none-eabi/10.2.1/../../../../arm-none-eabi/lib/thumb/v7e-m/nofp\libstdc++.a(eh_terminate.o)
                0x000166e8                std::get_unexpected()
 .text._ZL23__gxx_exception_cleanup19_Unwind_Reason_CodeP21_Unwind_Control_Block
                0x000166f8       0x44 c:/program files (x86)/gnu arm embedded toolchain/10 2020-q4-major/bin/../lib/gcc/arm-none-eabi/10.2.1/../../../../arm-none-eabi/lib/thumb/v7e-m/nofp\libstdc++.a(eh_throw.o)
 .text.__cxa_init_primary_exception
                0x0001673c       0x58 c:/program files (x86)/gnu arm embedded toolchain/10 2020-q4-major/bin/../lib/gcc/arm-none-eabi/10.2.1/../../../../arm-none-eabi/lib/thumb/v7e-m/nofp\libstdc++.a(eh_throw.o)
                0x0001673c                __cxa_init_primary_exception
 .text.__cxa_throw
                0x00016794       0x34 c:/program files (x86)/gnu arm embedded toolchain/10 2020-q4-major/bin/../lib/gcc/arm-none-eabi/10.2.1/../../../../arm-none-eabi/lib/thumb/v7e-m/nofp\libstdc++.a(eh_throw.o)
                0x00016794                __cxa_throw
 .text.__cxa_rethrow
                0x000167c8       0x70 c:/program files (x86)/gnu arm embedded toolchain/10 2020-q4-major/bin/../lib/gcc/arm-none-eabi/10.2.1/../../../../arm-none-eabi/lib/thumb/v7e-m/nofp\libstdc++.a(eh_throw.o)
                0x000167c8                __cxa_rethrow
 .text._ZSt15get_new_handlerv
                0x00016838       0x10 c:/program files (x86)/gnu arm embedded toolchain/10 2020-q4-major/bin/../lib/gcc/arm-none-eabi/10.2.1/../../../../arm-none-eabi/lib/thumb/v7e-m/nofp\libstdc++.a(new_handler.o)
                0x00016838                std::get_new_handler()
 .text._ZN10__cxxabiv120__si_class_type_infoD2Ev
                0x00016848       0x14 c:/program files (x86)/gnu arm embedded toolchain/10 2020-q4-major/bin/../lib/gcc/arm-none-eabi/10.2.1/../../../../arm-none-eabi/lib/thumb/v7e-m/nofp\libstdc++.a(si_class_type_info.o)
                0x00016848                __cxxabiv1::__si_class_type_info::~__si_class_type_info()
                0x00016848                __cxxabiv1::__si_class_type_info::~__si_class_type_info()
 .text._ZN10__cxxabiv120__si_class_type_infoD0Ev
                0x0001685c       0x1c c:/program files (x86)/gnu arm embedded toolchain/10 2020-q4-major/bin/../lib/gcc/arm-none-eabi/10.2.1/../../../../arm-none-eabi/lib/thumb/v7e-m/nofp\libstdc++.a(si_class_type_info.o)
                0x0001685c                __cxxabiv1::__si_class_type_info::~__si_class_type_info()
 .text._ZNK10__cxxabiv120__si_class_type_info20__do_find_public_srcEiPKvPKNS_17__class_type_infoES2_
                0x00016878       0x3c c:/program files (x86)/gnu arm embedded toolchain/10 2020-q4-major/bin/../lib/gcc/arm-none-eabi/10.2.1/../../../../arm-none-eabi/lib/thumb/v7e-m/nofp\libstdc++.a(si_class_type_info.o)
                0x00016878                __cxxabiv1::__si_class_type_info::__do_find_public_src(int, void const*, __cxxabiv1::__class_type_info const*, void const*) const
 .text._ZNK10__cxxabiv120__si_class_type_info12__do_dyncastEiNS_17__class_type_info10__sub_kindEPKS1_PKvS4_S6_RNS1_16__dyncast_resultE
                0x000168b4       0x84 c:/program files (x86)/gnu arm embedded toolchain/10 2020-q4-major/bin/../lib/gcc/arm-none-eabi/10.2.1/../../../../arm-none-eabi/lib/thumb/v7e-m/nofp\libstdc++.a(si_class_type_info.o)
                0x000168b4                __cxxabiv1::__si_class_type_info::__do_dyncast(int, __cxxabiv1::__class_type_info::__sub_kind, __cxxabiv1::__class_type_info const*, void const*, __cxxabiv1::__class_type_info const*, void const*, __cxxabiv1::__class_type_info::__dyncast_result&) const
 .text._ZNK10__cxxabiv120__si_class_type_info11__do_upcastEPKNS_17__class_type_infoEPKvRNS1_15__upcast_resultE
                0x00016938       0x2c c:/program files (x86)/gnu arm embedded toolchain/10 2020-q4-major/bin/../lib/gcc/arm-none-eabi/10.2.1/../../../../arm-none-eabi/lib/thumb/v7e-m/nofp\libstdc++.a(si_class_type_info.o)
                0x00016938                __cxxabiv1::__si_class_type_info::__do_upcast(__cxxabiv1::__class_type_info const*, void const*, __cxxabiv1::__class_type_info::__upcast_result&) const
 .text._ZNSt9type_infoD2Ev
                0x00016964        0x4 c:/program files (x86)/gnu arm embedded toolchain/10 2020-q4-major/bin/../lib/gcc/arm-none-eabi/10.2.1/../../../../arm-none-eabi/lib/thumb/v7e-m/nofp\libstdc++.a(tinfo.o)
                0x00016964                std::type_info::~type_info()
                0x00016964                std::type_info::~type_info()
 .text._ZNKSt9type_info14__is_pointer_pEv
                0x00016968        0x4 c:/program files (x86)/gnu arm embedded toolchain/10 2020-q4-major/bin/../lib/gcc/arm-none-eabi/10.2.1/../../../../arm-none-eabi/lib/thumb/v7e-m/nofp\libstdc++.a(tinfo.o)
                0x00016968                std::type_info::__is_pointer_p() const
                0x00016968                std::type_info::__is_function_p() const
 .text._ZNKSt9type_infoeqERKS_
                0x0001696c       0x2c c:/program files (x86)/gnu arm embedded toolchain/10 2020-q4-major/bin/../lib/gcc/arm-none-eabi/10.2.1/../../../../arm-none-eabi/lib/thumb/v7e-m/nofp\libstdc++.a(tinfo.o)
                0x0001696c                std::type_info::operator==(std::type_info const&) const
 .text._ZN9__gnu_cxx27__verbose_terminate_handlerEv
                0x00016998      0x10c c:/program files (x86)/gnu arm embedded toolchain/10 2020-q4-major/bin/../lib/gcc/arm-none-eabi/10.2.1/../../../../arm-none-eabi/lib/thumb/v7e-m/nofp\libstdc++.a(vterminate.o)
                0x00016998                __gnu_cxx::__verbose_terminate_handler()
 .text._ZNK10__cxxabiv117__class_type_info11__do_upcastEPKS0_PPv
                0x00016aa4       0x34 c:/program files (x86)/gnu arm embedded toolchain/10 2020-q4-major/bin/../lib/gcc/arm-none-eabi/10.2.1/../../../../arm-none-eabi/lib/thumb/v7e-m/nofp\libstdc++.a(class_type_info.o)
                0x00016aa4                __cxxabiv1::__class_type_info::__do_upcast(__cxxabiv1::__class_type_info const*, void**) const
 .text._ZNK10__cxxabiv117__class_type_info20__do_find_public_srcEiPKvPKS0_S2_
                0x00016ad8        0xc c:/program files (x86)/gnu arm embedded toolchain/10 2020-q4-major/bin/../lib/gcc/arm-none-eabi/10.2.1/../../../../arm-none-eabi/lib/thumb/v7e-m/nofp\libstdc++.a(class_type_info.o)
                0x00016ad8                __cxxabiv1::__class_type_info::__do_find_public_src(int, void const*, __cxxabiv1::__class_type_info const*, void const*) const
 .text._ZN10__cxxabiv117__class_type_infoD2Ev
                0x00016ae4       0x14 c:/program files (x86)/gnu arm embedded toolchain/10 2020-q4-major/bin/../lib/gcc/arm-none-eabi/10.2.1/../../../../arm-none-eabi/lib/thumb/v7e-m/nofp\libstdc++.a(class_type_info.o)
                0x00016ae4                __cxxabiv1::__class_type_info::~__class_type_info()
                0x00016ae4                __cxxabiv1::__class_type_info::~__class_type_info()
 .text._ZN10__cxxabiv117__class_type_infoD0Ev
                0x00016af8       0x1c c:/program files (x86)/gnu arm embedded toolchain/10 2020-q4-major/bin/../lib/gcc/arm-none-eabi/10.2.1/../../../../arm-none-eabi/lib/thumb/v7e-m/nofp\libstdc++.a(class_type_info.o)
                0x00016af8                __cxxabiv1::__class_type_info::~__class_type_info()
 .text._ZNK10__cxxabiv117__class_type_info12__do_dyncastEiNS0_10__sub_kindEPKS0_PKvS3_S5_RNS0_16__dyncast_resultE
                0x00016b14       0x44 c:/program files (x86)/gnu arm embedded toolchain/10 2020-q4-major/bin/../lib/gcc/arm-none-eabi/10.2.1/../../../../arm-none-eabi/lib/thumb/v7e-m/nofp\libstdc++.a(class_type_info.o)
                0x00016b14                __cxxabiv1::__class_type_info::__do_dyncast(int, __cxxabiv1::__class_type_info::__sub_kind, __cxxabiv1::__class_type_info const*, void const*, __cxxabiv1::__class_type_info const*, void const*, __cxxabiv1::__class_type_info::__dyncast_result&) const
 .text._ZNK10__cxxabiv117__class_type_info11__do_upcastEPKS0_PKvRNS0_15__upcast_resultE
                0x00016b58       0x1c c:/program files (x86)/gnu arm embedded toolchain/10 2020-q4-major/bin/../lib/gcc/arm-none-eabi/10.2.1/../../../../arm-none-eabi/lib/thumb/v7e-m/nofp\libstdc++.a(class_type_info.o)
                0x00016b58                __cxxabiv1::__class_type_info::__do_upcast(__cxxabiv1::__class_type_info const*, void const*, __cxxabiv1::__class_type_info::__upcast_result&) const
 .text._ZNK10__cxxabiv117__class_type_info10__do_catchEPKSt9type_infoPPvj
                0x00016b74       0x2c c:/program files (x86)/gnu arm embedded toolchain/10 2020-q4-major/bin/../lib/gcc/arm-none-eabi/10.2.1/../../../../arm-none-eabi/lib/thumb/v7e-m/nofp\libstdc++.a(class_type_info.o)
                0x00016b74                __cxxabiv1::__class_type_info::__do_catch(std::type_info const*, void**, unsigned int) const
 .text          0x00016ba0     0x5fa4 c:/program files (x86)/gnu arm embedded toolchain/10 2020-q4-major/bin/../lib/gcc/arm-none-eabi/10.2.1/../../../../arm-none-eabi/lib/thumb/v7e-m/nofp\libstdc++.a(cp-demangle.o)
                0x0001ca5c                __cxa_demangle
                0x0001cb20                __gcclibcxx_demangle_callback
 .text.__cxa_end_cleanup
                0x0001cb44        0xc c:/program files (x86)/gnu arm embedded toolchain/10 2020-q4-major/bin/../lib/gcc/arm-none-eabi/10.2.1/../../../../arm-none-eabi/lib/thumb/v7e-m/nofp\libstdc++.a(eh_arm.o)
                0x0001cb44                __cxa_end_cleanup
 .text.__cxa_type_match
                0x0001cb50       0xb4 c:/program files (x86)/gnu arm embedded toolchain/10 2020-q4-major/bin/../lib/gcc/arm-none-eabi/10.2.1/../../../../arm-none-eabi/lib/thumb/v7e-m/nofp\libstdc++.a(eh_arm.o)
                0x0001cb50                __cxa_type_match
 .text.__cxa_begin_cleanup
                0x0001cc04       0x64 c:/program files (x86)/gnu arm embedded toolchain/10 2020-q4-major/bin/../lib/gcc/arm-none-eabi/10.2.1/../../../../arm-none-eabi/lib/thumb/v7e-m/nofp\libstdc++.a(eh_arm.o)
                0x0001cc04                __cxa_begin_cleanup
 .text.__gnu_end_cleanup
                0x0001cc68       0x70 c:/program files (x86)/gnu arm embedded toolchain/10 2020-q4-major/bin/../lib/gcc/arm-none-eabi/10.2.1/../../../../arm-none-eabi/lib/thumb/v7e-m/nofp\libstdc++.a(eh_arm.o)
                0x0001cc68                __gnu_end_cleanup
 .text._ZN10__cxxabiv1L24__is_gxx_exception_classEPc
                0x0001ccd8       0x3c c:/program files (x86)/gnu arm embedded toolchain/10 2020-q4-major/bin/../lib/gcc/arm-none-eabi/10.2.1/../../../../arm-none-eabi/lib/thumb/v7e-m/nofp\libstdc++.a(eh_call.o)
 .text.__cxa_call_terminate
                0x0001cd14       0x20 c:/program files (x86)/gnu arm embedded toolchain/10 2020-q4-major/bin/../lib/gcc/arm-none-eabi/10.2.1/../../../../arm-none-eabi/lib/thumb/v7e-m/nofp\libstdc++.a(eh_call.o)
                0x0001cd14                __cxa_call_terminate
 .text.unlikely.__cxa_call_unexpected
                0x0001cd34       0xe4 c:/program files (x86)/gnu arm embedded toolchain/10 2020-q4-major/bin/../lib/gcc/arm-none-eabi/10.2.1/../../../../arm-none-eabi/lib/thumb/v7e-m/nofp\libstdc++.a(eh_call.o)
                0x0001cd34                __cxa_call_unexpected
 .text.__cxa_begin_catch
                0x0001ce18       0x7c c:/program files (x86)/gnu arm embedded toolchain/10 2020-q4-major/bin/../lib/gcc/arm-none-eabi/10.2.1/../../../../arm-none-eabi/lib/thumb/v7e-m/nofp\libstdc++.a(eh_catch.o)
                0x0001ce18                __cxa_begin_catch
 .text.__cxa_end_catch
                0x0001ce94       0x8c c:/program files (x86)/gnu arm embedded toolchain/10 2020-q4-major/bin/../lib/gcc/arm-none-eabi/10.2.1/../../../../arm-none-eabi/lib/thumb/v7e-m/nofp\libstdc++.a(eh_catch.o)
                0x0001ce94                __cxa_end_catch
 .text.__cxa_get_globals_fast
                0x0001cf20        0x8 c:/program files (x86)/gnu arm embedded toolchain/10 2020-q4-major/bin/../lib/gcc/arm-none-eabi/10.2.1/../../../../arm-none-eabi/lib/thumb/v7e-m/nofp\libstdc++.a(eh_globals.o)
                0x0001cf20                __cxa_get_globals_fast
 .text.__cxa_get_globals
                0x0001cf28        0x8 c:/program files (x86)/gnu arm embedded toolchain/10 2020-q4-major/bin/../lib/gcc/arm-none-eabi/10.2.1/../../../../arm-none-eabi/lib/thumb/v7e-m/nofp\libstdc++.a(eh_globals.o)
                0x0001cf28                __cxa_get_globals
 .text._ZL28read_encoded_value_with_basehjPKhPj
                0x0001cf30       0xc0 c:/program files (x86)/gnu arm embedded toolchain/10 2020-q4-major/bin/../lib/gcc/arm-none-eabi/10.2.1/../../../../arm-none-eabi/lib/thumb/v7e-m/nofp\libstdc++.a(eh_personality.o)
 .text._ZL21base_of_encoded_valuehP15_Unwind_Context
                0x0001cff0       0x48 c:/program files (x86)/gnu arm embedded toolchain/10 2020-q4-major/bin/../lib/gcc/arm-none-eabi/10.2.1/../../../../arm-none-eabi/lib/thumb/v7e-m/nofp\libstdc++.a(eh_personality.o)
 .text._ZL17parse_lsda_headerP15_Unwind_ContextPKhP16lsda_header_info
                0x0001d038       0x94 c:/program files (x86)/gnu arm embedded toolchain/10 2020-q4-major/bin/../lib/gcc/arm-none-eabi/10.2.1/../../../../arm-none-eabi/lib/thumb/v7e-m/nofp\libstdc++.a(eh_personality.o)
 .text.__gxx_personality_v0
                0x0001d0cc      0x4a8 c:/program files (x86)/gnu arm embedded toolchain/10 2020-q4-major/bin/../lib/gcc/arm-none-eabi/10.2.1/../../../../arm-none-eabi/lib/thumb/v7e-m/nofp\libstdc++.a(eh_personality.o)
                0x0001d0cc                __gxx_personality_v0
 .text.__cxa_current_exception_type
                0x0001d574       0x1c c:/program files (x86)/gnu arm embedded toolchain/10 2020-q4-major/bin/../lib/gcc/arm-none-eabi/10.2.1/../../../../arm-none-eabi/lib/thumb/v7e-m/nofp\libstdc++.a(eh_type.o)
                0x0001d574                __cxa_current_exception_type
 .text.atanf    0x0001d590      0x230 c:/program files (x86)/gnu arm embedded toolchain/10 2020-q4-major/bin/../lib/gcc/arm-none-eabi/10.2.1/../../../../arm-none-eabi/lib/thumb/v7e-m/nofp\libm.a(lib_a-sf_atan.o)
                0x0001d590                atanf
 .text.fabsf    0x0001d7c0        0x8 c:/program files (x86)/gnu arm embedded toolchain/10 2020-q4-major/bin/../lib/gcc/arm-none-eabi/10.2.1/../../../../arm-none-eabi/lib/thumb/v7e-m/nofp\libm.a(lib_a-sf_fabs.o)
                0x0001d7c0                fabsf
 .text.sqrtf    0x0001d7c8       0x48 c:/program files (x86)/gnu arm embedded toolchain/10 2020-q4-major/bin/../lib/gcc/arm-none-eabi/10.2.1/../../../../arm-none-eabi/lib/thumb/v7e-m/nofp\libm.a(lib_a-wf_sqrt.o)
                0x0001d7c8                sqrtf
 .text.__ieee754_sqrtf
                0x0001d810       0xb0 c:/program files (x86)/gnu arm embedded toolchain/10 2020-q4-major/bin/../lib/gcc/arm-none-eabi/10.2.1/../../../../arm-none-eabi/lib/thumb/v7e-m/nofp\libm.a(lib_a-ef_sqrt.o)
                0x0001d810                __ieee754_sqrtf
 .text          0x0001d8c0      0x378 c:/program files (x86)/gnu arm embedded toolchain/10 2020-q4-major/bin/../lib/gcc/arm-none-eabi/10.2.1/thumb/v7e-m/nofp\libgcc.a(_arm_addsubdf3.o)
                0x0001d8c0                __aeabi_drsub
                0x0001d8c8                __aeabi_dsub
                0x0001d8c8                __subdf3
                0x0001d8cc                __aeabi_dadd
                0x0001d8cc                __adddf3
                0x0001db44                __floatunsidf
                0x0001db44                __aeabi_ui2d
                0x0001db64                __floatsidf
                0x0001db64                __aeabi_i2d
                0x0001db88                __aeabi_f2d
                0x0001db88                __extendsfdf2
                0x0001dbcc                __floatundidf
                0x0001dbcc                __aeabi_ul2d
                0x0001dbdc                __floatdidf
                0x0001dbdc                __aeabi_l2d
 .text          0x0001dc38      0x424 c:/program files (x86)/gnu arm embedded toolchain/10 2020-q4-major/bin/../lib/gcc/arm-none-eabi/10.2.1/thumb/v7e-m/nofp\libgcc.a(_arm_muldivdf3.o)
                0x0001dc38                __aeabi_dmul
                0x0001dc38                __muldf3
                0x0001de8c                __divdf3
                0x0001de8c                __aeabi_ddiv
 .text          0x0001e05c      0x110 c:/program files (x86)/gnu arm embedded toolchain/10 2020-q4-major/bin/../lib/gcc/arm-none-eabi/10.2.1/thumb/v7e-m/nofp\libgcc.a(_arm_cmpdf2.o)
                0x0001e05c                __gtdf2
                0x0001e05c                __gedf2
                0x0001e064                __ltdf2
                0x0001e064                __ledf2
                0x0001e06c                __nedf2
                0x0001e06c                __eqdf2
                0x0001e06c                __cmpdf2
                0x0001e0e8                __aeabi_cdrcmple
                0x0001e0f8                __aeabi_cdcmpeq
                0x0001e0f8                __aeabi_cdcmple
                0x0001e108                __aeabi_dcmpeq
                0x0001e11c                __aeabi_dcmplt
                0x0001e130                __aeabi_dcmple
                0x0001e144                __aeabi_dcmpge
                0x0001e158                __aeabi_dcmpgt
 .text          0x0001e16c       0x50 c:/program files (x86)/gnu arm embedded toolchain/10 2020-q4-major/bin/../lib/gcc/arm-none-eabi/10.2.1/thumb/v7e-m/nofp\libgcc.a(_arm_fixdfsi.o)
                0x0001e16c                __aeabi_d2iz
                0x0001e16c                __fixdfsi
 .text          0x0001e1bc       0x40 c:/program files (x86)/gnu arm embedded toolchain/10 2020-q4-major/bin/../lib/gcc/arm-none-eabi/10.2.1/thumb/v7e-m/nofp\libgcc.a(_arm_fixunsdfsi.o)
                0x0001e1bc                __aeabi_d2uiz
                0x0001e1bc                __fixunsdfsi
 .text          0x0001e1fc       0xa0 c:/program files (x86)/gnu arm embedded toolchain/10 2020-q4-major/bin/../lib/gcc/arm-none-eabi/10.2.1/thumb/v7e-m/nofp\libgcc.a(_arm_truncdfsf2.o)
                0x0001e1fc                __truncdfsf2
                0x0001e1fc                __aeabi_d2f
 .text          0x0001e29c      0x21c c:/program files (x86)/gnu arm embedded toolchain/10 2020-q4-major/bin/../lib/gcc/arm-none-eabi/10.2.1/thumb/v7e-m/nofp\libgcc.a(_arm_addsubsf3.o)
                0x0001e29c                __aeabi_frsub
                0x0001e2a4                __subsf3
                0x0001e2a4                __aeabi_fsub
                0x0001e2a8                __aeabi_fadd
                0x0001e2a8                __addsf3
                0x0001e408                __aeabi_ui2f
                0x0001e408                __floatunsisf
                0x0001e410                __aeabi_i2f
                0x0001e410                __floatsisf
                0x0001e42c                __aeabi_ul2f
                0x0001e42c                __floatundisf
                0x0001e43c                __aeabi_l2f
                0x0001e43c                __floatdisf
 .text          0x0001e4b8      0x2a0 c:/program files (x86)/gnu arm embedded toolchain/10 2020-q4-major/bin/../lib/gcc/arm-none-eabi/10.2.1/thumb/v7e-m/nofp\libgcc.a(_arm_muldivsf3.o)
                0x0001e4b8                __mulsf3
                0x0001e4b8                __aeabi_fmul
                0x0001e620                __aeabi_fdiv
                0x0001e620                __divsf3
 .text          0x0001e758       0xec c:/program files (x86)/gnu arm embedded toolchain/10 2020-q4-major/bin/../lib/gcc/arm-none-eabi/10.2.1/thumb/v7e-m/nofp\libgcc.a(_arm_cmpsf2.o)
                0x0001e758                __gesf2
                0x0001e758                __gtsf2
                0x0001e760                __lesf2
                0x0001e760                __ltsf2
                0x0001e768                __nesf2
                0x0001e768                __eqsf2
                0x0001e768                __cmpsf2
                0x0001e7c8                __aeabi_cfrcmple
                0x0001e7d0                __aeabi_cfcmpeq
                0x0001e7d0                __aeabi_cfcmple
                0x0001e7e0                __aeabi_fcmpeq
                0x0001e7f4                __aeabi_fcmplt
                0x0001e808                __aeabi_fcmple
                0x0001e81c                __aeabi_fcmpge
                0x0001e830                __aeabi_fcmpgt
 .text          0x0001e844       0x2c c:/program files (x86)/gnu arm embedded toolchain/10 2020-q4-major/bin/../lib/gcc/arm-none-eabi/10.2.1/thumb/v7e-m/nofp\libgcc.a(_arm_unordsf2.o)
                0x0001e844                __unordsf2
                0x0001e844                __aeabi_fcmpun
 .text          0x0001e870       0x4c c:/program files (x86)/gnu arm embedded toolchain/10 2020-q4-major/bin/../lib/gcc/arm-none-eabi/10.2.1/thumb/v7e-m/nofp\libgcc.a(_arm_fixsfsi.o)
                0x0001e870                __aeabi_f2iz
                0x0001e870                __fixsfsi
 .text          0x0001e8bc      0x9d8 c:/program files (x86)/gnu arm embedded toolchain/10 2020-q4-major/bin/../lib/gcc/arm-none-eabi/10.2.1/thumb/v7e-m/nofp\libgcc.a(unwind-arm.o)
                0x0001eb64                _Unwind_GetCFA
                0x0001eb68                __gnu_Unwind_RaiseException
                0x0001ebd0                __gnu_Unwind_ForcedUnwind
                0x0001ebe0                __gnu_Unwind_Resume
                0x0001ec24                __gnu_Unwind_Resume_or_Rethrow
                0x0001ec34                _Unwind_Complete
                0x0001ec38                _Unwind_DeleteException
                0x0001ec44                _Unwind_VRS_Get
                0x0001ec90                _Unwind_VRS_Set
                0x0001ecd8                __gnu_Unwind_Backtrace
                0x0001f004                __aeabi_unwind_cpp_pr0
                0x0001f008                __aeabi_unwind_cpp_pr1
                0x0001f00c                __aeabi_unwind_cpp_pr2
                0x0001f010                _Unwind_VRS_Pop
 .text          0x0001f294      0x1ac c:/program files (x86)/gnu arm embedded toolchain/10 2020-q4-major/bin/../lib/gcc/arm-none-eabi/10.2.1/thumb/v7e-m/nofp\libgcc.a(libunwind.o)
                0x0001f294                __restore_core_regs
                0x0001f294                restore_core_regs
                0x0001f2ac                __gnu_Unwind_Restore_VFP
                0x0001f2b4                __gnu_Unwind_Save_VFP
                0x0001f2bc                __gnu_Unwind_Restore_VFP_D
                0x0001f2c4                __gnu_Unwind_Save_VFP_D
                0x0001f2cc                __gnu_Unwind_Restore_VFP_D_16_to_31
                0x0001f2d4                __gnu_Unwind_Save_VFP_D_16_to_31
                0x0001f2dc                __gnu_Unwind_Restore_WMMXD
                0x0001f320                __gnu_Unwind_Save_WMMXD
                0x0001f364                __gnu_Unwind_Restore_WMMXC
                0x0001f378                __gnu_Unwind_Save_WMMXC
                0x0001f38c                ___Unwind_RaiseException
                0x0001f38c                _Unwind_RaiseException
                0x0001f3b0                _Unwind_Resume
                0x0001f3b0                ___Unwind_Resume
                0x0001f3d4                _Unwind_Resume_or_Rethrow
                0x0001f3d4                ___Unwind_Resume_or_Rethrow
                0x0001f3f8                _Unwind_ForcedUnwind
                0x0001f3f8                ___Unwind_ForcedUnwind
                0x0001f41c                ___Unwind_Backtrace
                0x0001f41c                _Unwind_Backtrace
 .text          0x0001f440      0x350 c:/program files (x86)/gnu arm embedded toolchain/10 2020-q4-major/bin/../lib/gcc/arm-none-eabi/10.2.1/thumb/v7e-m/nofp\libgcc.a(pr-support.o)
                0x0001f498                __gnu_unwind_execute
                0x0001f744                __gnu_unwind_frame
                0x0001f770                _Unwind_GetRegionStart
                0x0001f77c                _Unwind_GetLanguageSpecificData
 .text.unlikely
                0x0001f790        0xc c:/program files (x86)/gnu arm embedded toolchain/10 2020-q4-major/bin/../lib/gcc/arm-none-eabi/10.2.1/thumb/v7e-m/nofp\libgcc.a(pr-support.o)
                0x0001f790                _Unwind_GetDataRelBase
                0x0001f796                _Unwind_GetTextRelBase
 .text.abort    0x0001f79c       0x10 c:/program files (x86)/gnu arm embedded toolchain/10 2020-q4-major/bin/../lib/gcc/arm-none-eabi/10.2.1/../../../../arm-none-eabi/lib/thumb/v7e-m/nofp\libg.a(lib_a-abort.o)
                0x0001f79c                abort
 .text.__errno  0x0001f7ac        0xc c:/program files (x86)/gnu arm embedded toolchain/10 2020-q4-major/bin/../lib/gcc/arm-none-eabi/10.2.1/../../../../arm-none-eabi/lib/thumb/v7e-m/nofp\libg.a(lib_a-errno.o)
                0x0001f7ac                __errno
 .text.fputc    0x0001f7b8       0x58 c:/program files (x86)/gnu arm embedded toolchain/10 2020-q4-major/bin/../lib/gcc/arm-none-eabi/10.2.1/../../../../arm-none-eabi/lib/thumb/v7e-m/nofp\libg.a(lib_a-fputc.o)
                0x0001f7b8                fputc
 .text._fputs_r
                0x0001f810       0x88 c:/program files (x86)/gnu arm embedded toolchain/10 2020-q4-major/bin/../lib/gcc/arm-none-eabi/10.2.1/../../../../arm-none-eabi/lib/thumb/v7e-m/nofp\libg.a(lib_a-fputs.o)
                0x0001f810                _fputs_r
 .text.fputs    0x0001f898       0x18 c:/program files (x86)/gnu arm embedded toolchain/10 2020-q4-major/bin/../lib/gcc/arm-none-eabi/10.2.1/../../../../arm-none-eabi/lib/thumb/v7e-m/nofp\libg.a(lib_a-fputs.o)
                0x0001f898                fputs
 .text.__sfvwrite_r
                0x0001f8b0      0x2e8 c:/program files (x86)/gnu arm embedded toolchain/10 2020-q4-major/bin/../lib/gcc/arm-none-eabi/10.2.1/../../../../arm-none-eabi/lib/thumb/v7e-m/nofp\libg.a(lib_a-fvwrite.o)
                0x0001f8b0                __sfvwrite_r
 .text._fwrite_r
                0x0001fb98       0xa8 c:/program files (x86)/gnu arm embedded toolchain/10 2020-q4-major/bin/../lib/gcc/arm-none-eabi/10.2.1/../../../../arm-none-eabi/lib/thumb/v7e-m/nofp\libg.a(lib_a-fwrite.o)
                0x0001fb98                _fwrite_r
 .text.fwrite   0x0001fc40       0x20 c:/program files (x86)/gnu arm embedded toolchain/10 2020-q4-major/bin/../lib/gcc/arm-none-eabi/10.2.1/../../../../arm-none-eabi/lib/thumb/v7e-m/nofp\libg.a(lib_a-fwrite.o)
                0x0001fc40                fwrite
 .text.__libc_init_array
                0x0001fc60       0x48 c:/program files (x86)/gnu arm embedded toolchain/10 2020-q4-major/bin/../lib/gcc/arm-none-eabi/10.2.1/../../../../arm-none-eabi/lib/thumb/v7e-m/nofp\libg.a(lib_a-init.o)
                0x0001fc60                __libc_init_array
 .text.__retarget_lock_init_recursive
                0x0001fca8        0x4 c:/program files (x86)/gnu arm embedded toolchain/10 2020-q4-major/bin/../lib/gcc/arm-none-eabi/10.2.1/../../../../arm-none-eabi/lib/thumb/v7e-m/nofp\libg.a(lib_a-lock.o)
                0x0001fca8                __retarget_lock_init_recursive
 .text.__retarget_lock_close_recursive
                0x0001fcac        0x4 c:/program files (x86)/gnu arm embedded toolchain/10 2020-q4-major/bin/../lib/gcc/arm-none-eabi/10.2.1/../../../../arm-none-eabi/lib/thumb/v7e-m/nofp\libg.a(lib_a-lock.o)
                0x0001fcac                __retarget_lock_close_recursive
 .text.__retarget_lock_acquire_recursive
                0x0001fcb0        0x4 c:/program files (x86)/gnu arm embedded toolchain/10 2020-q4-major/bin/../lib/gcc/arm-none-eabi/10.2.1/../../../../arm-none-eabi/lib/thumb/v7e-m/nofp\libg.a(lib_a-lock.o)
                0x0001fcb0                __retarget_lock_acquire_recursive
 .text.__retarget_lock_release_recursive
                0x0001fcb4        0x4 c:/program files (x86)/gnu arm embedded toolchain/10 2020-q4-major/bin/../lib/gcc/arm-none-eabi/10.2.1/../../../../arm-none-eabi/lib/thumb/v7e-m/nofp\libg.a(lib_a-lock.o)
                0x0001fcb4                __retarget_lock_release_recursive
 .text.malloc   0x0001fcb8       0x10 c:/program files (x86)/gnu arm embedded toolchain/10 2020-q4-major/bin/../lib/gcc/arm-none-eabi/10.2.1/../../../../arm-none-eabi/lib/thumb/v7e-m/nofp\libg.a(lib_a-malloc.o)
                0x0001fcb8                malloc
 .text.free     0x0001fcc8       0x10 c:/program files (x86)/gnu arm embedded toolchain/10 2020-q4-major/bin/../lib/gcc/arm-none-eabi/10.2.1/../../../../arm-none-eabi/lib/thumb/v7e-m/nofp\libg.a(lib_a-malloc.o)
                0x0001fcc8                free
 .text._malloc_r
                0x0001fcd8      0x560 c:/program files (x86)/gnu arm embedded toolchain/10 2020-q4-major/bin/../lib/gcc/arm-none-eabi/10.2.1/../../../../arm-none-eabi/lib/thumb/v7e-m/nofp\libg.a(lib_a-mallocr.o)
                0x0001fcd8                _malloc_r
 *fill*         0x00020238        0x8 ff
 .text          0x00020240       0xa0 c:/program files (x86)/gnu arm embedded toolchain/10 2020-q4-major/bin/../lib/gcc/arm-none-eabi/10.2.1/../../../../arm-none-eabi/lib/thumb/v7e-m/nofp\libg.a(lib_a-memchr.o)
                0x00020240                memchr
 .text.memcmp   0x000202e0       0x68 c:/program files (x86)/gnu arm embedded toolchain/10 2020-q4-major/bin/../lib/gcc/arm-none-eabi/10.2.1/../../../../arm-none-eabi/lib/thumb/v7e-m/nofp\libg.a(lib_a-memcmp.o)
                0x000202e0                memcmp
 .text          0x00020348      0x134 c:/program files (x86)/gnu arm embedded toolchain/10 2020-q4-major/bin/../lib/gcc/arm-none-eabi/10.2.1/../../../../arm-none-eabi/lib/thumb/v7e-m/nofp\libg.a(lib_a-memcpy.o)
                0x00020348                memcpy
 .text.memmove  0x0002047c       0xf8 c:/program files (x86)/gnu arm embedded toolchain/10 2020-q4-major/bin/../lib/gcc/arm-none-eabi/10.2.1/../../../../arm-none-eabi/lib/thumb/v7e-m/nofp\libg.a(lib_a-memmove.o)
                0x0002047c                memmove
 .text.memset   0x00020574       0xa4 c:/program files (x86)/gnu arm embedded toolchain/10 2020-q4-major/bin/../lib/gcc/arm-none-eabi/10.2.1/../../../../arm-none-eabi/lib/thumb/v7e-m/nofp\libg.a(lib_a-memset.o)
                0x00020574                memset
 .text.__malloc_lock
                0x00020618        0xc c:/program files (x86)/gnu arm embedded toolchain/10 2020-q4-major/bin/../lib/gcc/arm-none-eabi/10.2.1/../../../../arm-none-eabi/lib/thumb/v7e-m/nofp\libg.a(lib_a-mlock.o)
                0x00020618                __malloc_lock
 .text.__malloc_unlock
                0x00020624        0xc c:/program files (x86)/gnu arm embedded toolchain/10 2020-q4-major/bin/../lib/gcc/arm-none-eabi/10.2.1/../../../../arm-none-eabi/lib/thumb/v7e-m/nofp\libg.a(lib_a-mlock.o)
                0x00020624                __malloc_unlock
 .text._putc_r  0x00020630       0x74 c:/program files (x86)/gnu arm embedded toolchain/10 2020-q4-major/bin/../lib/gcc/arm-none-eabi/10.2.1/../../../../arm-none-eabi/lib/thumb/v7e-m/nofp\libg.a(lib_a-putc.o)
                0x00020630                _putc_r
 .text.realloc  0x000206a4       0x18 c:/program files (x86)/gnu arm embedded toolchain/10 2020-q4-major/bin/../lib/gcc/arm-none-eabi/10.2.1/../../../../arm-none-eabi/lib/thumb/v7e-m/nofp\libg.a(lib_a-realloc.o)