Archive member included to satisfy reference by file (symbol)

c:/program files (x86)/gnu arm embedded toolchain/10 2020-q4-major/bin/../lib/gcc/arm-none-eabi/10.2.1/../../../../arm-none-eabi/lib/thumb/v7e-m/nofp\libstdc++.a(del_ops.o)
                              Libraries/FEHIO.o (operator delete(void*, unsigned int))
c:/program files (x86)/gnu arm embedded toolchain/10 2020-q4-major/bin/../lib/gcc/arm-none-eabi/10.2.1/../../../../arm-none-eabi/lib/thumb/v7e-m/nofp\libstdc++.a(new_op.o)
                              Libraries/FEHIO.o (operator new(unsigned int))
c:/program files (x86)/gnu arm embedded toolchain/10 2020-q4-major/bin/../lib/gcc/arm-none-eabi/10.2.1/../../../../arm-none-eabi/lib/thumb/v7e-m/nofp\libstdc++.a(bad_alloc.o)
                              c:/program files (x86)/gnu arm embedded toolchain/10 2020-q4-major/bin/../lib/gcc/arm-none-eabi/10.2.1/../../../../arm-none-eabi/lib/thumb/v7e-m/nofp\libstdc++.a(new_op.o) (std::bad_alloc::~bad_alloc())
c:/program files (x86)/gnu arm embedded toolchain/10 2020-q4-major/bin/../lib/gcc/arm-none-eabi/10.2.1/../../../../arm-none-eabi/lib/thumb/v7e-m/nofp\libstdc++.a(del_op.o)
                              c:/program files (x86)/gnu arm embedded toolchain/10 2020-q4-major/bin/../lib/gcc/arm-none-eabi/10.2.1/../../../../arm-none-eabi/lib/thumb/v7e-m/nofp\libstdc++.a(del_ops.o) (operator delete(void*))
c:/program files (x86)/gnu arm embedded toolchain/10 2020-q4-major/bin/../lib/gcc/arm-none-eabi/10.2.1/../../../../arm-none-eabi/lib/thumb/v7e-m/nofp\libstdc++.a(eh_alloc.o)
                              c:/program files (x86)/gnu arm embedded toolchain/10 2020-q4-major/bin/../lib/gcc/arm-none-eabi/10.2.1/../../../../arm-none-eabi/lib/thumb/v7e-m/nofp\libstdc++.a(new_op.o) (__cxa_allocate_exception)
c:/program files (x86)/gnu arm embedded toolchain/10 2020-q4-major/bin/../lib/gcc/arm-none-eabi/10.2.1/../../../../arm-none-eabi/lib/thumb/v7e-m/nofp\libstdc++.a(eh_exception.o)
                              c:/program files (x86)/gnu arm embedded toolchain/10 2020-q4-major/bin/../lib/gcc/arm-none-eabi/10.2.1/../../../../arm-none-eabi/lib/thumb/v7e-m/nofp\libstdc++.a(bad_alloc.o) (std::exception::~exception())
c:/program files (x86)/gnu arm embedded toolchain/10 2020-q4-major/bin/../lib/gcc/arm-none-eabi/10.2.1/../../../../arm-none-eabi/lib/thumb/v7e-m/nofp\libstdc++.a(eh_terminate.o)
                              c:/program files (x86)/gnu arm embedded toolchain/10 2020-q4-major/bin/../lib/gcc/arm-none-eabi/10.2.1/../../../../arm-none-eabi/lib/thumb/v7e-m/nofp\libstdc++.a(eh_alloc.o) (std::terminate())
c:/program files (x86)/gnu arm embedded toolchain/10 2020-q4-major/bin/../lib/gcc/arm-none-eabi/10.2.1/../../../../arm-none-eabi/lib/thumb/v7e-m/nofp\libstdc++.a(eh_throw.o)
                              c:/program files (x86)/gnu arm embedded toolchain/10 2020-q4-major/bin/../lib/gcc/arm-none-eabi/10.2.1/../../../../arm-none-eabi/lib/thumb/v7e-m/nofp\libstdc++.a(new_op.o) (__cxa_throw)
c:/program files (x86)/gnu arm embedded toolchain/10 2020-q4-major/bin/../lib/gcc/arm-none-eabi/10.2.1/../../../../arm-none-eabi/lib/thumb/v7e-m/nofp\libstdc++.a(eh_unex_handler.o)
                              c:/program files (x86)/gnu arm embedded toolchain/10 2020-q4-major/bin/../lib/gcc/arm-none-eabi/10.2.1/../../../../arm-none-eabi/lib/thumb/v7e-m/nofp\libstdc++.a(eh_terminate.o) (__cxxabiv1::__unexpected_handler)
c:/program files (x86)/gnu arm embedded toolchain/10 2020-q4-major/bin/../lib/gcc/arm-none-eabi/10.2.1/../../../../arm-none-eabi/lib/thumb/v7e-m/nofp\libstdc++.a(new_handler.o)
                              c:/program files (x86)/gnu arm embedded toolchain/10 2020-q4-major/bin/../lib/gcc/arm-none-eabi/10.2.1/../../../../arm-none-eabi/lib/thumb/v7e-m/nofp\libstdc++.a(new_op.o) (std::get_new_handler())
c:/program files (x86)/gnu arm embedded toolchain/10 2020-q4-major/bin/../lib/gcc/arm-none-eabi/10.2.1/../../../../arm-none-eabi/lib/thumb/v7e-m/nofp\libstdc++.a(pure.o)
                              c:/program files (x86)/gnu arm embedded toolchain/10 2020-q4-major/bin/../lib/gcc/arm-none-eabi/10.2.1/../../../../arm-none-eabi/lib/thumb/v7e-m/nofp\libstdc++.a(eh_exception.o) (__cxa_pure_virtual)
c:/program files (x86)/gnu arm embedded toolchain/10 2020-q4-major/bin/../lib/gcc/arm-none-eabi/10.2.1/../../../../arm-none-eabi/lib/thumb/v7e-m/nofp\libstdc++.a(si_class_type_info.o)
                              c:/program files (x86)/gnu arm embedded toolchain/10 2020-q4-major/bin/../lib/gcc/arm-none-eabi/10.2.1/../../../../arm-none-eabi/lib/thumb/v7e-m/nofp\libstdc++.a(bad_alloc.o) (vtable for __cxxabiv1::__si_class_type_info)
c:/program files (x86)/gnu arm embedded toolchain/10 2020-q4-major/bin/../lib/gcc/arm-none-eabi/10.2.1/../../../../arm-none-eabi/lib/thumb/v7e-m/nofp\libstdc++.a(tinfo.o)
[...]
Memory Configuration

Name             Origin             Length             Attributes
PROGRAM_FLASH    0x0000c000         0x00073c00         xr
SRAM_UPPER       0x20000000         0x00010000         xrw
SRAM_LOWER       0x1fff0000         0x00010000         xrw
*default*        0x00000000         0xffffffff

Linker script and memory map

LOAD c:/program files (x86)/gnu arm embedded toolchain/10 2020-q4-major/bin/../lib/gcc/arm-none-eabi/10.2.1/thumb/v7e-m/nofp/crti.o
LOAD c:/program files (x86)/gnu arm embedded toolchain/10 2020-q4-major/bin/../lib/gcc/arm-none-eabi/10.2.1/thumb/v7e-m/nofp/crtbegin.o
LOAD c:/program files (x86)/gnu arm embedded toolchain/10 2020-q4-major/bin/../lib/gcc/arm-none-eabi/10.2.1/../../../../arm-none-eabi/lib/thumb/v7e-m/nofp/crt0.o
LOAD ../main.o
LOAD Startup/startup_mk60d10.o
LOAD Libraries/FEHMotor.o
LOAD Drivers/mcg.o
LOAD Drivers/i2c.o
LOAD Drivers/spi.o
LOAD Drivers/uart.o
LOAD Drivers/ff.o
LOAD Drivers/SDHC.o
LOAD Drivers/lptmr.o
LOAD FEHProteus.o
LOAD Drivers/FEHPropeller.o
LOAD Libraries/FEHUtility.o
LOAD Libraries/FEHIO.o
LOAD Drivers/adc16.o
LOAD Libraries/FEHBuzzer.o
LOAD Libraries/FEHServo.o
LOAD Libraries/FEHLCD.o
LOAD Libraries/FEHAccel.o
LOAD Libraries/FEHBattery.o
LOAD Drivers/FEHXBee.o
LOAD Libraries/FEHRPS.o
LOAD Libraries/FEHSD.o
LOAD Libraries/FEHRandom.o
LOAD c:/program files (x86)/gnu arm embedded toolchain/10 2020-q4-major/bin/../lib/gcc/arm-none-eabi/10.2.1/../../../../arm-none-eabi/lib/thumb/v7e-m/nofp\libstdc++.a
LOAD c:/program files (x86)/gnu arm embedded toolchain/10 2020-q4-major/bin/../lib/gcc/arm-none-eabi/10.2.1/../../../../arm-none-eabi/lib/thumb/v7e-m/nofp\libm.a
START GROUP
LOAD c:/program files (x86)/gnu arm embedded toolchain/10 2020-q4-major/bin/../lib/gcc/arm-none-eabi/10.2.1/thumb/v7e-m/nofp\libgcc.a
LOAD c:/program files (x86)/gnu arm embedded toolchain/10 2020-q4-major/bin/../lib/gcc/arm-none-eabi/10.2.1/../../../../arm-none-eabi/lib/thumb/v7e-m/nofp\libg.a
LOAD c:/program files (x86)/gnu arm embedded toolchain/10 2020-q4-major/bin/../lib/gcc/arm-none-eabi/10.2.1/../../../../arm-none-eabi/lib/thumb/v7e-m/nofp\libc.a
END GROUP
START GROUP
LOAD c:/program files (x86)/gnu arm embedded toolchain/10 2020-q4-major/bin/../lib/gcc/arm-none-eabi/10.2.1/thumb/v7e-m/nofp\libgcc.a
LOAD c:/program files (x86)/gnu arm embedded toolchain/10 2020-q4-major/bin/../lib/gcc/arm-none-eabi/10.2.1/../../../../arm-none-eabi/lib/thumb/v7e-m/nofp\libc.a
LOAD c:/program files (x86)/gnu arm embedded toolchain/10 2020-q4-major/bin/../lib/gcc/arm-none-eabi/10.2.1/../../../../arm-none-eabi/lib/thumb/v7e-m/nofp\libnosys.a
END GROUP
LOAD c:/program files (x86)/gnu arm embedded toolchain/10 2020-q4-major/bin/../lib/gcc/arm-none-eabi/10.2.1/thumb/v7e-m/nofp/crtend.o
LOAD c:/program files (x86)/gnu arm embedded toolchain/10 2020-q4-major/bin/../lib/gcc/arm-none-eabi/10.2.1/thumb/v7e-m/nofp/crtn.o
                0x0000c000                __base_PROGRAM_FLASH = 0xc000
                0x0000c000                __base_Flash = 0xc000
                0x0007fc00                __top_PROGRAM_FLASH = 0x7fc00
                0x0007fc00                __top_Flash = 0x7fc00
                0x20000000                __base_SRAM_UPPER = 0x20000000
                0x20000000                __base_RAM = 0x20000000
                0x20010000                __top_SRAM_UPPER = 0x20010000
                0x20010000                __top_RAM = 0x20010000
                0x1fff0000                __base_SRAM_LOWER = 0x1fff0000
                0x1fff0000                __base_RAM2 = 0x1fff0000
                0x20000000                __top_SRAM_LOWER = 0x20000000
                0x20000000                __top_RAM2 = 0x20000000

.text           0x0000c000    0x1c638
 FILL mask 0xff
                0x0000c000                __vectors_start__ = ABSOLUTE (.)
 *(.isr_vector)
 .isr_vector    0x0000c000      0x1bc Startup/startup_mk60d10.o
                0x0000c000                g_pfnVectors
                0x0000c000                __Vectors
                0x0000c1bc                . = ALIGN (0x4)
                0x0000c1bc                __section_table_start = .
                0x0000c1bc                __data_section_table = .
                0x0000c1bc        0x4 LONG 0x288b8 LOADADDR (.data)
                0x0000c1c0        0x4 LONG 0x20000000 ADDR (.data)
                0x0000c1c4        0x4 LONG 0x16e0 SIZEOF (.data)
                0x0000c1c8        0x4 LONG 0x288b8 LOADADDR (.data_RAM2)
                0x0000c1cc        0x4 LONG 0x1fff0000 ADDR (.data_RAM2)
                0x0000c1d0        0x4 LONG 0x0 SIZEOF (.data_RAM2)
                0x0000c1d4                __data_section_table_end = .
                0x0000c1d4                __bss_section_table = .
                0x0000c1d4        0x4 LONG 0x200016e0 ADDR (.bss)
                0x0000c1d8        0x4 LONG 0x6ec SIZEOF (.bss)
                0x0000c1dc        0x4 LONG 0x1fff0000 ADDR (.bss_RAM2)
                0x0000c1e0        0x4 LONG 0x0 SIZEOF (.bss_RAM2)
                0x0000c1e4                __bss_section_table_end = .
                0x0000c1e4                __section_table_end = .
 *(.after_vectors*)
 .after_vectors.init_data
                0x0000c1e4       0x42 Startup/startup_mk60d10.o
                0x0000c1e4                data_init(unsigned int, unsigned int, unsigned int)
 .after_vectors.init_bss
                0x0000c226       0x36 Startup/startup_mk60d10.o
                0x0000c226                bss_init(unsigned int, unsigned int)
 .after_vectors.reset
                0x0000c25c       0xb4 Startup/startup_mk60d10.o
                0x0000c25c                ResetISR
 .after_vectors
                0x0000c310       0x3c Startup/startup_mk60d10.o
                0x0000c310                NMI_Handler
                0x0000c316                HardFault_Handler
                0x0000c31c                MemManage_Handler
                0x0000c322                BusFault_Handler
                0x0000c328                UsageFault_Handler
                0x0000c32e                SVC_Handler
                0x0000c334                DebugMon_Handler
                0x0000c33a                PendSV_Handler
                0x0000c340                SysTick_Handler
                0x0000c346                DMA_Error_DriverIRQHandler
                0x0000c346                LPTMR0_DriverIRQHandler
                0x0000c346                FTM1_DriverIRQHandler
                0x0000c346                FTM2_DriverIRQHandler
                0x0000c346                PIT2_DriverIRQHandler
                0x0000c346                SDHC_DriverIRQHandler
                0x0000c346                I2S0_Tx_DriverIRQHandler
                0x0000c346                TSI0_DriverIRQHandler
                0x0000c346                RTC_Seconds_DriverIRQHandler
                0x0000c346                Reserved109_DriverIRQHandler
                0x0000c346                DMA6_DriverIRQHandler
                0x0000c346                LLWU_DriverIRQHandler
                0x0000c346                MCM_DriverIRQHandler
                0x0000c346                MCG_DriverIRQHandler
                0x0000c346                ENET_1588_Timer_DriverIRQHandler
                0x0000c346                DAC1_DriverIRQHandler
                0x0000c346                SPI1_DriverIRQHandler
                0x0000c346                CMP1_DriverIRQHandler
                0x0000c346                UART5_RX_TX_DriverIRQHandler
                0x0000c346                FTM0_DriverIRQHandler
                0x0000c346                IntDefaultHandler
                0x0000c346                USB0_DriverIRQHandler
                0x0000c346                UART5_ERR_DriverIRQHandler
                0x0000c346                DMA11_DriverIRQHandler
                0x0000c346                DAC0_DriverIRQHandler
                0x0000c346                DMA10_DriverIRQHandler
                0x0000c346                CMP2_DriverIRQHandler
                0x0000c346                UART2_ERR_DriverIRQHandler
                0x0000c346                SPI2_DriverIRQHandler
                0x0000c346                LVD_LVW_DriverIRQHandler
                0x0000c346                RNG_DriverIRQHandler
                0x0000c346                DMA12_DriverIRQHandler
                0x0000c346                DMA4_DriverIRQHandler
                0x0000c346                UART2_RX_TX_DriverIRQHandler
                0x0000c346                USBDCD_DriverIRQHandler
                0x0000c346                UART3_ERR_DriverIRQHandler
                0x0000c346                DMA3_DriverIRQHandler
                0x0000c346                DMA8_DriverIRQHandler
                0x0000c346                DMA9_DriverIRQHandler
                0x0000c346                UART0_ERR_DriverIRQHandler
                0x0000c346                CMT_DriverIRQHandler
                0x0000c346                ADC1_DriverIRQHandler
                0x0000c346                DMA14_DriverIRQHandler
                0x0000c346                PIT3_DriverIRQHandler
                0x0000c346                PIT1_DriverIRQHandler
                0x0000c346                WDOG_EWM_DriverIRQHandler
                0x0000c346                PDB0_DriverIRQHandler
                0x0000c346                Reserved95_DriverIRQHandler
                0x0000c346                RTC_DriverIRQHandler
                0x0000c346                I2S0_Rx_DriverIRQHandler
                0x0000c346                Read_Collision_DriverIRQHandler
                0x0000c346                SWI_DriverIRQHandler
                0x0000c346                UART4_RX_TX_DriverIRQHandler
                0x0000c346                UART4_ERR_DriverIRQHandler
                0x0000c346                DMA0_DriverIRQHandler
                0x0000c346                UART0_LON_DriverIRQHandler
                0x0000c346                Reserved102_DriverIRQHandler
                0x0000c346                DMA1_DriverIRQHandler
                0x0000c346                I2C1_DriverIRQHandler
                0x0000c346                UART3_RX_TX_DriverIRQHandler
                0x0000c346                ENET_Receive_DriverIRQHandler
                0x0000c346                DMA13_DriverIRQHandler
                0x0000c346                ENET_Error_DriverIRQHandler
                0x0000c346                DMA15_DriverIRQHandler
                0x0000c346                SPI0_DriverIRQHandler
                0x0000c346                ADC0_DriverIRQHandler
                0x0000c346                FTFL_DriverIRQHandler
                0x0000c346                CMP0_DriverIRQHandler
                0x0000c346                CAN0_DriverIRQHandler
                0x0000c346                Reserved59_DriverIRQHandler
                0x0000c346                DMA5_DriverIRQHandler
                0x0000c346                UART1_ERR_DriverIRQHandler
                0x0000c346                DMA2_DriverIRQHandler
                0x0000c346                ENET_Transmit_DriverIRQHandler
                0x0000c346                I2C0_DriverIRQHandler
                0x0000c346                CAN1_DriverIRQHandler
                0x0000c346                DMA7_DriverIRQHandler
                0x0000c346                UART1_RX_TX_DriverIRQHandler
                0x0000c346                Reserved108_DriverIRQHandler
                0x00000400                . = 0x400
 *fill*         0x0000c34c       0xb4 ff
                0x0000c400                PROVIDE (__FLASH_CONFIG_START__ = .)
 *(.FlashConfig)
 .FlashConfig   0x0000c400       0x10 Startup/startup_mk60d10.o
                0x0000c410                PROVIDE (__FLASH_CONFIG_END__ = .)
                0x00000001                ASSERT (! ((__FLASH_CONFIG_START__ == __FLASH_CONFIG_END__)), Linker Flash Config Support Enabled, but no .FlashConfig section provided within application)
 *(.text*)
 .text          0x0000c410       0x40 c:/program files (x86)/gnu arm embedded toolchain/10 2020-q4-major/bin/../lib/gcc/arm-none-eabi/10.2.1/thumb/v7e-m/nofp/crtbegin.o
 .text._ZSt3absf
                0x0000c450       0x18 ../main.o
                0x0000c450                std::abs(float)
 .text._ZSt4atanf
                0x0000c468       0x18 ../main.o
                0x0000c468                std::atan(float)
 .text._ZSt4sqrtf
                0x0000c480       0x18 ../main.o
                0x0000c480                std::sqrt(float)
 .text._ZN6MotionC2Ei
                0x0000c498       0x34 ../main.o
                0x0000c498                Motion::Motion(int)
                0x0000c498                Motion::Motion(int)
 .text._ZN6Motion12driveForwardEfb
                0x0000c4cc      0x390 ../main.o
                0x0000c4cc                Motion::driveForward(float, bool)
 .text._ZN6Motion14driveBackwardsEf
                0x0000c85c      0x160 ../main.o
                0x0000c85c                Motion::driveBackwards(float)
 *fill*         0x0000c9bc        0x4 ff
 .text._ZN6Motion4turnEfb
                0x0000c9c0      0x198 ../main.o
                0x0000c9c0                Motion::turn(float, bool)
 .text._ZN6Motion8travelToEff
                0x0000cb58      0x508 ../main.o
                0x0000cb58                Motion::travelTo(float, float)
 .text._ZN13LineFollowing14getSensorStateEv
                0x0000d060       0xc4 ../main.o
                0x0000d060                LineFollowing::getSensorState()
 *fill*         0x0000d124        0x4 ff
 .text._ZN13LineFollowing16displayOptoStateEv
                0x0000d128      0x13c ../main.o
                0x0000d128                LineFollowing::displayOptoState()
 .text._ZN13LineFollowing6followEd
                0x0000d264      0x174 ../main.o
                0x0000d264                LineFollowing::follow(double)
 .text._Z13getLightColorv
                0x0000d3d8       0x78 ../main.o
                0x0000d3d8                getLightColor()
 .text.main     0x0000d450      0x1c4 ../main.o
                0x0000d450                main
 .text._Z41__static_initialization_and_destruction_0ii
                0x0000d614       0xa4 ../main.o
 .text._GLOBAL__sub_I_LEFTPERCENT
                0x0000d6b8       0x10 ../main.o
 .text.PORTD_IRQHandler
                0x0000d6c8       0x50 Startup/startup_mk60d10.o
                0x0000d6c8                PORTD_IRQHandler
 .text._Z15InitPowerButtonv
                0x0000d718       0x60 Startup/startup_mk60d10.o
                0x0000d718                InitPowerButton()
 .text._ZL11pll_init_blv
                0x0000d778       0xe0 Startup/startup_mk60d10.o
 .text._Z14InitFEHProteusv
                0x0000d858       0xec Startup/startup_mk60d10.o
                0x0000d858                InitFEHProteus()
 .text.DMA0_IRQHandler
                0x0000d944        0xc Startup/startup_mk60d10.o
                0x0000d944                DMA0_IRQHandler
 .text.DMA1_IRQHandler
                0x0000d950        0xc Startup/startup_mk60d10.o
                0x0000d950                DMA1_IRQHandler
 .text.DMA2_IRQHandler
                0x0000d95c        0xc Startup/startup_mk60d10.o
                0x0000d95c                DMA2_IRQHandler
 .text.DMA3_IRQHandler
                0x0000d968        0xc Startup/startup_mk60d10.o
                0x0000d968                DMA3_IRQHandler
 .text.DMA4_IRQHandler
                0x0000d974        0xc Startup/startup_mk60d10.o
                0x0000d974                DMA4_IRQHandler
 .text.DMA5_IRQHandler
                0x0000d980        0xc Startup/startup_mk60d10.o
                0x0000d980                DMA5_IRQHandler
 .text.DMA6_IRQHandler
                0x0000d98c        0xc Startup/startup_mk60d10.o
                0x0000d98c                DMA6_IRQHandler
 .text.DMA7_IRQHandler
                0x0000d998        0xc Startup/startup_mk60d10.o
                0x0000d998                DMA7_IRQHandler
 .text.DMA8_IRQHandler
                0x0000d9a4        0xc Startup/startup_mk60d10.o
                0x0000d9a4                DMA8_IRQHandler
 .text.DMA9_IRQHandler
                0x0000d9b0        0xc Startup/startup_mk60d10.o
                0x0000d9b0                DMA9_IRQHandler
 .text.DMA10_IRQHandler
                0x0000d9bc        0xc Startup/startup_mk60d10.o
                0x0000d9bc                DMA10_IRQHandler
 .text.DMA11_IRQHandler
                0x0000d9c8        0xc Startup/startup_mk60d10.o
                0x0000d9c8                DMA11_IRQHandler
 .text.DMA12_IRQHandler
                0x0000d9d4        0xc Startup/startup_mk60d10.o
                0x0000d9d4                DMA12_IRQHandler
 .text.DMA13_IRQHandler
                0x0000d9e0        0xc Startup/startup_mk60d10.o
                0x0000d9e0                DMA13_IRQHandler
 .text.DMA14_IRQHandler
                0x0000d9ec        0xc Startup/startup_mk60d10.o
                0x0000d9ec                DMA14_IRQHandler
 .text.DMA15_IRQHandler
                0x0000d9f8        0xc Startup/startup_mk60d10.o
                0x0000d9f8                DMA15_IRQHandler
 .text.DMA_Error_IRQHandler
                0x0000da04        0xc Startup/startup_mk60d10.o
                0x0000da04                DMA_Error_IRQHandler
 .text.MCM_IRQHandler
                0x0000da10        0xc Startup/startup_mk60d10.o
                0x0000da10                MCM_IRQHandler
 .text.FTFL_IRQHandler
                0x0000da1c        0xc Startup/startup_mk60d10.o
                0x0000da1c                FTFL_IRQHandler
 .text.Read_Collision_IRQHandler
                0x0000da28        0xc Startup/startup_mk60d10.o
                0x0000da28                Read_Collision_IRQHandler
 .text.LVD_LVW_IRQHandler
                0x0000da34        0xc Startup/startup_mk60d10.o
                0x0000da34                LVD_LVW_IRQHandler
 .text.LLWU_IRQHandler
                0x0000da40        0xc Startup/startup_mk60d10.o
                0x0000da40                LLWU_IRQHandler
 .text.WDOG_EWM_IRQHandler
                0x0000da4c        0xc Startup/startup_mk60d10.o
                0x0000da4c                WDOG_EWM_IRQHandler
 .text.RNG_IRQHandler
                0x0000da58        0xc Startup/startup_mk60d10.o
                0x0000da58                RNG_IRQHandler
 .text.I2C0_IRQHandler
                0x0000da64        0xc Startup/startup_mk60d10.o
                0x0000da64                I2C0_IRQHandler
 .text.I2C1_IRQHandler
                0x0000da70        0xc Startup/startup_mk60d10.o
                0x0000da70                I2C1_IRQHandler
 .text.SPI0_IRQHandler
                0x0000da7c        0xc Startup/startup_mk60d10.o
                0x0000da7c                SPI0_IRQHandler
 .text.SPI1_IRQHandler
                0x0000da88        0xc Startup/startup_mk60d10.o
                0x0000da88                SPI1_IRQHandler
 .text.SPI2_IRQHandler
                0x0000da94        0xc Startup/startup_mk60d10.o
                0x0000da94                SPI2_IRQHandler
 .text.CAN0_ORed_Message_buffer_IRQHandler
                0x0000daa0        0xc Startup/startup_mk60d10.o
                0x0000daa0                CAN0_ORed_Message_buffer_IRQHandler
 .text.CAN0_Bus_Off_IRQHandler
                0x0000daac        0xc Startup/startup_mk60d10.o
                0x0000daac                CAN0_Bus_Off_IRQHandler
 .text.CAN0_Error_IRQHandler
                0x0000dab8        0xc Startup/startup_mk60d10.o
                0x0000dab8                CAN0_Error_IRQHandler
 .text.CAN0_Tx_Warning_IRQHandler
                0x0000dac4        0xc Startup/startup_mk60d10.o
                0x0000dac4                CAN0_Tx_Warning_IRQHandler
 .text.CAN0_Rx_Warning_IRQHandler
                0x0000dad0        0xc Startup/startup_mk60d10.o
                0x0000dad0                CAN0_Rx_Warning_IRQHandler
 .text.CAN0_Wake_Up_IRQHandler
                0x0000dadc        0xc Startup/startup_mk60d10.o
                0x0000dadc                CAN0_Wake_Up_IRQHandler
 .text.I2S0_Tx_IRQHandler
                0x0000dae8        0xc Startup/startup_mk60d10.o
                0x0000dae8                I2S0_Tx_IRQHandler
 .text.I2S0_Rx_IRQHandler
                0x0000daf4        0xc Startup/startup_mk60d10.o
                0x0000daf4                I2S0_Rx_IRQHandler
 .text.CAN1_ORed_Message_buffer_IRQHandler
                0x0000db00        0xc Startup/startup_mk60d10.o
                0x0000db00                CAN1_ORed_Message_buffer_IRQHandler
 .text.CAN1_Bus_Off_IRQHandler
                0x0000db0c        0xc Startup/startup_mk60d10.o
                0x0000db0c                CAN1_Bus_Off_IRQHandler
 .text.CAN1_Error_IRQHandler
                0x0000db18        0xc Startup/startup_mk60d10.o
                0x0000db18                CAN1_Error_IRQHandler
 .text.CAN1_Tx_Warning_IRQHandler
                0x0000db24        0xc Startup/startup_mk60d10.o
                0x0000db24                CAN1_Tx_Warning_IRQHandler
 .text.CAN1_Rx_Warning_IRQHandler
                0x0000db30        0xc Startup/startup_mk60d10.o
                0x0000db30                CAN1_Rx_Warning_IRQHandler
 .text.CAN1_Wake_Up_IRQHandler
                0x0000db3c        0xc Startup/startup_mk60d10.o
                0x0000db3c                CAN1_Wake_Up_IRQHandler
 .text.Reserved59_IRQHandler
                0x0000db48        0xc Startup/startup_mk60d10.o
                0x0000db48                Reserved59_IRQHandler
 .text.UART0_LON_IRQHandler
                0x0000db54        0xc Startup/startup_mk60d10.o
                0x0000db54                UART0_LON_IRQHandler
 .text.UART0_ERR_IRQHandler
                0x0000db60        0xc Startup/startup_mk60d10.o
                0x0000db60                UART0_ERR_IRQHandler
 .text.UART1_RX_TX_IRQHandler
                0x0000db6c        0xc Startup/startup_mk60d10.o
                0x0000db6c                UART1_RX_TX_IRQHandler
 .text.UART1_ERR_IRQHandler
                0x0000db78        0xc Startup/startup_mk60d10.o
                0x0000db78                UART1_ERR_IRQHandler
 .text.UART2_RX_TX_IRQHandler
                0x0000db84        0xc Startup/startup_mk60d10.o
                0x0000db84                UART2_RX_TX_IRQHandler
 .text.UART2_ERR_IRQHandler
                0x0000db90        0xc Startup/startup_mk60d10.o
                0x0000db90                UART2_ERR_IRQHandler
 .text.UART3_RX_TX_IRQHandler
                0x0000db9c        0xc Startup/startup_mk60d10.o
                0x0000db9c                UART3_RX_TX_IRQHandler
 .text.UART3_ERR_IRQHandler
                0x0000dba8        0xc Startup/startup_mk60d10.o
                0x0000dba8                UART3_ERR_IRQHandler
 .text.UART4_RX_TX_IRQHandler
                0x0000dbb4        0xc Startup/startup_mk60d10.o
                0x0000dbb4                UART4_RX_TX_IRQHandler
 .text.UART4_ERR_IRQHandler
                0x0000dbc0        0xc Startup/startup_mk60d10.o
                0x0000dbc0                UART4_ERR_IRQHandler
 .text.UART5_RX_TX_IRQHandler
                0x0000dbcc        0xc Startup/startup_mk60d10.o
                0x0000dbcc                UART5_RX_TX_IRQHandler
 .text.UART5_ERR_IRQHandler
                0x0000dbd8        0xc Startup/startup_mk60d10.o
                0x0000dbd8                UART5_ERR_IRQHandler
 .text.ADC0_IRQHandler
                0x0000dbe4        0xc Startup/startup_mk60d10.o
                0x0000dbe4                ADC0_IRQHandler
 .text.ADC1_IRQHandler
                0x0000dbf0        0xc Startup/startup_mk60d10.o
                0x0000dbf0                ADC1_IRQHandler
 .text.CMP0_IRQHandler
                0x0000dbfc        0xc Startup/startup_mk60d10.o
                0x0000dbfc                CMP0_IRQHandler
 .text.CMP1_IRQHandler
                0x0000dc08        0xc Startup/startup_mk60d10.o
                0x0000dc08                CMP1_IRQHandler
 .text.CMP2_IRQHandler
                0x0000dc14        0xc Startup/startup_mk60d10.o
                0x0000dc14                CMP2_IRQHandler
 .text.FTM0_IRQHandler
                0x0000dc20        0xc Startup/startup_mk60d10.o
                0x0000dc20                FTM0_IRQHandler
 .text.FTM1_IRQHandler
                0x0000dc2c        0xc Startup/startup_mk60d10.o
                0x0000dc2c                FTM1_IRQHandler
 .text.FTM2_IRQHandler
                0x0000dc38        0xc Startup/startup_mk60d10.o
                0x0000dc38                FTM2_IRQHandler
 .text.CMT_IRQHandler
                0x0000dc44        0xc Startup/startup_mk60d10.o
                0x0000dc44                CMT_IRQHandler
 .text.RTC_IRQHandler
                0x0000dc50        0xc Startup/startup_mk60d10.o
                0x0000dc50                RTC_IRQHandler
 .text.RTC_Seconds_IRQHandler
                0x0000dc5c        0xc Startup/startup_mk60d10.o
                0x0000dc5c                RTC_Seconds_IRQHandler
 .text.PIT1_IRQHandler
                0x0000dc68        0xc Startup/startup_mk60d10.o
                0x0000dc68                PIT1_IRQHandler
 .text.PIT2_IRQHandler
                0x0000dc74        0xc Startup/startup_mk60d10.o
                0x0000dc74                PIT2_IRQHandler
 .text.PIT3_IRQHandler
                0x0000dc80        0xc Startup/startup_mk60d10.o
                0x0000dc80                PIT3_IRQHandler
 .text.PDB0_IRQHandler
                0x0000dc8c        0xc Startup/startup_mk60d10.o
                0x0000dc8c                PDB0_IRQHandler
 .text.USB0_IRQHandler
                0x0000dc98        0xc Startup/startup_mk60d10.o
                0x0000dc98                USB0_IRQHandler
 .text.USBDCD_IRQHandler
                0x0000dca4        0xc Startup/startup_mk60d10.o
                0x0000dca4                USBDCD_IRQHandler
 .text.ENET_1588_Timer_IRQHandler
                0x0000dcb0        0xc Startup/startup_mk60d10.o
                0x0000dcb0                ENET_1588_Timer_IRQHandler
 .text.ENET_Transmit_IRQHandler
                0x0000dcbc        0xc Startup/startup_mk60d10.o
                0x0000dcbc                ENET_Transmit_IRQHandler
 .text.ENET_Receive_IRQHandler
                0x0000dcc8        0xc Startup/startup_mk60d10.o
                0x0000dcc8                ENET_Receive_IRQHandler
 .text.ENET_Error_IRQHandler
                0x0000dcd4        0xc Startup/startup_mk60d10.o
                0x0000dcd4                ENET_Error_IRQHandler
 .text.Reserved95_IRQHandler
                0x0000dce0        0xc Startup/startup_mk60d10.o
                0x0000dce0                Reserved95_IRQHandler
 .text.SDHC_IRQHandler
                0x0000dcec        0xc Startup/startup_mk60d10.o
                0x0000dcec                SDHC_IRQHandler
 .text.DAC0_IRQHandler
                0x0000dcf8        0xc Startup/startup_mk60d10.o
                0x0000dcf8                DAC0_IRQHandler
 .text.DAC1_IRQHandler
                0x0000dd04        0xc Startup/startup_mk60d10.o
                0x0000dd04                DAC1_IRQHandler
 .text.TSI0_IRQHandler
                0x0000dd10        0xc Startup/startup_mk60d10.o
                0x0000dd10                TSI0_IRQHandler
 .text.MCG_IRQHandler
                0x0000dd1c        0xc Startup/startup_mk60d10.o
                0x0000dd1c                MCG_IRQHandler
 .text.LPTMR0_IRQHandler
                0x0000dd28        0xc Startup/startup_mk60d10.o
                0x0000dd28                LPTMR0_IRQHandler
 .text.Reserved102_IRQHandler
                0x0000dd34        0xc Startup/startup_mk60d10.o
                0x0000dd34                Reserved102_IRQHandler
 .text.Reserved108_IRQHandler
                0x0000dd40        0xc Startup/startup_mk60d10.o
                0x0000dd40                Reserved108_IRQHandler
 .text.Reserved109_IRQHandler
                0x0000dd4c        0xc Startup/startup_mk60d10.o
                0x0000dd4c                Reserved109_IRQHandler
 .text.SWI_IRQHandler
                0x0000dd58        0xc Startup/startup_mk60d10.o
                0x0000dd58                SWI_IRQHandler
 *fill*         0x0000dd64        0x4 ff
 .text._ZN8FEHMotorC2ENS_12FEHMotorPortEf
                0x0000dd68       0x7c Libraries/FEHMotor.o
                0x0000dd68                FEHMotor::FEHMotor(FEHMotor::FEHMotorPort, float)
                0x0000dd68                FEHMotor::FEHMotor(FEHMotor::FEHMotorPort, float)
 .text._ZN8FEHMotor4StopEv
                0x0000dde4       0x30 Libraries/FEHMotor.o
                0x0000dde4                FEHMotor::Stop()
 .text._ZN8FEHMotor8SetPowerEi
                0x0000de14       0x54 Libraries/FEHMotor.o
                0x0000de14                FEHMotor::SetPower(int)
 .text._ZN8FEHMotor10SetPercentEf
                0x0000de68       0xf8 Libraries/FEHMotor.o
                0x0000de68                FEHMotor::SetPercent(float)
 .text._Z21IIC_StartTransmissionhh
                0x0000df60       0x6c Drivers/i2c.o
                0x0000df60                IIC_StartTransmission(unsigned char, unsigned char)
 .text._Z5Pausev
                0x0000dfcc       0x24 Drivers/i2c.o
                0x0000dfcc                Pause()
 .text._Z21MMA8451QWriteRegisterhh
                0x0000dff0       0x68 Drivers/i2c.o
                0x0000dff0                MMA8451QWriteRegister(unsigned char, unsigned char)
 .text._Z8i2c_Waitv
                0x0000e058       0x6c Drivers/i2c.o
                0x0000e058                i2c_Wait()
 .text._Z12SPI_SendCharh
                0x0000e0c4       0x1a Drivers/spi.o
                0x0000e0c4                SPI_SendChar(unsigned char)
 .text._Z16SPI_WriteCommandhh
                0x0000e0de       0x34 Drivers/spi.o
                0x0000e0de                SPI_WriteCommand(unsigned char, unsigned char)
 .text._Z11SPI_GetCharv
                0x0000e112       0x10 Drivers/spi.o
                0x0000e112                SPI_GetChar()
 .text._Z15SPI_ReadCommandh
                0x0000e122       0x38 Drivers/spi.o
                0x0000e122                SPI_ReadCommand(unsigned char)
 *fill*         0x0000e15a        0x2 ff
 .text._Z13SPI_CS_Assertv
                0x0000e15c       0x1c Drivers/spi.o
                0x0000e15c                SPI_CS_Assert()
 .text._Z15SPI_CS_Deassertv
                0x0000e178       0x1c Drivers/spi.o
                0x0000e178                SPI_CS_Deassert()
 .text._Z12SPI_Transferh
                0x0000e194       0x6c Drivers/spi.o
                0x0000e194                SPI_Transfer(unsigned char)
 .text._Z8SPI_Initv
                0x0000e200       0xa0 Drivers/spi.o
                0x0000e200                SPI_Init()
 .text._Z9uart_initPV11UART_MemMapii
                0x0000e2a0      0x174 Drivers/uart.o
                0x0000e2a0                uart_init(UART_MemMap volatile*, int, int)
 .text._Z12uart_getcharPV11UART_MemMap
                0x0000e414       0x32 Drivers/uart.o
                0x0000e414                uart_getchar(UART_MemMap volatile*)
 .text._Z12uart_putcharPV11UART_MemMapc
                0x0000e446       0x32 Drivers/uart.o
                0x0000e446                uart_putchar(UART_MemMap volatile*, char)
 .text._ZL7mem_cpyPvPKvj
                0x0000e478       0x44 Drivers/ff.o
 .text._ZL7mem_setPvij
                0x0000e4bc       0x3c Drivers/ff.o
 .text._ZL7mem_cmpPKvS0_j
                0x0000e4f8       0x56 Drivers/ff.o
 .text._ZL7chk_chrPKci
                0x0000e54e       0x34 Drivers/ff.o
 .text._ZL11move_windowP5FATFSm
                0x0000e582       0xc8 Drivers/ff.o
 .text._ZL4syncP5FATFS
                0x0000e64a      0x14c Drivers/ff.o
 .text._Z10clust2sectP5FATFSm
                0x0000e796       0x3c Drivers/ff.o
                0x0000e796                clust2sect(FATFS*, unsigned long)
 .text._Z7get_fatP5FATFSm
                0x0000e7d2      0x192 Drivers/ff.o
                0x0000e7d2                get_fat(FATFS*, unsigned long)
 .text._Z7put_fatP5FATFSmm
                0x0000e964      0x20a Drivers/ff.o
                0x0000e964                put_fat(FATFS*, unsigned long, unsigned long)
 .text._ZL12remove_chainP5FATFSm
                0x0000eb6e       0x9c Drivers/ff.o
 .text._ZL12create_chainP5FATFSm
                0x0000ec0a      0x112 Drivers/ff.o
 .text._ZL10clmt_clustP3FILm
                0x0000ed1c       0x62 Drivers/ff.o
 .text._ZL7dir_sdiP3DIRt
                0x0000ed7e      0x100 Drivers/ff.o
 .text._ZL8dir_nextP3DIRi
                0x0000ee7e      0x1b6 Drivers/ff.o
 .text._ZL8dir_findP3DIR
                0x0000f034       0xa0 Drivers/ff.o
 .text._ZL12dir_registerP3DIR
                0x0000f0d4       0xae Drivers/ff.o
 *fill*         0x0000f182        0x2 ff
 .text._ZL11create_nameP3DIRPPKc
                0x0000f184      0x1f4 Drivers/ff.o
 .text._ZL11follow_pathP3DIRPKc
                0x0000f378      0x12c Drivers/ff.o
 .text._ZL8check_fsP5FATFSm
                0x0000f4a4       0xd8 Drivers/ff.o
 .text._ZL11chk_mountedPPKcPP5FATFSh
                0x0000f57c      0x534 Drivers/ff.o
 .text._ZL8validateP5FATFSt
                0x0000fab0       0x54 Drivers/ff.o
 .text._Z7f_mounthP5FATFS
                0x0000fb04       0x54 Drivers/ff.o
                0x0000fb04                f_mount(unsigned char, FATFS*)
 .text._Z6f_openP3FILPKch
                0x0000fb58      0x2de Drivers/ff.o
                0x0000fb58                f_open(FIL*, char const*, unsigned char)
 .text._Z7f_writeP3FILPKvjPj
                0x0000fe36      0x33c Drivers/ff.o
                0x0000fe36                f_write(FIL*, void const*, unsigned int, unsigned int*)
 .text._Z6f_syncP3FIL
                0x00010172      0x186 Drivers/ff.o
                0x00010172                f_sync(FIL*)
 .text._Z7f_closeP3FIL
                0x000102f8       0x28 Drivers/ff.o
                0x000102f8                f_close(FIL*)
 .text._Z6f_putccP3FIL
                0x00010320       0x3c Drivers/ff.o
                0x00010320                f_putc(char, FIL*)
 .text._Z6f_putsPKcP3FIL
                0x0001035c       0x52 Drivers/ff.o
                0x0001035c                f_puts(char const*, FIL*)
 .text._Z5powerii
                0x000103ae       0x3c Drivers/ff.o
                0x000103ae                power(int, int)
 *fill*         0x000103ea        0x2 ff
 .text._Z8f_printfP3FILPKcSt9__va_list
                0x000103ec      0x620 Drivers/ff.o
                0x000103ec                f_printf(FIL*, char const*, std::__va_list)
 .text._ZL17SDHC_set_baudratemm
                0x00010a0c       0xe8 Drivers/SDHC.o
 .text._Z9SDHC_initP17esdhc_info_structPK17esdhc_init_struct
                0x00010af4      0x130 Drivers/SDHC.o
                0x00010af4                SDHC_init(esdhc_info_struct*, esdhc_init_struct const*)
 .text._ZL15SDHC_is_runningv
                0x00010c24       0x24 Drivers/SDHC.o
 .text._ZL16SDHC_status_waitm
                0x00010c48       0x2c Drivers/SDHC.o
 .text._ZL17SDHC_send_commandP20esdhc_command_struct
                0x00010c74      0x1f8 Drivers/SDHC.o
 .text._Z10SDHC_ioctlmPv
                0x00010e6c      0x6f0 Drivers/SDHC.o
                0x00010e6c                SDHC_ioctl(unsigned long, void*)
 .text._Z15disk_initializeh
                0x0001155c      0x384 Drivers/SDHC.o
                0x0001155c                disk_initialize(unsigned char)
 .text._ZL14rcvr_datablockPhm
                0x000118e0       0xf0 Drivers/SDHC.o
 .text._Z9disk_readhPhmh
                0x000119d0      0x124 Drivers/SDHC.o
                0x000119d0                disk_read(unsigned char, unsigned char*, unsigned long, unsigned char)
 .text._ZL14xmit_datablockPKhm
                0x00011af4       0xa4 Drivers/SDHC.o
 .text._Z10disk_writehPKhmh
                0x00011b98      0x198 Drivers/SDHC.o
                0x00011b98                disk_write(unsigned char, unsigned char const*, unsigned long, unsigned char)
 .text._Z10disk_ioctlhhPv
                0x00011d30      0x104 Drivers/SDHC.o
                0x00011d30                disk_ioctl(unsigned char, unsigned char, void*)
 .text._Z11disk_statush
                0x00011e34       0x28 Drivers/SDHC.o
                0x00011e34                disk_status(unsigned char)
 .text._Z13time_delay_msm
                0x00011e5c       0x6c Drivers/lptmr.o
                0x00011e5c                time_delay_ms(unsigned long)
 .text._Z41__static_initialization_and_destruction_0ii
                0x00011ec8       0x2c FEHProteus.o
 .text._GLOBAL__sub_I_Propeller
                0x00011ef4       0x10 FEHProteus.o
 .text._ZN12FEHPropellerC2Ev
                0x00011f04       0x1a Drivers/FEHPropeller.o
                0x00011f04                FEHPropeller::FEHPropeller()
                0x00011f04                FEHPropeller::FEHPropeller()
 *fill*         0x00011f1e        0x2 ff
 .text._ZN12FEHPropeller10InitializeEv
                0x00011f20       0x74 Drivers/FEHPropeller.o
                0x00011f20                FEHPropeller::Initialize()
 .text._ZN12FEHPropeller12SetMotorRateEhhh
                0x00011f94       0x5c Drivers/FEHPropeller.o
                0x00011f94                FEHPropeller::SetMotorRate(unsigned char, unsigned char, unsigned char)
 .text._ZL5Delaymjj
                0x00011ff0       0x94 Libraries/FEHUtility.o
 .text._Z5Sleepi
                0x00012084       0x2c Libraries/FEHUtility.o
                0x00012084                Sleep(int)
 .text._Z5Sleepd
                0x000120b0       0x4c Libraries/FEHUtility.o
                0x000120b0                Sleep(double)
 .text._Z7TimeNowv
                0x000120fc       0x5c Libraries/FEHUtility.o
                0x000120fc                TimeNow()
 .text._Z11TimeNowMSecv
                0x00012158       0x38 Libraries/FEHUtility.o
                0x00012158                TimeNowMSec()
 .text._ZN15DigitalInputPinC2EN5FEHIO8FEHIOPinE
                0x00012190       0x20 Libraries/FEHIO.o
                0x00012190                DigitalInputPin::DigitalInputPin(FEHIO::FEHIOPin)
                0x00012190                DigitalInputPin::DigitalInputPin(FEHIO::FEHIOPin)
 .text._ZN15DigitalInputPin10InitializeEN5FEHIO8FEHIOPinE
                0x000121b0      0x198 Libraries/FEHIO.o
                0x000121b0                DigitalInputPin::Initialize(FEHIO::FEHIOPin)
 .text._ZN15DigitalInputPin5ValueEv
                0x00012348      0x108 Libraries/FEHIO.o
                0x00012348                DigitalInputPin::Value()
 .text._Z16PORTB_IRQHandlerv
                0x00012450       0x9c Libraries/FEHIO.o
                0x00012450                PORTB_IRQHandler()
 .text._Z16PORTC_IRQHandlerv
                0x000124ec       0x9c Libraries/FEHIO.o
                0x000124ec                PORTC_IRQHandler()
 .text._Z16PORTA_IRQHandlerv
                0x00012588       0xa0 Libraries/FEHIO.o
                0x00012588                PORTA_IRQHandler()
 .text._Z16PORTE_IRQHandlerv
                0x00012628       0x98 Libraries/FEHIO.o
                0x00012628                PORTE_IRQHandler()
 .text._ZN14AnalogInputPinC2EN5FEHIO8FEHIOPinE
                0x000126c0       0x1e Libraries/FEHIO.o
                0x000126c0                AnalogInputPin::AnalogInputPin(FEHIO::FEHIOPin)
                0x000126c0                AnalogInputPin::AnalogInputPin(FEHIO::FEHIOPin)
 *fill*         0x000126de        0x2 ff
 .text._ZN14AnalogInputPin5ValueEv
                0x000126e0      0x120 Libraries/FEHIO.o
                0x000126e0                AnalogInputPin::Value()
 .text._ZN13AnalogEncoder12EncoderValueEv
                0x00012800       0xb0 Libraries/FEHIO.o
                0x00012800                AnalogEncoder::EncoderValue()
 .text._ZN14AnalogInputPin8InitADCsEv
                0x000128b0       0x98 Libraries/FEHIO.o
                0x000128b0                AnalogInputPin::InitADCs()
 .text._Z15PIT0_IRQHandlerv
                0x00012948       0x28 Libraries/FEHIO.o
                0x00012948                PIT0_IRQHandler()
 .text._ZN13AnalogEncoder4InitEv
                0x00012970       0x44 Libraries/FEHIO.o
                0x00012970                AnalogEncoder::Init()
 .text._ZN13AnalogEncoder14SetCounterInitEj
                0x000129b4       0x20 Libraries/FEHIO.o
                0x000129b4                AnalogEncoder::SetCounterInit(unsigned int)
 .text._ZN13AnalogEncoder10ProcessIntEv
                0x000129d4       0x68 Libraries/FEHIO.o
                0x000129d4                AnalogEncoder::ProcessInt()
 .text._ZN13AnalogEncoder14ProcessIntSelfEv
                0x00012a3c       0x6e Libraries/FEHIO.o
                0x00012a3c                AnalogEncoder::ProcessIntSelf()
 .text._Z7ADC_CalPV10ADC_MemMap
                0x00012aaa      0x13e Drivers/adc16.o
                0x00012aaa                ADC_Cal(ADC_MemMap volatile*)
 .text._Z14ADC_Config_AltPV10ADC_MemMapP7adc_cfg
                0x00012be8       0x6c Drivers/adc16.o
                0x00012be8                ADC_Config_Alt(ADC_MemMap volatile*, adc_cfg*)
 .text._ZN9FEHBuzzerC2Ev
                0x00012c54       0x14 Libraries/FEHBuzzer.o
                0x00012c54                FEHBuzzer::FEHBuzzer()
                0x00012c54                FEHBuzzer::FEHBuzzer()
 .text._Z41__static_initialization_and_destruction_0ii
                0x00012c68       0x2c Libraries/FEHBuzzer.o
 .text._GLOBAL__sub_I_Buzzer
                0x00012c94       0x10 Libraries/FEHBuzzer.o
 .text._ZN8FEHServoC2ENS_12FEHServoPortE
                0x00012ca4       0x38 Libraries/FEHServo.o
                0x00012ca4                FEHServo::FEHServo(FEHServo::FEHServoPort)
                0x00012ca4                FEHServo::FEHServo(FEHServo::FEHServoPort)
 .text._ZN8FEHServo6SetMinEi
                0x00012cdc       0x3a Libraries/FEHServo.o
                0x00012cdc                FEHServo::SetMin(int)
 .text._ZN8FEHServo6SetMaxEi
                0x00012d16       0x3a Libraries/FEHServo.o
                0x00012d16                FEHServo::SetMax(int)
 .text._ZN8FEHServo9SetDegreeEf
                0x00012d50       0xf8 Libraries/FEHServo.o
                0x00012d50                FEHServo::SetDegree(float)
 .text._ZN6FEHLCD11_InitializeEv
                0x00012e48      0x410 Libraries/FEHLCD.o
                0x00012e48                FEHLCD::_Initialize()
 .text._ZN6FEHLCDC2Ev
                0x00013258       0x50 Libraries/FEHLCD.o
                0x00013258                FEHLCD::FEHLCD()
                0x00013258                FEHLCD::FEHLCD()
 .text._ZN6FEHLCD10InitializeEv
                0x000132a8       0x28 Libraries/FEHLCD.o
                0x000132a8                FEHLCD::Initialize()
 .text._ZN6FEHLCD10PrintImageEii
                0x000132d0       0xbc Libraries/FEHLCD.o
                0x000132d0                FEHLCD::PrintImage(int, int)
 .text._ZN6FEHLCD9PrintLogoEii
                0x0001338c       0xbc Libraries/FEHLCD.o
                0x0001338c                FEHLCD::PrintLogo(int, int)
 .text._ZN6FEHLCD22ConvertFEHColorTo24BitENS_11FEHLCDColorE
                0x00013448       0x78 Libraries/FEHLCD.o
                0x00013448                FEHLCD::ConvertFEHColorTo24Bit(FEHLCD::FEHLCDColor)
 .text._ZN6FEHLCD24Convert24BitColorTo16BitEj
                0x000134c0       0x30 Libraries/FEHLCD.o
                0x000134c0                FEHLCD::Convert24BitColorTo16Bit(unsigned int)
 .text._ZN6FEHLCD22ConvertRGBColorTo16BitEhhh
                0x000134f0       0x4a Libraries/FEHLCD.o
                0x000134f0                FEHLCD::ConvertRGBColorTo16Bit(unsigned char, unsigned char, unsigned char)
 .text._ZN6FEHLCD5ClearENS_11FEHLCDColorE
                0x0001353a       0x28 Libraries/FEHLCD.o
                0x0001353a                FEHLCD::Clear(FEHLCD::FEHLCDColor)
 .text._ZN6FEHLCD5ClearEj
                0x00013562       0x2c Libraries/FEHLCD.o
                0x00013562                FEHLCD::Clear(unsigned int)
 .text._ZN6FEHLCD5ClearEv
                0x0001358e       0x16 Libraries/FEHLCD.o
                0x0001358e                FEHLCD::Clear()
 .text._ZN6FEHLCD18SetBackgroundColorENS_11FEHLCDColorE
                0x000135a4       0x28 Libraries/FEHLCD.o
                0x000135a4                FEHLCD::SetBackgroundColor(FEHLCD::FEHLCDColor)
 .text._ZN6FEHLCD18SetBackgroundColorEj
                0x000135cc       0x26 Libraries/FEHLCD.o
                0x000135cc                FEHLCD::SetBackgroundColor(unsigned int)
 .text._ZN6FEHLCD12SetFontColorENS_11FEHLCDColorE
                0x000135f2       0x28 Libraries/FEHLCD.o
                0x000135f2                FEHLCD::SetFontColor(FEHLCD::FEHLCDColor)
 .text._ZN6FEHLCD12SetFontColorEj
                0x0001361a       0x26 Libraries/FEHLCD.o
                0x0001361a                FEHLCD::SetFontColor(unsigned int)
 .text._ZN6FEHLCD7WriteAtEPKcii
                0x00013640       0x46 Libraries/FEHLCD.o
                0x00013640                FEHLCD::WriteAt(char const*, int, int)
 .text._ZN6FEHLCD11TS_SPI_InitEv
                0x00013686       0x7c Libraries/FEHLCD.o
                0x00013686                FEHLCD::TS_SPI_Init()
 *fill*         0x00013702        0x6 ff
 .text._ZN6FEHLCD5TouchEPfS0_
                0x00013708      0x1fc Libraries/FEHLCD.o
                0x00013708                FEHLCD::Touch(float*, float*)
 .text._ZN6FEHLCD3absEi
                0x00013904       0x22 Libraries/FEHLCD.o
                0x00013904                FEHLCD::abs(int)
 .text._ZN6FEHLCD5WriteEPKc
                0x00013926       0x4e Libraries/FEHLCD.o
                0x00013926                FEHLCD::Write(char const*)
 .text._ZN6FEHLCD5WriteEi
                0x00013974       0x30 Libraries/FEHLCD.o
                0x00013974                FEHLCD::Write(int)
 .text._ZN6FEHLCD5WriteEf
                0x000139a4       0xc0 Libraries/FEHLCD.o
                0x000139a4                FEHLCD::Write(float)
 .text._ZN6FEHLCD5WriteEd
                0x00013a64       0x26 Libraries/FEHLCD.o
                0x00013a64                FEHLCD::Write(double)
 .text._ZN6FEHLCD5WriteEc
                0x00013a8a       0x30 Libraries/FEHLCD.o
                0x00013a8a                FEHLCD::Write(char)
 .text._ZN6FEHLCD9WriteLineEPKc
                0x00013aba       0x26 Libraries/FEHLCD.o
                0x00013aba                FEHLCD::WriteLine(char const*)
 .text._ZN6FEHLCD9WriteLineEf
                0x00013ae0       0x26 Libraries/FEHLCD.o
                0x00013ae0                FEHLCD::WriteLine(float)
 .text._ZN6FEHLCD9WriteLineEd
                0x00013b06       0x2a Libraries/FEHLCD.o
                0x00013b06                FEHLCD::WriteLine(double)
 .text._ZN6FEHLCD9WriteLineEc
                0x00013b30       0x2a Libraries/FEHLCD.o
                0x00013b30                FEHLCD::WriteLine(char)
 *fill*         0x00013b5a        0x2 ff
 .text._ZN6FEHLCD10WriteIndexEh
                0x00013b5c      0x14c Libraries/FEHLCD.o
                0x00013b5c                FEHLCD::WriteIndex(unsigned char)
 .text._ZN6FEHLCD14WriteParameterEh
                0x00013ca8      0x130 Libraries/FEHLCD.o
                0x00013ca8                FEHLCD::WriteParameter(unsigned char)
 .text._ZN6FEHLCD6_ClearEv
                0x00013dd8      0x15c Libraries/FEHLCD.o
                0x00013dd8                FEHLCD::_Clear()
 .text._ZN6FEHLCD8NextLineEv
                0x00013f34       0x2a Libraries/FEHLCD.o
                0x00013f34                FEHLCD::NextLine()
 .text._ZN6FEHLCD9CheckLineEv
                0x00013f5e       0x28 Libraries/FEHLCD.o
                0x00013f5e                FEHLCD::CheckLine()
 .text._ZN6FEHLCD8NextCharEv
                0x00013f86       0x32 Libraries/FEHLCD.o
                0x00013f86                FEHLCD::NextChar()
 .text._ZN6FEHLCD9DrawPixelEii
                0x00013fb8       0x2a Libraries/FEHLCD.o
                0x00013fb8                FEHLCD::DrawPixel(int, int)
 .text._Z4SwapRiS_
                0x00013fe2       0x28 Libraries/FEHLCD.o
                0x00013fe2                Swap(int&, int&)
 .text._ZN6FEHLCD13DrawRectangleEiiii
                0x0001400a       0x7c Libraries/FEHLCD.o
                0x0001400a                FEHLCD::DrawRectangle(int, int, int, int)
 .text._ZN6FEHLCD13SetDrawRegionEiiii
                0x00014086       0xfe Libraries/FEHLCD.o
                0x00014086                FEHLCD::SetDrawRegion(int, int, int, int)
 .text._ZN6FEHLCD13FillRectangleEiiii
                0x00014184       0x4c Libraries/FEHLCD.o
                0x00014184                FEHLCD::FillRectangle(int, int, int, int)
 .text._ZN6FEHLCD8DrawLineEiiii
                0x000141d0      0x14c Libraries/FEHLCD.o
                0x000141d0                FEHLCD::DrawLine(int, int, int, int)
 .text._ZN6FEHLCD9WriteCharEiic
                0x0001431c       0x34 Libraries/FEHLCD.o
                0x0001431c                FEHLCD::WriteChar(int, int, char)
 .text._ZN6FEHLCD11WriteCharAtEiic
                0x00014350      0x214 Libraries/FEHLCD.o
                0x00014350                FEHLCD::WriteCharAt(int, int, char)
 .text._ZN6FEHLCD11RepeatColorEv
                0x00014564       0x70 Libraries/FEHLCD.o
                0x00014564                FEHLCD::RepeatColor()
 .text._ZN6FEHLCD10_ForePixelEv
                0x000145d4       0xc4 Libraries/FEHLCD.o
                0x000145d4                FEHLCD::_ForePixel()
 .text._ZN6FEHLCD10_BackPixelEv
                0x00014698       0xc4 Libraries/FEHLCD.o
                0x00014698                FEHLCD::_BackPixel()
 .text._ZN6FEHLCD22SetRegisterColorValuesEv
                0x0001475c      0x336 Libraries/FEHLCD.o
                0x0001475c                FEHLCD::SetRegisterColorValues()
 .text._ZN7FEHIcon4IconC2Ev
                0x00014a92       0x14 Libraries/FEHLCD.o
                0x00014a92                FEHIcon::Icon::Icon()
                0x00014a92                FEHIcon::Icon::Icon()
 .text._ZN7FEHIcon4Icon13SetPropertiesEPciiiijj
                0x00014aa6       0x6a Libraries/FEHLCD.o
                0x00014aa6                FEHIcon::Icon::SetProperties(char*, int, int, int, int, unsigned int, unsigned int)
 .text._ZN7FEHIcon4Icon4DrawEv
                0x00014b10       0x90 Libraries/FEHLCD.o
                0x00014b10                FEHIcon::Icon::Draw()
 .text._ZN7FEHIcon4Icon6SelectEv
                0x00014ba0       0x90 Libraries/FEHLCD.o
                0x00014ba0                FEHIcon::Icon::Select()
 .text._ZN7FEHIcon4Icon8DeselectEv
                0x00014c30       0x8c Libraries/FEHLCD.o
                0x00014c30                FEHIcon::Icon::Deselect()
 .text._ZN7FEHIcon4Icon7PressedEffi
                0x00014cbc      0x13c Libraries/FEHLCD.o
                0x00014cbc                FEHIcon::Icon::Pressed(float, float, int)
 .text._ZN7FEHIcon4Icon12WhilePressedEff
                0x00014df8       0x50 Libraries/FEHLCD.o
                0x00014df8                FEHIcon::Icon::WhilePressed(float, float)
 .text._ZN7FEHIcon13DrawIconArrayEPNS_4IconEiiiiiiPA20_cjj
                0x00014e48      0x168 Libraries/FEHLCD.o
                0x00014e48                FEHIcon::DrawIconArray(FEHIcon::Icon*, int, int, int, int, int, int, char (*) [20], unsigned int, unsigned int)
 .text._Z41__static_initialization_and_destruction_0ii
                0x00014fb0       0x2c Libraries/FEHLCD.o
 .text._GLOBAL__sub_I_image
                0x00014fdc       0x10 Libraries/FEHLCD.o
 .text._ZN8FEHAccelC2Ev
                0x00014fec       0x70 Libraries/FEHAccel.o
                0x00014fec                FEHAccel::FEHAccel()
                0x00014fec                FEHAccel::FEHAccel()
 .text._Z41__static_initialization_and_destruction_0ii
                0x0001505c       0x2c Libraries/FEHAccel.o
 .text._GLOBAL__sub_I_Accel
                0x00015088       0x10 Libraries/FEHAccel.o
 .text._ZN10FEHBattery7VoltageEv
                0x00015098       0x54 Libraries/FEHBattery.o
                0x00015098                FEHBattery::Voltage()
 .text._ZN10FEHBatteryC2EN5FEHIO8FEHIOPinE
                0x000150ec       0x22 Libraries/FEHBattery.o
                0x000150ec                FEHBattery::FEHBattery(FEHIO::FEHIOPin)
                0x000150ec                FEHBattery::FEHBattery(FEHIO::FEHIOPin)
 *fill*         0x0001510e        0x2 ff
 .text._Z41__static_initialization_and_destruction_0ii
                0x00015110       0x30 Libraries/FEHBattery.o
 .text._GLOBAL__sub_I_Battery
                0x00015140       0x10 Libraries/FEHBattery.o
 .text._ZN7FEHXBeeC2Ev
                0x00015150       0x1a Drivers/FEHXBee.o
                0x00015150                FEHXBee::FEHXBee()
                0x00015150                FEHXBee::FEHXBee()
 *fill*         0x0001516a        0x2 ff
 .text._ZN7FEHXBee10InitializeEv
                0x0001516c       0xdc Drivers/FEHXBee.o
                0x0001516c                FEHXBee::Initialize()
 .text._ZN7FEHXBee13IsInitializedEv
                0x00015248       0x16 Drivers/FEHXBee.o
                0x00015248                FEHXBee::IsInitialized()
 *fill*         0x0001525e        0x2 ff
 .text._ZN7FEHXBee17ReceiveDataSearchEPcjh
                0x00015260       0x8c Drivers/FEHXBee.o
                0x00015260                FEHXBee::ReceiveDataSearch(char*, unsigned int, unsigned char)
 .text._ZN7FEHXBee8SendDataEPcj
                0x000152ec       0x40 Drivers/FEHXBee.o
                0x000152ec                FEHXBee::SendData(char*, unsigned int)
 .text._ZN7FEHXBee17SetPacketCallBackEPFvPhhE
                0x0001532c       0x20 Drivers/FEHXBee.o
                0x0001532c                FEHXBee::SetPacketCallBack(void (*)(unsigned char*, unsigned char))
 .text._Z22UART0_RX_TX_IRQHandlerv
                0x0001534c       0xec Drivers/FEHXBee.o
                0x0001534c                UART0_RX_TX_IRQHandler()
 .text._ZN6FEHRPSC2Ev
                0x00015438       0x74 Libraries/FEHRPS.o
                0x00015438                FEHRPS::FEHRPS()
                0x00015438                FEHRPS::FEHRPS()
 .text._ZN6FEHRPS10InitializeEi
                0x000154ac      0x664 Libraries/FEHRPS.o
                0x000154ac                FEHRPS::Initialize(int)
 .text._ZN6FEHRPS10InitializeEc
                0x00015b10       0x46 Libraries/FEHRPS.o
                0x00015b10                FEHRPS::Initialize(char)
 *fill*         0x00015b56        0x2 ff
 .text._ZN6FEHRPS19InitializeTouchMenuEv
                0x00015b58      0x41c Libraries/FEHRPS.o
                0x00015b58                FEHRPS::InitializeTouchMenu()
 .text._ZN6FEHRPS19CurrentRegionLetterEv
                0x00015f74       0x1c Libraries/FEHRPS.o
                0x00015f74                FEHRPS::CurrentRegionLetter()
 .text._ZN6FEHRPS13WaitForPacketEv
                0x00015f90       0x58 Libraries/FEHRPS.o
                0x00015f90                FEHRPS::WaitForPacket()
 .text._ZN6FEHRPS1XEv
                0x00015fe8       0x1c Libraries/FEHRPS.o
                0x00015fe8                FEHRPS::X()
 .text._ZN6FEHRPS1YEv
                0x00016004       0x1c Libraries/FEHRPS.o
                0x00016004                FEHRPS::Y()
 .text._ZN6FEHRPS7HeadingEv
                0x00016020       0x1c Libraries/FEHRPS.o
                0x00016020                FEHRPS::Heading()
 .text._Z14RPSDataProcessPhh
                0x0001603c      0x148 Libraries/FEHRPS.o
                0x0001603c                RPSDataProcess(unsigned char*, unsigned char)
 .text._Z41__static_initialization_and_destruction_0ii
                0x00016184       0x2c Libraries/FEHRPS.o
 .text._GLOBAL__sub_I_RPS
                0x000161b0       0x10 Libraries/FEHRPS.o
 .text._ZN7FEHFileC2Ev
                0x000161c0       0x2c Libraries/FEHSD.o
                0x000161c0                FEHFile::FEHFile()
                0x000161c0                FEHFile::FEHFile()
 .text._ZN5FEHSDC2Ev
                0x000161ec       0x24 Libraries/FEHSD.o
                0x000161ec                FEHSD::FEHSD()
                0x000161ec                FEHSD::FEHSD()
 .text._ZN5FEHSD5FOpenEPKcS1_
                0x00016210      0x198 Libraries/FEHSD.o
                0x00016210                FEHSD::FOpen(char const*, char const*)
 .text._ZN5FEHSD6FCloseEP7FEHFile
                0x000163a8       0xb4 Libraries/FEHSD.o
                0x000163a8                FEHSD::FClose(FEHFile*)
 .text._ZN5FEHSD9FCloseAllEv
                0x0001645c       0x6c Libraries/FEHSD.o
                0x0001645c                FEHSD::FCloseAll()
 .text._ZN5FEHSD7FPrintfEP7FEHFilePKcz
                0x000164c8       0x58 Libraries/FEHSD.o
                0x000164c8                FEHSD::FPrintf(FEHFile*, char const*, ...)
 .text._ZN5FEHSD10InitializeEv
                0x00016520       0xe0 Libraries/FEHSD.o
                0x00016520                FEHSD::Initialize()
 .text._Z41__static_initialization_and_destruction_0ii
                0x00016600       0x2c Libraries/FEHSD.o
 .text._GLOBAL__sub_I_SD
                0x0001662c       0x10 Libraries/FEHSD.o
 .text._ZN9FEHRandom10InitializeEv
                0x0001663c       0x3c Libraries/FEHRandom.o
                0x0001663c                FEHRandom::Initialize()
 .text._ZdlPvj  0x00016678        0x4 c:/program files (x86)/gnu arm embedded toolchain/10 2020-q4-major/bin/../lib/gcc/arm-none-eabi/10.2.1/../../../../arm-none-eabi/lib/thumb/v7e-m/nofp\libstdc++.a(del_ops.o)
                0x00016678                operator delete(void*, unsigned int)
 .text._Znwj    0x0001667c       0x3c c:/program files (x86)/gnu arm embedded toolchain/10 2020-q4-major/bin/../lib/gcc/arm-none-eabi/10.2.1/../../../../arm-none-eabi/lib/thumb/v7e-m/nofp\libstdc++.a(new_op.o)
                0x0001667c                operator new(unsigned int)
 .text._ZNKSt9bad_alloc4whatEv
                0x000166b8        0x8 c:/program files (x86)/gnu arm embedded toolchain/10 2020-q4-major/bin/../lib/gcc/arm-none-eabi/10.2.1/../../../../arm-none-eabi/lib/thumb/v7e-m/nofp\libstdc++.a(bad_alloc.o)
                0x000166b8                std::bad_alloc::what() const
 .text._ZNSt9bad_allocD2Ev
                0x000166c0       0x14 c:/program files (x86)/gnu arm embedded toolchain/10 2020-q4-major/bin/../lib/gcc/arm-none-eabi/10.2.1/../../../../arm-none-eabi/lib/thumb/v7e-m/nofp\libstdc++.a(bad_alloc.o)
                0x000166c0                std::bad_alloc::~bad_alloc()
                0x000166c0                std::bad_alloc::~bad_alloc()
 .text._ZNSt9bad_allocD0Ev
                0x000166d4       0x1c c:/program files (x86)/gnu arm embedded toolchain/10 2020-q4-major/bin/../lib/gcc/arm-none-eabi/10.2.1/../../../../arm-none-eabi/lib/thumb/v7e-m/nofp\libstdc++.a(bad_alloc.o)
                0x000166d4                std::bad_alloc::~bad_alloc()
 .text._ZdlPv   0x000166f0        0x4 c:/program files (x86)/gnu arm embedded toolchain/10 2020-q4-major/bin/../lib/gcc/arm-none-eabi/10.2.1/../../../../arm-none-eabi/lib/thumb/v7e-m/nofp\libstdc++.a(del_op.o)
                0x000166f0                operator delete(void*)
 .text._ZN12_GLOBAL__N_14pool4freeEPv.constprop.0
                0x000166f4       0x88 c:/program files (x86)/gnu arm embedded toolchain/10 2020-q4-major/bin/../lib/gcc/arm-none-eabi/10.2.1/../../../../arm-none-eabi/lib/thumb/v7e-m/nofp\libstdc++.a(eh_alloc.o)
 .text._ZN12_GLOBAL__N_14pool8allocateEj.constprop.0
                0x0001677c       0x5c c:/program files (x86)/gnu arm embedded toolchain/10 2020-q4-major/bin/../lib/gcc/arm-none-eabi/10.2.1/../../../../arm-none-eabi/lib/thumb/v7e-m/nofp\libstdc++.a(eh_alloc.o)
 .text.__cxa_allocate_exception
                0x000167d8       0x30 c:/program files (x86)/gnu arm embedded toolchain/10 2020-q4-major/bin/../lib/gcc/arm-none-eabi/10.2.1/../../../../arm-none-eabi/lib/thumb/v7e-m/nofp\libstdc++.a(eh_alloc.o)
                0x000167d8                __cxa_allocate_exception
 .text.__cxa_free_exception
                0x00016808       0x20 c:/program files (x86)/gnu arm embedded toolchain/10 2020-q4-major/bin/../lib/gcc/arm-none-eabi/10.2.1/../../../../arm-none-eabi/lib/thumb/v7e-m/nofp\libstdc++.a(eh_alloc.o)
                0x00016808                __cxa_free_exception
 .text.startup._GLOBAL__sub_I__ZN9__gnu_cxx9__freeresEv
                0x00016828       0x28 c:/program files (x86)/gnu arm embedded toolchain/10 2020-q4-major/bin/../lib/gcc/arm-none-eabi/10.2.1/../../../../arm-none-eabi/lib/thumb/v7e-m/nofp\libstdc++.a(eh_alloc.o)
 .text._ZNSt9exceptionD2Ev
                0x00016850        0x4 c:/program files (x86)/gnu arm embedded toolchain/10 2020-q4-major/bin/../lib/gcc/arm-none-eabi/10.2.1/../../../../arm-none-eabi/lib/thumb/v7e-m/nofp\libstdc++.a(eh_exception.o)
                0x00016850                std::exception::~exception()
                0x00016850                std::exception::~exception()
 .text._ZNSt13bad_exceptionD2Ev
                0x00016854        0x4 c:/program files (x86)/gnu arm embedded toolchain/10 2020-q4-major/bin/../lib/gcc/arm-none-eabi/10.2.1/../../../../arm-none-eabi/lib/thumb/v7e-m/nofp\libstdc++.a(eh_exception.o)
                0x00016854                std::bad_exception::~bad_exception()
                0x00016854                std::bad_exception::~bad_exception()
 .text._ZNKSt13bad_exception4whatEv
                0x00016858        0x8 c:/program files (x86)/gnu arm embedded toolchain/10 2020-q4-major/bin/../lib/gcc/arm-none-eabi/10.2.1/../../../../arm-none-eabi/lib/thumb/v7e-m/nofp\libstdc++.a(eh_exception.o)
                0x00016858                std::bad_exception::what() const
                0x00016858                transaction clone for std::bad_exception::what() const
 .text._ZNSt13bad_exceptionD0Ev
                0x00016860       0x10 c:/program files (x86)/gnu arm embedded toolchain/10 2020-q4-major/bin/../lib/gcc/arm-none-eabi/10.2.1/../../../../arm-none-eabi/lib/thumb/v7e-m/nofp\libstdc++.a(eh_exception.o)
                0x00016860                std::bad_exception::~bad_exception()
 .text._ZN10__cxxabiv111__terminateEPFvvE
                0x00016870       0x28 c:/program files (x86)/gnu arm embedded toolchain/10 2020-q4-major/bin/../lib/gcc/arm-none-eabi/10.2.1/../../../../arm-none-eabi/lib/thumb/v7e-m/nofp\libstdc++.a(eh_terminate.o)
                0x00016870                __cxxabiv1::__terminate(void (*)())
 .text._ZSt9terminatev
                0x00016898       0x14 c:/program files (x86)/gnu arm embedded toolchain/10 2020-q4-major/bin/../lib/gcc/arm-none-eabi/10.2.1/../../../../arm-none-eabi/lib/thumb/v7e-m/nofp\libstdc++.a(eh_terminate.o)
                0x00016898                std::terminate()
 .text._ZN10__cxxabiv112__unexpectedEPFvvE
                0x000168ac        0x8 c:/program files (x86)/gnu arm embedded toolchain/10 2020-q4-major/bin/../lib/gcc/arm-none-eabi/10.2.1/../../../../arm-none-eabi/lib/thumb/v7e-m/nofp\libstdc++.a(eh_terminate.o)
                0x000168ac                __cxxabiv1::__unexpected(void (*)())
 .text._ZSt10unexpectedv
                0x000168b4       0x14 c:/program files (x86)/gnu arm embedded toolchain/10 2020-q4-major/bin/../lib/gcc/arm-none-eabi/10.2.1/../../../../arm-none-eabi/lib/thumb/v7e-m/nofp\libstdc++.a(eh_terminate.o)
                0x000168b4                std::unexpected()
 .text._ZSt13get_terminatev
                0x000168c8       0x10 c:/program files (x86)/gnu arm embedded toolchain/10 2020-q4-major/bin/../lib/gcc/arm-none-eabi/10.2.1/../../../../arm-none-eabi/lib/thumb/v7e-m/nofp\libstdc++.a(eh_terminate.o)
                0x000168c8                std::get_terminate()
 .text._ZSt14get_unexpectedv
                0x000168d8       0x10 c:/program files (x86)/gnu arm embedded toolchain/10 2020-q4-major/bin/../lib/gcc/arm-none-eabi/10.2.1/../../../../arm-none-eabi/lib/thumb/v7e-m/nofp\libstdc++.a(eh_terminate.o)
                0x000168d8                std::get_unexpected()
 .text._ZL23__gxx_exception_cleanup19_Unwind_Reason_CodeP21_Unwind_Control_Block
                0x000168e8       0x44 c:/program files (x86)/gnu arm embedded toolchain/10 2020-q4-major/bin/../lib/gcc/arm-none-eabi/10.2.1/../../../../arm-none-eabi/lib/thumb/v7e-m/nofp\libstdc++.a(eh_throw.o)
 .text.__cxa_init_primary_exception
                0x0001692c       0x58 c:/program files (x86)/gnu arm embedded toolchain/10 2020-q4-major/bin/../lib/gcc/arm-none-eabi/10.2.1/../../../../arm-none-eabi/lib/thumb/v7e-m/nofp\libstdc++.a(eh_throw.o)
                0x0001692c                __cxa_init_primary_exception
 .text.__cxa_throw
                0x00016984       0x34 c:/program files (x86)/gnu arm embedded toolchain/10 2020-q4-major/bin/../lib/gcc/arm-none-eabi/10.2.1/../../../../arm-none-eabi/lib/thumb/v7e-m/nofp\libstdc++.a(eh_throw.o)
                0x00016984                __cxa_throw
 .text.__cxa_rethrow
                0x000169b8       0x70 c:/program files (x86)/gnu arm embedded toolchain/10 2020-q4-major/bin/../lib/gcc/arm-none-eabi/10.2.1/../../../../arm-none-eabi/lib/thumb/v7e-m/nofp\libstdc++.a(eh_throw.o)
                0x000169b8                __cxa_rethrow
 .text._ZSt15get_new_handlerv
                0x00016a28       0x10 c:/program files (x86)/gnu arm embedded toolchain/10 2020-q4-major/bin/../lib/gcc/arm-none-eabi/10.2.1/../../../../arm-none-eabi/lib/thumb/v7e-m/nofp\libstdc++.a(new_handler.o)
                0x00016a28                std::get_new_handler()
 .text._ZN10__cxxabiv120__si_class_type_infoD2Ev
                0x00016a38       0x14 c:/program files (x86)/gnu arm embedded toolchain/10 2020-q4-major/bin/../lib/gcc/arm-none-eabi/10.2.1/../../../../arm-none-eabi/lib/thumb/v7e-m/nofp\libstdc++.a(si_class_type_info.o)
                0x00016a38                __cxxabiv1::__si_class_type_info::~__si_class_type_info()
                0x00016a38                __cxxabiv1::__si_class_type_info::~__si_class_type_info()
 .text._ZN10__cxxabiv120__si_class_type_infoD0Ev
                0x00016a4c       0x1c c:/program files (x86)/gnu arm embedded toolchain/10 2020-q4-major/bin/../lib/gcc/arm-none-eabi/10.2.1/../../../../arm-none-eabi/lib/thumb/v7e-m/nofp\libstdc++.a(si_class_type_info.o)
                0x00016a4c                __cxxabiv1::__si_class_type_info::~__si_class_type_info()
 .text._ZNK10__cxxabiv120__si_class_type_info20__do_find_public_srcEiPKvPKNS_17__class_type_infoES2_
                0x00016a68       0x3c c:/program files (x86)/gnu arm embedded toolchain/10 2020-q4-major/bin/../lib/gcc/arm-none-eabi/10.2.1/../../../../arm-none-eabi/lib/thumb/v7e-m/nofp\libstdc++.a(si_class_type_info.o)
                0x00016a68                __cxxabiv1::__si_class_type_info::__do_find_public_src(int, void const*, __cxxabiv1::__class_type_info const*, void const*) const
 .text._ZNK10__cxxabiv120__si_class_type_info12__do_dyncastEiNS_17__class_type_info10__sub_kindEPKS1_PKvS4_S6_RNS1_16__dyncast_resultE
                0x00016aa4       0x84 c:/program files (x86)/gnu arm embedded toolchain/10 2020-q4-major/bin/../lib/gcc/arm-none-eabi/10.2.1/../../../../arm-none-eabi/lib/thumb/v7e-m/nofp\libstdc++.a(si_class_type_info.o)
                0x00016aa4                __cxxabiv1::__si_class_type_info::__do_dyncast(int, __cxxabiv1::__class_type_info::__sub_kind, __cxxabiv1::__class_type_info const*, void const*, __cxxabiv1::__class_type_info const*, void const*, __cxxabiv1::__class_type_info::__dyncast_result&) const
 .text._ZNK10__cxxabiv120__si_class_type_info11__do_upcastEPKNS_17__class_type_infoEPKvRNS1_15__upcast_resultE
                0x00016b28       0x2c c:/program files (x86)/gnu arm embedded toolchain/10 2020-q4-major/bin/../lib/gcc/arm-none-eabi/10.2.1/../../../../arm-none-eabi/lib/thumb/v7e-m/nofp\libstdc++.a(si_class_type_info.o)
                0x00016b28                __cxxabiv1::__si_class_type_info::__do_upcast(__cxxabiv1::__class_type_info const*, void const*, __cxxabiv1::__class_type_info::__upcast_result&) const
 .text._ZNSt9type_infoD2Ev
                0x00016b54        0x4 c:/program files (x86)/gnu arm embedded toolchain/10 2020-q4-major/bin/../lib/gcc/arm-none-eabi/10.2.1/../../../../arm-none-eabi/lib/thumb/v7e-m/nofp\libstdc++.a(tinfo.o)
                0x00016b54                std::type_info::~type_info()
                0x00016b54                std::type_info::~type_info()
 .text._ZNKSt9type_info14__is_pointer_pEv
                0x00016b58        0x4 c:/program files (x86)/gnu arm embedded toolchain/10 2020-q4-major/bin/../lib/gcc/arm-none-eabi/10.2.1/../../../../arm-none-eabi/lib/thumb/v7e-m/nofp\libstdc++.a(tinfo.o)
                0x00016b58                std::type_info::__is_pointer_p() const
                0x00016b58                std::type_info::__is_function_p() const
 .text._ZNKSt9type_infoeqERKS_
                0x00016b5c       0x2c c:/program files (x86)/gnu arm embedded toolchain/10 2020-q4-major/bin/../lib/gcc/arm-none-eabi/10.2.1/../../../../arm-none-eabi/lib/thumb/v7e-m/nofp\libstdc++.a(tinfo.o)
                0x00016b5c                std::type_info::operator==(std::type_info const&) const
 .text._ZN9__gnu_cxx27__verbose_terminate_handlerEv
                0x00016b88      0x10c c:/program files (x86)/gnu arm embedded toolchain/10 2020-q4-major/bin/../lib/gcc/arm-none-eabi/10.2.1/../../../../arm-none-eabi/lib/thumb/v7e-m/nofp\libstdc++.a(vterminate.o)
                0x00016b88                __gnu_cxx::__verbose_terminate_handler()
 .text._ZNK10__cxxabiv117__class_type_info11__do_upcastEPKS0_PPv
                0x00016c94       0x34 c:/program files (x86)/gnu arm embedded toolchain/10 2020-q4-major/bin/../lib/gcc/arm-none-eabi/10.2.1/../../../../arm-none-eabi/lib/thumb/v7e-m/nofp\libstdc++.a(class_type_info.o)
                0x00016c94                __cxxabiv1::__class_type_info::__do_upcast(__cxxabiv1::__class_type_info const*, void**) const
 .text._ZNK10__cxxabiv117__class_type_info20__do_find_public_srcEiPKvPKS0_S2_
                0x00016cc8        0xc c:/program files (x86)/gnu arm embedded toolchain/10 2020-q4-major/bin/../lib/gcc/arm-none-eabi/10.2.1/../../../../arm-none-eabi/lib/thumb/v7e-m/nofp\libstdc++.a(class_type_info.o)
                0x00016cc8                __cxxabiv1::__class_type_info::__do_find_public_src(int, void const*, __cxxabiv1::__class_type_info const*, void const*) const
 .text._ZN10__cxxabiv117__class_type_infoD2Ev
                0x00016cd4       0x14 c:/program files (x86)/gnu arm embedded toolchain/10 2020-q4-major/bin/../lib/gcc/arm-none-eabi/10.2.1/../../../../arm-none-eabi/lib/thumb/v7e-m/nofp\libstdc++.a(class_type_info.o)
                0x00016cd4                __cxxabiv1::__class_type_info::~__class_type_info()
                0x00016cd4                __cxxabiv1::__class_type_info::~__class_type_info()
 .text._ZN10__cxxabiv117__class_type_infoD0Ev
                0x00016ce8       0x1c c:/program files (x86)/gnu arm embedded toolchain/10 2020-q4-major/bin/../lib/gcc/arm-none-eabi/10.2.1/../../../../arm-none-eabi/lib/thumb/v7e-m/nofp\libstdc++.a(class_type_info.o)
                0x00016ce8                __cxxabiv1::__class_type_info::~__class_type_info()
 .text._ZNK10__cxxabiv117__class_type_info12__do_dyncastEiNS0_10__sub_kindEPKS0_PKvS3_S5_RNS0_16__dyncast_resultE
                0x00016d04       0x44 c:/program files (x86)/gnu arm embedded toolchain/10 2020-q4-major/bin/../lib/gcc/arm-none-eabi/10.2.1/../../../../arm-none-eabi/lib/thumb/v7e-m/nofp\libstdc++.a(class_type_info.o)
                0x00016d04                __cxxabiv1::__class_type_info::__do_dyncast(int, __cxxabiv1::__class_type_info::__sub_kind, __cxxabiv1::__class_type_info const*, void const*, __cxxabiv1::__class_type_info const*, void const*, __cxxabiv1::__class_type_info::__dyncast_result&) const
 .text._ZNK10__cxxabiv117__class_type_info11__do_upcastEPKS0_PKvRNS0_15__upcast_resultE
                0x00016d48       0x1c c:/program files (x86)/gnu arm embedded toolchain/10 2020-q4-major/bin/../lib/gcc/arm-none-eabi/10.2.1/../../../../arm-none-eabi/lib/thumb/v7e-m/nofp\libstdc++.a(class_type_info.o)
                0x00016d48                __cxxabiv1::__class_type_info::__do_upcast(__cxxabiv1::__class_type_info const*, void const*, __cxxabiv1::__class_type_info::__upcast_result&) const
 .text._ZNK10__cxxabiv117__class_type_info10__do_catchEPKSt9type_infoPPvj
                0x00016d64       0x2c c:/program files (x86)/gnu arm embedded toolchain/10 2020-q4-major/bin/../lib/gcc/arm-none-eabi/10.2.1/../../../../arm-none-eabi/lib/thumb/v7e-m/nofp\libstdc++.a(class_type_info.o)
                0x00016d64                __cxxabiv1::__class_type_info::__do_catch(std::type_info const*, void**, unsigned int) const
 .text          0x00016d90     0x5fa4 c:/program files (x86)/gnu arm embedded toolchain/10 2020-q4-major/bin/../lib/gcc/arm-none-eabi/10.2.1/../../../../arm-none-eabi/lib/thumb/v7e-m/nofp\libstdc++.a(cp-demangle.o)
                0x0001cc4c                __cxa_demangle
                0x0001cd10                __gcclibcxx_demangle_callback
 .text.__cxa_end_cleanup
                0x0001cd34        0xc c:/program files (x86)/gnu arm embedded toolchain/10 2020-q4-major/bin/../lib/gcc/arm-none-eabi/10.2.1/../../../../arm-none-eabi/lib/thumb/v7e-m/nofp\libstdc++.a(eh_arm.o)
                0x0001cd34                __cxa_end_cleanup
 .text.__cxa_type_match
                0x0001cd40       0xb4 c:/program files (x86)/gnu arm embedded toolchain/10 2020-q4-major/bin/../lib/gcc/arm-none-eabi/10.2.1/../../../../arm-none-eabi/lib/thumb/v7e-m/nofp\libstdc++.a(eh_arm.o)
                0x0001cd40                __cxa_type_match
 .text.__cxa_begin_cleanup
                0x0001cdf4       0x64 c:/program files (x86)/gnu arm embedded toolchain/10 2020-q4-major/bin/../lib/gcc/arm-none-eabi/10.2.1/../../../../arm-none-eabi/lib/thumb/v7e-m/nofp\libstdc++.a(eh_arm.o)
                0x0001cdf4                __cxa_begin_cleanup
 .text.__gnu_end_cleanup
                0x0001ce58       0x70 c:/program files (x86)/gnu arm embedded toolchain/10 2020-q4-major/bin/../lib/gcc/arm-none-eabi/10.2.1/../../../../arm-none-eabi/lib/thumb/v7e-m/nofp\libstdc++.a(eh_arm.o)
                0x0001ce58                __gnu_end_cleanup
 .text._ZN10__cxxabiv1L24__is_gxx_exception_classEPc
                0x0001cec8       0x3c c:/program files (x86)/gnu arm embedded toolchain/10 2020-q4-major/bin/../lib/gcc/arm-none-eabi/10.2.1/../../../../arm-none-eabi/lib/thumb/v7e-m/nofp\libstdc++.a(eh_call.o)
 .text.__cxa_call_terminate
                0x0001cf04       0x20 c:/program files (x86)/gnu arm embedded toolchain/10 2020-q4-major/bin/../lib/gcc/arm-none-eabi/10.2.1/../../../../arm-none-eabi/lib/thumb/v7e-m/nofp\libstdc++.a(eh_call.o)
                0x0001cf04                __cxa_call_terminate
 .text.unlikely.__cxa_call_unexpected
                0x0001cf24       0xe4 c:/program files (x86)/gnu arm embedded toolchain/10 2020-q4-major/bin/../lib/gcc/arm-none-eabi/10.2.1/../../../../arm-none-eabi/lib/thumb/v7e-m/nofp\libstdc++.a(eh_call.o)
                0x0001cf24                __cxa_call_unexpected
 .text.__cxa_begin_catch
                0x0001d008       0x7c c:/program files (x86)/gnu arm embedded toolchain/10 2020-q4-major/bin/../lib/gcc/arm-none-eabi/10.2.1/../../../../arm-none-eabi/lib/thumb/v7e-m/nofp\libstdc++.a(eh_catch.o)
                0x0001d008                __cxa_begin_catch
 .text.__cxa_end_catch
                0x0001d084       0x8c c:/program files (x86)/gnu arm embedded toolchain/10 2020-q4-major/bin/../lib/gcc/arm-none-eabi/10.2.1/../../../../arm-none-eabi/lib/thumb/v7e-m/nofp\libstdc++.a(eh_catch.o)
                0x0001d084                __cxa_end_catch
 .text.__cxa_get_globals_fast
                0x0001d110        0x8 c:/program files (x86)/gnu arm embedded toolchain/10 2020-q4-major/bin/../lib/gcc/arm-none-eabi/10.2.1/../../../../arm-none-eabi/lib/thumb/v7e-m/nofp\libstdc++.a(eh_globals.o)
                0x0001d110                __cxa_get_globals_fast
 .text.__cxa_get_globals
                0x0001d118        0x8 c:/program files (x86)/gnu arm embedded toolchain/10 2020-q4-major/bin/../lib/gcc/arm-none-eabi/10.2.1/../../../../arm-none-eabi/lib/thumb/v7e-m/nofp\libstdc++.a(eh_globals.o)
                0x0001d118                __cxa_get_globals
 .text._ZL28read_encoded_value_with_basehjPKhPj
                0x0001d120       0xc0 c:/program files (x86)/gnu arm embedded toolchain/10 2020-q4-major/bin/../lib/gcc/arm-none-eabi/10.2.1/../../../../arm-none-eabi/lib/thumb/v7e-m/nofp\libstdc++.a(eh_personality.o)
 .text._ZL21base_of_encoded_valuehP15_Unwind_Context
                0x0001d1e0       0x48 c:/program files (x86)/gnu arm embedded toolchain/10 2020-q4-major/bin/../lib/gcc/arm-none-eabi/10.2.1/../../../../arm-none-eabi/lib/thumb/v7e-m/nofp\libstdc++.a(eh_personality.o)
 .text._ZL17parse_lsda_headerP15_Unwind_ContextPKhP16lsda_header_info
                0x0001d228       0x94 c:/program files (x86)/gnu arm embedded toolchain/10 2020-q4-major/bin/../lib/gcc/arm-none-eabi/10.2.1/../../../../arm-none-eabi/lib/thumb/v7e-m/nofp\libstdc++.a(eh_personality.o)
 .text.__gxx_personality_v0
                0x0001d2bc      0x4a8 c:/program files (x86)/gnu arm embedded toolchain/10 2020-q4-major/bin/../lib/gcc/arm-none-eabi/10.2.1/../../../../arm-none-eabi/lib/thumb/v7e-m/nofp\libstdc++.a(eh_personality.o)
                0x0001d2bc                __gxx_personality_v0
 .text.__cxa_current_exception_type
                0x0001d764       0x1c c:/program files (x86)/gnu arm embedded toolchain/10 2020-q4-major/bin/../lib/gcc/arm-none-eabi/10.2.1/../../../../arm-none-eabi/lib/thumb/v7e-m/nofp\libstdc++.a(eh_type.o)
                0x0001d764                __cxa_current_exception_type
 .text.atanf    0x0001d780      0x230 c:/program files (x86)/gnu arm embedded toolchain/10 2020-q4-major/bin/../lib/gcc/arm-none-eabi/10.2.1/../../../../arm-none-eabi/lib/thumb/v7e-m/nofp\libm.a(lib_a-sf_atan.o)
                0x0001d780                atanf
 .text.fabsf    0x0001d9b0        0x8 c:/program files (x86)/gnu arm embedded toolchain/10 2020-q4-major/bin/../lib/gcc/arm-none-eabi/10.2.1/../../../../arm-none-eabi/lib/thumb/v7e-m/nofp\libm.a(lib_a-sf_fabs.o)
                0x0001d9b0                fabsf
 .text.sqrtf    0x0001d9b8       0x48 c:/program files (x86)/gnu arm embedded toolchain/10 2020-q4-major/bin/../lib/gcc/arm-none-eabi/10.2.1/../../../../arm-none-eabi/lib/thumb/v7e-m/nofp\libm.a(lib_a-wf_sqrt.o)
                0x0001d9b8                sqrtf
 .text.__ieee754_sqrtf
                0x0001da00       0xb0 c:/program files (x86)/gnu arm embedded toolchain/10 2020-q4-major/bin/../lib/gcc/arm-none-eabi/10.2.1/../../../../arm-none-eabi/lib/thumb/v7e-m/nofp\libm.a(lib_a-ef_sqrt.o)
                0x0001da00                __ieee754_sqrtf
 .text          0x0001dab0      0x378 c:/program files (x86)/gnu arm embedded toolchain/10 2020-q4-major/bin/../lib/gcc/arm-none-eabi/10.2.1/thumb/v7e-m/nofp\libgcc.a(_arm_addsubdf3.o)
                0x0001dab0                __aeabi_drsub
                0x0001dab8                __aeabi_dsub
                0x0001dab8                __subdf3
                0x0001dabc                __aeabi_dadd
                0x0001dabc                __adddf3
                0x0001dd34                __floatunsidf
                0x0001dd34                __aeabi_ui2d
                0x0001dd54                __floatsidf
                0x0001dd54                __aeabi_i2d
                0x0001dd78                __aeabi_f2d
                0x0001dd78                __extendsfdf2
                0x0001ddbc                __floatundidf
                0x0001ddbc                __aeabi_ul2d
                0x0001ddcc                __floatdidf
                0x0001ddcc                __aeabi_l2d
 .text          0x0001de28      0x424 c:/program files (x86)/gnu arm embedded toolchain/10 2020-q4-major/bin/../lib/gcc/arm-none-eabi/10.2.1/thumb/v7e-m/nofp\libgcc.a(_arm_muldivdf3.o)
                0x0001de28                __aeabi_dmul
                0x0001de28                __muldf3
                0x0001e07c                __divdf3
                0x0001e07c                __aeabi_ddiv
 .text          0x0001e24c      0x110 c:/program files (x86)/gnu arm embedded toolchain/10 2020-q4-major/bin/../lib/gcc/arm-none-eabi/10.2.1/thumb/v7e-m/nofp\libgcc.a(_arm_cmpdf2.o)
                0x0001e24c                __gtdf2
                0x0001e24c                __gedf2
                0x0001e254                __ltdf2
                0x0001e254                __ledf2
                0x0001e25c                __nedf2
                0x0001e25c                __eqdf2
                0x0001e25c                __cmpdf2
                0x0001e2d8                __aeabi_cdrcmple
                0x0001e2e8                __aeabi_cdcmpeq
                0x0001e2e8                __aeabi_cdcmple
                0x0001e2f8                __aeabi_dcmpeq
                0x0001e30c                __aeabi_dcmplt
                0x0001e320                __aeabi_dcmple
                0x0001e334                __aeabi_dcmpge
                0x0001e348                __aeabi_dcmpgt
 .text          0x0001e35c       0x50 c:/program files (x86)/gnu arm embedded toolchain/10 2020-q4-major/bin/../lib/gcc/arm-none-eabi/10.2.1/thumb/v7e-m/nofp\libgcc.a(_arm_fixdfsi.o)
                0x0001e35c                __aeabi_d2iz
                0x0001e35c                __fixdfsi
 .text          0x0001e3ac       0x40 c:/program files (x86)/gnu arm embedded toolchain/10 2020-q4-major/bin/../lib/gcc/arm-none-eabi/10.2.1/thumb/v7e-m/nofp\libgcc.a(_arm_fixunsdfsi.o)
                0x0001e3ac                __aeabi_d2uiz
                0x0001e3ac                __fixunsdfsi
 .text          0x0001e3ec       0xa0 c:/program files (x86)/gnu arm embedded toolchain/10 2020-q4-major/bin/../lib/gcc/arm-none-eabi/10.2.1/thumb/v7e-m/nofp\libgcc.a(_arm_truncdfsf2.o)
                0x0001e3ec                __truncdfsf2
                0x0001e3ec                __aeabi_d2f
 .text          0x0001e48c      0x21c c:/program files (x86)/gnu arm embedded toolchain/10 2020-q4-major/bin/../lib/gcc/arm-none-eabi/10.2.1/thumb/v7e-m/nofp\libgcc.a(_arm_addsubsf3.o)
                0x0001e48c                __aeabi_frsub
                0x0001e494                __subsf3
                0x0001e494                __aeabi_fsub
                0x0001e498                __aeabi_fadd
                0x0001e498                __addsf3
                0x0001e5f8                __aeabi_ui2f
                0x0001e5f8                __floatunsisf
                0x0001e600                __aeabi_i2f
                0x0001e600                __floatsisf
                0x0001e61c                __aeabi_ul2f
                0x0001e61c                __floatundisf
                0x0001e62c                __aeabi_l2f
                0x0001e62c                __floatdisf
 .text          0x0001e6a8      0x2a0 c:/program files (x86)/gnu arm embedded toolchain/10 2020-q4-major/bin/../lib/gcc/arm-none-eabi/10.2.1/thumb/v7e-m/nofp\libgcc.a(_arm_muldivsf3.o)
                0x0001e6a8                __mulsf3
                0x0001e6a8                __aeabi_fmul
                0x0001e810                __aeabi_fdiv
                0x0001e810                __divsf3
 .text          0x0001e948       0xec c:/program files (x86)/gnu arm embedded toolchain/10 2020-q4-major/bin/../lib/gcc/arm-none-eabi/10.2.1/thumb/v7e-m/nofp\libgcc.a(_arm_cmpsf2.o)
                0x0001e948                __gesf2
                0x0001e948                __gtsf2
                0x0001e950                __lesf2
                0x0001e950                __ltsf2
                0x0001e958                __nesf2
                0x0001e958                __eqsf2
                0x0001e958                __cmpsf2
                0x0001e9b8                __aeabi_cfrcmple
                0x0001e9c0                __aeabi_cfcmpeq
                0x0001e9c0                __aeabi_cfcmple
                0x0001e9d0                __aeabi_fcmpeq
                0x0001e9e4                __aeabi_fcmplt
                0x0001e9f8                __aeabi_fcmple
                0x0001ea0c                __aeabi_fcmpge
                0x0001ea20                __aeabi_fcmpgt
 .text          0x0001ea34       0x2c c:/program files (x86)/gnu arm embedded toolchain/10 2020-q4-major/bin/../lib/gcc/arm-none-eabi/10.2.1/thumb/v7e-m/nofp\libgcc.a(_arm_unordsf2.o)
                0x0001ea34                __unordsf2
                0x0001ea34                __aeabi_fcmpun
 .text          0x0001ea60       0x4c c:/program files (x86)/gnu arm embedded toolchain/10 2020-q4-major/bin/../lib/gcc/arm-none-eabi/10.2.1/thumb/v7e-m/nofp\libgcc.a(_arm_fixsfsi.o)
                0x0001ea60                __aeabi_f2iz
                0x0001ea60                __fixsfsi
 .text          0x0001eaac      0x9d8 c:/program files (x86)/gnu arm embedded toolchain/10 2020-q4-major/bin/../lib/gcc/arm-none-eabi/10.2.1/thumb/v7e-m/nofp\libgcc.a(unwind-arm.o)
                0x0001ed54                _Unwind_GetCFA
                0x0001ed58                __gnu_Unwind_RaiseException
                0x0001edc0                __gnu_Unwind_ForcedUnwind
                0x0001edd0                __gnu_Unwind_Resume
                0x0001ee14                __gnu_Unwind_Resume_or_Rethrow
                0x0001ee24                _Unwind_Complete
                0x0001ee28                _Unwind_DeleteException
                0x0001ee34                _Unwind_VRS_Get
                0x0001ee80                _Unwind_VRS_Set
                0x0001eec8                __gnu_Unwind_Backtrace
                0x0001f1f4                __aeabi_unwind_cpp_pr0
                0x0001f1f8                __aeabi_unwind_cpp_pr1
                0x0001f1fc                __aeabi_unwind_cpp_pr2
                0x0001f200                _Unwind_VRS_Pop
 .text          0x0001f484      0x1ac c:/program files (x86)/gnu arm embedded toolchain/10 2020-q4-major/bin/../lib/gcc/arm-none-eabi/10.2.1/thumb/v7e-m/nofp\libgcc.a(libunwind.o)
                0x0001f484                __restore_core_regs
                0x0001f484                restore_core_regs
                0x0001f49c                __gnu_Unwind_Restore_VFP
                0x0001f4a4                __gnu_Unwind_Save_VFP
                0x0001f4ac                __gnu_Unwind_Restore_VFP_D
                0x0001f4b4                __gnu_Unwind_Save_VFP_D
                0x0001f4bc                __gnu_Unwind_Restore_VFP_D_16_to_31
                0x0001f4c4                __gnu_Unwind_Save_VFP_D_16_to_31
                0x0001f4cc                __gnu_Unwind_Restore_WMMXD
                0x0001f510                __gnu_Unwind_Save_WMMXD
                0x0001f554                __gnu_Unwind_Restore_WMMXC
                0x0001f568                __gnu_Unwind_Save_WMMXC
                0x0001f57c                ___Unwind_RaiseException
                0x0001f57c                _Unwind_RaiseException
                0x0001f5a0                _Unwind_Resume
                0x0001f5a0                ___Unwind_Resume
                0x0001f5c4                _Unwind_Resume_or_Rethrow
                0x0001f5c4                ___Unwind_Resume_or_Rethrow
                0x0001f5e8                _Unwind_ForcedUnwind
                0x0001f5e8                ___Unwind_ForcedUnwind
                0x0001f60c                ___Unwind_Backtrace
                0x0001f60c                _Unwind_Backtrace
 .text          0x0001f630      0x350 c:/program files (x86)/gnu arm embedded toolchain/10 2020-q4-major/bin/../lib/gcc/arm-none-eabi/10.2.1/thumb/v7e-m/nofp\libgcc.a(pr-support.o)
                0x0001f688                __gnu_unwind_execute
                0x0001f934                __gnu_unwind_frame
                0x0001f960                _Unwind_GetRegionStart
                0x0001f96c                _Unwind_GetLanguageSpecificData
 .text.unlikely
                0x0001f980        0xc c:/program files (x86)/gnu arm embedded toolchain/10 2020-q4-major/bin/../lib/gcc/arm-none-eabi/10.2.1/thumb/v7e-m/nofp\libgcc.a(pr-support.o)
                0x0001f980                _Unwind_GetDataRelBase
                0x0001f986                _Unwind_GetTextRelBase
 .text.abort    0x0001f98c       0x10 c:/program files (x86)/gnu arm embedded toolchain/10 2020-q4-major/bin/../lib/gcc/arm-none-eabi/10.2.1/../../../../arm-none-eabi/lib/thumb/v7e-m/nofp\libg.a(lib_a-abort.o)
                0x0001f98c                abort
 .text.__errno  0x0001f99c        0xc c:/program files (x86)/gnu arm embedded toolchain/10 2020-q4-major/bin/../lib/gcc/arm-none-eabi/10.2.1/../../../../arm-none-eabi/lib/thumb/v7e-m/nofp\libg.a(lib_a-errno.o)
                0x0001f99c                __errno
 .text.fputc    0x0001f9a8       0x58 c:/program files (x86)/gnu arm embedded toolchain/10 2020-q4-major/bin/../lib/gcc/arm-none-eabi/10.2.1/../../../../arm-none-eabi/lib/thumb/v7e-m/nofp\libg.a(lib_a-fputc.o)
                0x0001f9a8                fputc
 .text._fputs_r
                0x0001fa00       0x88 c:/program files (x86)/gnu arm embedded toolchain/10 2020-q4-major/bin/../lib/gcc/arm-none-eabi/10.2.1/../../../../arm-none-eabi/lib/thumb/v7e-m/nofp\libg.a(lib_a-fputs.o)
                0x0001fa00                _fputs_r
 .text.fputs    0x0001fa88       0x18 c:/program files (x86)/gnu arm embedded toolchain/10 2020-q4-major/bin/../lib/gcc/arm-none-eabi/10.2.1/../../../../arm-none-eabi/lib/thumb/v7e-m/nofp\libg.a(lib_a-fputs.o)
                0x0001fa88                fputs
 .text.__sfvwrite_r
                0x0001faa0      0x2e8 c:/program files (x86)/gnu arm embedded toolchain/10 2020-q4-major/bin/../lib/gcc/arm-none-eabi/10.2.1/../../../../arm-none-eabi/lib/thumb/v7e-m/nofp\libg.a(lib_a-fvwrite.o)
                0x0001faa0                __sfvwrite_r
 .text._fwrite_r
                0x0001fd88       0xa8 c:/program files (x86)/gnu arm embedded toolchain/10 2020-q4-major/bin/../lib/gcc/arm-none-eabi/10.2.1/../../../../arm-none-eabi/lib/thumb/v7e-m/nofp\libg.a(lib_a-fwrite.o)
                0x0001fd88                _fwrite_r
 .text.fwrite   0x0001fe30       0x20 c:/program files (x86)/gnu arm embedded toolchain/10 2020-q4-major/bin/../lib/gcc/arm-none-eabi/10.2.1/../../../../arm-none-eabi/lib/thumb/v7e-m/nofp\libg.a(lib_a-fwrite.o)
                0x0001fe30                fwrite
 .text.__libc_init_array
                0x0001fe50       0x48 c:/program files (x86)/gnu arm embedded toolchain/10 2020-q4-major/bin/../lib/gcc/arm-none-eabi/10.2.1/../../../../arm-none-eabi/lib/thumb/v7e-m/nofp\libg.a(lib_a-init.o)
                0x0001fe50                __libc_init_array
 .text.__retarget_lock_init_recursive
                0x0001fe98        0x4 c:/program files (x86)/gnu arm embedded toolchain/10 2020-q4-major/bin/../lib/gcc/arm-none-eabi/10.2.1/../../../../arm-none-eabi/lib/thumb/v7e-m/nofp\libg.a(lib_a-lock.o)
                0x0001fe98                __retarget_lock_init_recursive
 .text.__retarget_lock_close_recursive
                0x0001fe9c        0x4 c:/program files (x86)/gnu arm embedded toolchain/10 2020-q4-major/bin/../lib/gcc/arm-none-eabi/10.2.1/../../../../arm-none-eabi/lib/thumb/v7e-m/nofp\libg.a(lib_a-lock.o)
                0x0001fe9c                __retarget_lock_close_recursive
 .text.__retarget_lock_acquire_recursive
                0x0001fea0        0x4 c:/program files (x86)/gnu arm embedded toolchain/10 2020-q4-major/bin/../lib/gcc/arm-none-eabi/10.2.1/../../../../arm-none-eabi/lib/thumb/v7e-m/nofp\libg.a(lib_a-lock.o)
                0x0001fea0                __retarget_lock_acquire_recursive
 .text.__retarget_lock_release_recursive
                0x0001fea4        0x4 c:/program files (x86)/gnu arm embedded toolchain/10 2020-q4-major/bin/../lib/gcc/arm-none-eabi/10.2.1/../../../../arm-none-eabi/lib/thumb/v7e-m/nofp\libg.a(lib_a-lock.o)
                0x0001fea4                __retarget_lock_release_recursive
 .text.malloc   0x0001fea8       0x10 c:/program files (x86)/gnu arm embedded toolchain/10 2020-q4-major/bin/../lib/gcc/arm-none-eabi/10.2.1/../../../../arm-none-eabi/lib/thumb/v7e-m/nofp\libg.a(lib_a-malloc.o)
                0x0001fea8                malloc
 .text.free     0x0001feb8       0x10 c:/program files (x86)/gnu arm embedded toolchain/10 2020-q4-major/bin/../lib/gcc/arm-none-eabi/10.2.1/../../../../arm-none-eabi/lib/thumb/v7e-m/nofp\libg.a(lib_a-malloc.o)
                0x0001feb8                free
 .text._malloc_r
                0x0001fec8      0x560 c:/program files (x86)/gnu arm embedded toolchain/10 2020-q4-major/bin/../lib/gcc/arm-none-eabi/10.2.1/../../../../arm-none-eabi/lib/thumb/v7e-m/nofp\libg.a(lib_a-mallocr.o)
                0x0001fec8                _malloc_r
 *fill*         0x00020428        0x8 ff
 .text          0x00020430       0xa0 c:/program files (x86)/gnu arm embedded toolchain/10 2020-q4-major/bin/../lib/gcc/arm-none-eabi/10.2.1/../../../../arm-none-eabi/lib/thumb/v7e-m/nofp\libg.a(lib_a-memchr.o)
                0x00020430                memchr
 .text.memcmp   0x000204d0       0x68 c:/program files (x86)/gnu arm embedded toolchain/10 2020-q4-major/bin/../lib/gcc/arm-none-eabi/10.2.1/../../../../arm-none-eabi/lib/thumb/v7e-m/nofp\libg.a(lib_a-memcmp.o)
                0x000204d0                memcmp
 .text          0x00020538      0x134 c:/program files (x86)/gnu arm embedded toolchain/10 2020-q4-major/bin/../lib/gcc/arm-none-eabi/10.2.1/../../../../arm-none-eabi/lib/thumb/v7e-m/nofp\libg.a(lib_a-memcpy.o)
                0x00020538                memcpy
 .text.memmove  0x0002066c       0xf8 c:/program files (x86)/gnu arm embedded toolchain/10 2020-q4-major/bin/../lib/gcc/arm-none-eabi/10.2.1/../../../../arm-none-eabi/lib/thumb/v7e-m/nofp\libg.a(lib_a-memmove.o)
                0x0002066c                memmove
 .text.memset   0x00020764       0xa4 c:/program files (x86)/gnu arm embedded toolchain/10 2020-q4-major/bin/../lib/gcc/arm-none-eabi/10.2.1/../../../../arm-none-eabi/lib/thumb/v7e-m/nofp\libg.a(lib_a-memset.o)
                0x00020764                memset
 .text.__malloc_lock
                0x00020808        0xc c:/program files (x86)/gnu arm embedded toolchain/10 2020-q4-major/bin/../lib/gcc/arm-none-eabi/10.2.1/../../../../arm-none-eabi/lib/thumb/v7e-m/nofp\libg.a(lib_a-mlock.o)
                0x00020808                __malloc_lock
 .text.__malloc_unlock